Archive member included to satisfy reference by file (symbol)

C:/ST/STM32CubeIDE_1.16.1/STM32CubeIDE/plugins/com.st.stm32cube.ide.mcu.externaltools.gnu-tools-for-stm32.12.3.rel1.win32_1.0.200.202406191623/tools/bin/../lib/gcc/arm-none-eabi/12.3.1/../../../../arm-none-eabi/lib/thumb/v7e-m+fp/hard\libc_nano.a(libc_a-exit.o)
                              C:/ST/STM32CubeIDE_1.16.1/STM32CubeIDE/plugins/com.st.stm32cube.ide.mcu.externaltools.gnu-tools-for-stm32.12.3.rel1.win32_1.0.200.202406191623/tools/bin/../lib/gcc/arm-none-eabi/12.3.1/../../../../arm-none-eabi/lib/thumb/v7e-m+fp/hard/crt0.o (exit)
C:/ST/STM32CubeIDE_1.16.1/STM32CubeIDE/plugins/com.st.stm32cube.ide.mcu.externaltools.gnu-tools-for-stm32.12.3.rel1.win32_1.0.200.202406191623/tools/bin/../lib/gcc/arm-none-eabi/12.3.1/../../../../arm-none-eabi/lib/thumb/v7e-m+fp/hard\libc_nano.a(libc_a-findfp.o)
                              C:/ST/STM32CubeIDE_1.16.1/STM32CubeIDE/plugins/com.st.stm32cube.ide.mcu.externaltools.gnu-tools-for-stm32.12.3.rel1.win32_1.0.200.202406191623/tools/bin/../lib/gcc/arm-none-eabi/12.3.1/../../../../arm-none-eabi/lib/thumb/v7e-m+fp/hard\libc_nano.a(libc_a-exit.o) (__stdio_exit_handler)
C:/ST/STM32CubeIDE_1.16.1/STM32CubeIDE/plugins/com.st.stm32cube.ide.mcu.externaltools.gnu-tools-for-stm32.12.3.rel1.win32_1.0.200.202406191623/tools/bin/../lib/gcc/arm-none-eabi/12.3.1/../../../../arm-none-eabi/lib/thumb/v7e-m+fp/hard\libc_nano.a(libc_a-fwalk.o)
                              C:/ST/STM32CubeIDE_1.16.1/STM32CubeIDE/plugins/com.st.stm32cube.ide.mcu.externaltools.gnu-tools-for-stm32.12.3.rel1.win32_1.0.200.202406191623/tools/bin/../lib/gcc/arm-none-eabi/12.3.1/../../../../arm-none-eabi/lib/thumb/v7e-m+fp/hard\libc_nano.a(libc_a-findfp.o) (_fwalk_sglue)
C:/ST/STM32CubeIDE_1.16.1/STM32CubeIDE/plugins/com.st.stm32cube.ide.mcu.externaltools.gnu-tools-for-stm32.12.3.rel1.win32_1.0.200.202406191623/tools/bin/../lib/gcc/arm-none-eabi/12.3.1/../../../../arm-none-eabi/lib/thumb/v7e-m+fp/hard\libc_nano.a(libc_a-sprintf.o)
                              ./Application/User/Core/main.o (sprintf)
C:/ST/STM32CubeIDE_1.16.1/STM32CubeIDE/plugins/com.st.stm32cube.ide.mcu.externaltools.gnu-tools-for-stm32.12.3.rel1.win32_1.0.200.202406191623/tools/bin/../lib/gcc/arm-none-eabi/12.3.1/../../../../arm-none-eabi/lib/thumb/v7e-m+fp/hard\libc_nano.a(libc_a-stdio.o)
                              C:/ST/STM32CubeIDE_1.16.1/STM32CubeIDE/plugins/com.st.stm32cube.ide.mcu.externaltools.gnu-tools-for-stm32.12.3.rel1.win32_1.0.200.202406191623/tools/bin/../lib/gcc/arm-none-eabi/12.3.1/../../../../arm-none-eabi/lib/thumb/v7e-m+fp/hard\libc_nano.a(libc_a-findfp.o) (__sread)
C:/ST/STM32CubeIDE_1.16.1/STM32CubeIDE/plugins/com.st.stm32cube.ide.mcu.externaltools.gnu-tools-for-stm32.12.3.rel1.win32_1.0.200.202406191623/tools/bin/../lib/gcc/arm-none-eabi/12.3.1/../../../../arm-none-eabi/lib/thumb/v7e-m+fp/hard\libc_nano.a(libc_a-memset.o)
                              C:/ST/STM32CubeIDE_1.16.1/STM32CubeIDE/plugins/com.st.stm32cube.ide.mcu.externaltools.gnu-tools-for-stm32.12.3.rel1.win32_1.0.200.202406191623/tools/bin/../lib/gcc/arm-none-eabi/12.3.1/../../../../arm-none-eabi/lib/thumb/v7e-m+fp/hard/crt0.o (memset)
C:/ST/STM32CubeIDE_1.16.1/STM32CubeIDE/plugins/com.st.stm32cube.ide.mcu.externaltools.gnu-tools-for-stm32.12.3.rel1.win32_1.0.200.202406191623/tools/bin/../lib/gcc/arm-none-eabi/12.3.1/../../../../arm-none-eabi/lib/thumb/v7e-m+fp/hard\libc_nano.a(libc_a-closer.o)
                              C:/ST/STM32CubeIDE_1.16.1/STM32CubeIDE/plugins/com.st.stm32cube.ide.mcu.externaltools.gnu-tools-for-stm32.12.3.rel1.win32_1.0.200.202406191623/tools/bin/../lib/gcc/arm-none-eabi/12.3.1/../../../../arm-none-eabi/lib/thumb/v7e-m+fp/hard\libc_nano.a(libc_a-stdio.o) (_close_r)
C:/ST/STM32CubeIDE_1.16.1/STM32CubeIDE/plugins/com.st.stm32cube.ide.mcu.externaltools.gnu-tools-for-stm32.12.3.rel1.win32_1.0.200.202406191623/tools/bin/../lib/gcc/arm-none-eabi/12.3.1/../../../../arm-none-eabi/lib/thumb/v7e-m+fp/hard\libc_nano.a(libc_a-reent.o)
                              C:/ST/STM32CubeIDE_1.16.1/STM32CubeIDE/plugins/com.st.stm32cube.ide.mcu.externaltools.gnu-tools-for-stm32.12.3.rel1.win32_1.0.200.202406191623/tools/bin/../lib/gcc/arm-none-eabi/12.3.1/../../../../arm-none-eabi/lib/thumb/v7e-m+fp/hard\libc_nano.a(libc_a-closer.o) (errno)
C:/ST/STM32CubeIDE_1.16.1/STM32CubeIDE/plugins/com.st.stm32cube.ide.mcu.externaltools.gnu-tools-for-stm32.12.3.rel1.win32_1.0.200.202406191623/tools/bin/../lib/gcc/arm-none-eabi/12.3.1/../../../../arm-none-eabi/lib/thumb/v7e-m+fp/hard\libc_nano.a(libc_a-impure.o)
                              C:/ST/STM32CubeIDE_1.16.1/STM32CubeIDE/plugins/com.st.stm32cube.ide.mcu.externaltools.gnu-tools-for-stm32.12.3.rel1.win32_1.0.200.202406191623/tools/bin/../lib/gcc/arm-none-eabi/12.3.1/../../../../arm-none-eabi/lib/thumb/v7e-m+fp/hard\libc_nano.a(libc_a-sprintf.o) (_impure_ptr)
[...]
Memory Configuration

Name             Origin             Length             Attributes
CCMRAM           0x10000000         0x00010000         xrw
RAM              0x20000000         0x00020000         xrw
FLASH            0x08000000         0x00100000         xr
*default*        0x00000000         0xffffffff

Linker script and memory map

LOAD C:/ST/STM32CubeIDE_1.16.1/STM32CubeIDE/plugins/com.st.stm32cube.ide.mcu.externaltools.gnu-tools-for-stm32.12.3.rel1.win32_1.0.200.202406191623/tools/bin/../lib/gcc/arm-none-eabi/12.3.1/thumb/v7e-m+fp/hard/crti.o
LOAD C:/ST/STM32CubeIDE_1.16.1/STM32CubeIDE/plugins/com.st.stm32cube.ide.mcu.externaltools.gnu-tools-for-stm32.12.3.rel1.win32_1.0.200.202406191623/tools/bin/../lib/gcc/arm-none-eabi/12.3.1/thumb/v7e-m+fp/hard/crtbegin.o
LOAD C:/ST/STM32CubeIDE_1.16.1/STM32CubeIDE/plugins/com.st.stm32cube.ide.mcu.externaltools.gnu-tools-for-stm32.12.3.rel1.win32_1.0.200.202406191623/tools/bin/../lib/gcc/arm-none-eabi/12.3.1/../../../../arm-none-eabi/lib/thumb/v7e-m+fp/hard/crt0.o
LOAD ./Application/User/Core/main.o
LOAD ./Application/User/Core/mcb_prtcl.o
LOAD ./Application/User/Core/stm32f4xx_hal_msp.o
LOAD ./Application/User/Core/stm32f4xx_it.o
LOAD ./Application/User/Core/syscalls.o
LOAD ./Application/User/Core/sysmem.o
LOAD ./Application/User/Startup/startup_stm32f405rgtx.o
LOAD ./Application/User/USB_DEVICE/App/usb_device.o
LOAD ./Application/User/USB_DEVICE/App/usbd_cdc_if.o
LOAD ./Application/User/USB_DEVICE/App/usbd_desc.o
LOAD ./Application/User/USB_DEVICE/Target/usbd_conf.o
LOAD ./Drivers/CMSIS/system_stm32f4xx.o
LOAD ./Drivers/STM32F4xx_HAL_Driver/stm32f4xx_hal.o
LOAD ./Drivers/STM32F4xx_HAL_Driver/stm32f4xx_hal_can.o
LOAD ./Drivers/STM32F4xx_HAL_Driver/stm32f4xx_hal_cortex.o
LOAD ./Drivers/STM32F4xx_HAL_Driver/stm32f4xx_hal_dma.o
LOAD ./Drivers/STM32F4xx_HAL_Driver/stm32f4xx_hal_dma_ex.o
LOAD ./Drivers/STM32F4xx_HAL_Driver/stm32f4xx_hal_exti.o
LOAD ./Drivers/STM32F4xx_HAL_Driver/stm32f4xx_hal_flash.o
LOAD ./Drivers/STM32F4xx_HAL_Driver/stm32f4xx_hal_flash_ex.o
LOAD ./Drivers/STM32F4xx_HAL_Driver/stm32f4xx_hal_flash_ramfunc.o
LOAD ./Drivers/STM32F4xx_HAL_Driver/stm32f4xx_hal_gpio.o
LOAD ./Drivers/STM32F4xx_HAL_Driver/stm32f4xx_hal_pcd.o
LOAD ./Drivers/STM32F4xx_HAL_Driver/stm32f4xx_hal_pcd_ex.o
LOAD ./Drivers/STM32F4xx_HAL_Driver/stm32f4xx_hal_pwr.o
LOAD ./Drivers/STM32F4xx_HAL_Driver/stm32f4xx_hal_pwr_ex.o
LOAD ./Drivers/STM32F4xx_HAL_Driver/stm32f4xx_hal_rcc.o
LOAD ./Drivers/STM32F4xx_HAL_Driver/stm32f4xx_hal_rcc_ex.o
LOAD ./Drivers/STM32F4xx_HAL_Driver/stm32f4xx_hal_spi.o
LOAD ./Drivers/STM32F4xx_HAL_Driver/stm32f4xx_hal_tim.o
LOAD ./Drivers/STM32F4xx_HAL_Driver/stm32f4xx_hal_tim_ex.o
LOAD ./Drivers/STM32F4xx_HAL_Driver/stm32f4xx_hal_uart.o
LOAD ./Drivers/STM32F4xx_HAL_Driver/stm32f4xx_ll_usb.o
LOAD ./Middlewares/USB_Device_Library/usbd_cdc.o
LOAD ./Middlewares/USB_Device_Library/usbd_core.o
LOAD ./Middlewares/USB_Device_Library/usbd_ctlreq.o
LOAD ./Middlewares/USB_Device_Library/usbd_ioreq.o
START GROUP
LOAD C:/ST/STM32CubeIDE_1.16.1/STM32CubeIDE/plugins/com.st.stm32cube.ide.mcu.externaltools.gnu-tools-for-stm32.12.3.rel1.win32_1.0.200.202406191623/tools/bin/../lib/gcc/arm-none-eabi/12.3.1/../../../../arm-none-eabi/lib/thumb/v7e-m+fp/hard\libc_nano.a
LOAD C:/ST/STM32CubeIDE_1.16.1/STM32CubeIDE/plugins/com.st.stm32cube.ide.mcu.externaltools.gnu-tools-for-stm32.12.3.rel1.win32_1.0.200.202406191623/tools/bin/../lib/gcc/arm-none-eabi/12.3.1/../../../../arm-none-eabi/lib/thumb/v7e-m+fp/hard\libm.a
END GROUP
START GROUP
LOAD C:/ST/STM32CubeIDE_1.16.1/STM32CubeIDE/plugins/com.st.stm32cube.ide.mcu.externaltools.gnu-tools-for-stm32.12.3.rel1.win32_1.0.200.202406191623/tools/bin/../lib/gcc/arm-none-eabi/12.3.1/thumb/v7e-m+fp/hard\libgcc.a
LOAD C:/ST/STM32CubeIDE_1.16.1/STM32CubeIDE/plugins/com.st.stm32cube.ide.mcu.externaltools.gnu-tools-for-stm32.12.3.rel1.win32_1.0.200.202406191623/tools/bin/../lib/gcc/arm-none-eabi/12.3.1/../../../../arm-none-eabi/lib/thumb/v7e-m+fp/hard\libc_nano.a
END GROUP
START GROUP
LOAD C:/ST/STM32CubeIDE_1.16.1/STM32CubeIDE/plugins/com.st.stm32cube.ide.mcu.externaltools.gnu-tools-for-stm32.12.3.rel1.win32_1.0.200.202406191623/tools/bin/../lib/gcc/arm-none-eabi/12.3.1/thumb/v7e-m+fp/hard\libgcc.a
LOAD C:/ST/STM32CubeIDE_1.16.1/STM32CubeIDE/plugins/com.st.stm32cube.ide.mcu.externaltools.gnu-tools-for-stm32.12.3.rel1.win32_1.0.200.202406191623/tools/bin/../lib/gcc/arm-none-eabi/12.3.1/../../../../arm-none-eabi/lib/thumb/v7e-m+fp/hard\libc_nano.a
LOAD C:/ST/STM32CubeIDE_1.16.1/STM32CubeIDE/plugins/com.st.stm32cube.ide.mcu.externaltools.gnu-tools-for-stm32.12.3.rel1.win32_1.0.200.202406191623/tools/bin/../lib/gcc/arm-none-eabi/12.3.1/../../../../arm-none-eabi/lib/thumb/v7e-m+fp/hard\libnosys.a
END GROUP
START GROUP
LOAD C:/ST/STM32CubeIDE_1.16.1/STM32CubeIDE/plugins/com.st.stm32cube.ide.mcu.externaltools.gnu-tools-for-stm32.12.3.rel1.win32_1.0.200.202406191623/tools/bin/../lib/gcc/arm-none-eabi/12.3.1/thumb/v7e-m+fp/hard\libgcc.a
LOAD C:/ST/STM32CubeIDE_1.16.1/STM32CubeIDE/plugins/com.st.stm32cube.ide.mcu.externaltools.gnu-tools-for-stm32.12.3.rel1.win32_1.0.200.202406191623/tools/bin/../lib/gcc/arm-none-eabi/12.3.1/../../../../arm-none-eabi/lib/thumb/v7e-m+fp/hard\libc_nano.a
LOAD C:/ST/STM32CubeIDE_1.16.1/STM32CubeIDE/plugins/com.st.stm32cube.ide.mcu.externaltools.gnu-tools-for-stm32.12.3.rel1.win32_1.0.200.202406191623/tools/bin/../lib/gcc/arm-none-eabi/12.3.1/../../../../arm-none-eabi/lib/thumb/v7e-m+fp/hard\libnosys.a
END GROUP
LOAD C:/ST/STM32CubeIDE_1.16.1/STM32CubeIDE/plugins/com.st.stm32cube.ide.mcu.externaltools.gnu-tools-for-stm32.12.3.rel1.win32_1.0.200.202406191623/tools/bin/../lib/gcc/arm-none-eabi/12.3.1/thumb/v7e-m+fp/hard/crtend.o
LOAD C:/ST/STM32CubeIDE_1.16.1/STM32CubeIDE/plugins/com.st.stm32cube.ide.mcu.externaltools.gnu-tools-for-stm32.12.3.rel1.win32_1.0.200.202406191623/tools/bin/../lib/gcc/arm-none-eabi/12.3.1/thumb/v7e-m+fp/hard/crtn.o
                0x20020000                        _estack = (ORIGIN (RAM) + LENGTH (RAM))
                0x00000200                        _Min_Heap_Size = 0x200
                0x00000400                        _Min_Stack_Size = 0x400

.isr_vector     0x08000000      0x188
                0x08000000                        . = ALIGN (0x4)
 *(.isr_vector)
 .isr_vector    0x08000000      0x188 ./Application/User/Startup/startup_stm32f405rgtx.o
                0x08000000                g_pfnVectors
                0x08000188                        . = ALIGN (0x4)

.text           0x08000190     0xd234
                0x08000190                        . = ALIGN (0x4)
 *(.text)
 .text          0x08000190       0x40 C:/ST/STM32CubeIDE_1.16.1/STM32CubeIDE/plugins/com.st.stm32cube.ide.mcu.externaltools.gnu-tools-for-stm32.12.3.rel1.win32_1.0.200.202406191623/tools/bin/../lib/gcc/arm-none-eabi/12.3.1/thumb/v7e-m+fp/hard/crtbegin.o
 .text          0x080001d0       0x10 C:/ST/STM32CubeIDE_1.16.1/STM32CubeIDE/plugins/com.st.stm32cube.ide.mcu.externaltools.gnu-tools-for-stm32.12.3.rel1.win32_1.0.200.202406191623/tools/bin/../lib/gcc/arm-none-eabi/12.3.1/../../../../arm-none-eabi/lib/thumb/v7e-m+fp/hard\libc_nano.a(libc_a-strlen.o)
                0x080001d0                strlen
 .text          0x080001e0       0xa0 C:/ST/STM32CubeIDE_1.16.1/STM32CubeIDE/plugins/com.st.stm32cube.ide.mcu.externaltools.gnu-tools-for-stm32.12.3.rel1.win32_1.0.200.202406191623/tools/bin/../lib/gcc/arm-none-eabi/12.3.1/../../../../arm-none-eabi/lib/thumb/v7e-m+fp/hard\libc_nano.a(libc_a-memchr.o)
                0x080001e0                memchr
 .text          0x08000280       0x30 C:/ST/STM32CubeIDE_1.16.1/STM32CubeIDE/plugins/com.st.stm32cube.ide.mcu.externaltools.gnu-tools-for-stm32.12.3.rel1.win32_1.0.200.202406191623/tools/bin/../lib/gcc/arm-none-eabi/12.3.1/thumb/v7e-m+fp/hard\libgcc.a(_aeabi_uldivmod.o)
                0x08000280                __aeabi_uldivmod
 .text          0x080002b0      0x2bc C:/ST/STM32CubeIDE_1.16.1/STM32CubeIDE/plugins/com.st.stm32cube.ide.mcu.externaltools.gnu-tools-for-stm32.12.3.rel1.win32_1.0.200.202406191623/tools/bin/../lib/gcc/arm-none-eabi/12.3.1/thumb/v7e-m+fp/hard\libgcc.a(_udivmoddi4.o)
                0x080002b0                __udivmoddi4
 .text          0x0800056c        0x4 C:/ST/STM32CubeIDE_1.16.1/STM32CubeIDE/plugins/com.st.stm32cube.ide.mcu.externaltools.gnu-tools-for-stm32.12.3.rel1.win32_1.0.200.202406191623/tools/bin/../lib/gcc/arm-none-eabi/12.3.1/thumb/v7e-m+fp/hard\libgcc.a(_dvmd_tls.o)
                0x0800056c                __aeabi_idiv0
                0x0800056c                __aeabi_ldiv0
 *(.text*)
 .text.main     0x08000570      0x120 ./Application/User/Core/main.o
                0x08000570                main
 .text.SystemClock_Config
                0x08000690       0xd4 ./Application/User/Core/main.o
                0x08000690                SystemClock_Config
 .text.MX_CAN2_Init
                0x08000764       0x98 ./Application/User/Core/main.o
 .text.MX_SPI1_Init
                0x080007fc       0x70 ./Application/User/Core/main.o
 .text.MX_TIM2_Init
                0x0800086c       0xe4 ./Application/User/Core/main.o
 .text.MX_UART4_Init
                0x08000950       0x58 ./Application/User/Core/main.o
 .text.MX_GPIO_Init
                0x080009a8      0x184 ./Application/User/Core/main.o
 .text.HAL_SPI_TxRxCpltCallback
                0x08000b2c       0x78 ./Application/User/Core/main.o
                0x08000b2c                HAL_SPI_TxRxCpltCallback
 .text.HAL_UART_RxCpltCallback
                0x08000ba4       0x34 ./Application/User/Core/main.o
                0x08000ba4                HAL_UART_RxCpltCallback
 .text.HAL_TIM_OC_DelayElapsedCallback
                0x08000bd8       0x6c ./Application/User/Core/main.o
                0x08000bd8                HAL_TIM_OC_DelayElapsedCallback
 .text.HAL_CAN_RxFifo0MsgPendingCallback
                0x08000c44       0x88 ./Application/User/Core/main.o
                0x08000c44                HAL_CAN_RxFifo0MsgPendingCallback
 .text.Error_Handler
                0x08000ccc        0xc ./Application/User/Core/main.o
                0x08000ccc                Error_Handler
 .text.assert_failed
                0x08000cd8       0x16 ./Application/User/Core/main.o
                0x08000cd8                assert_failed
 *fill*         0x08000cee        0x2 
 .text.HAL_MspInit
                0x08000cf0       0x8c ./Application/User/Core/stm32f4xx_hal_msp.o
                0x08000cf0                HAL_MspInit
 .text.HAL_CAN_MspInit
                0x08000d7c       0xec ./Application/User/Core/stm32f4xx_hal_msp.o
                0x08000d7c                HAL_CAN_MspInit
 .text.HAL_SPI_MspInit
                0x08000e68       0xa0 ./Application/User/Core/stm32f4xx_hal_msp.o
                0x08000e68                HAL_SPI_MspInit
 .text.HAL_TIM_Base_MspInit
                0x08000f08       0x4c ./Application/User/Core/stm32f4xx_hal_msp.o
                0x08000f08                HAL_TIM_Base_MspInit
 .text.HAL_UART_MspInit
                0x08000f54       0xc4 ./Application/User/Core/stm32f4xx_hal_msp.o
                0x08000f54                HAL_UART_MspInit
 .text.NMI_Handler
                0x08001018        0x8 ./Application/User/Core/stm32f4xx_it.o
                0x08001018                NMI_Handler
 .text.HardFault_Handler
                0x08001020        0x8 ./Application/User/Core/stm32f4xx_it.o
                0x08001020                HardFault_Handler
 .text.MemManage_Handler
                0x08001028        0x8 ./Application/User/Core/stm32f4xx_it.o
                0x08001028                MemManage_Handler
 .text.BusFault_Handler
                0x08001030        0x8 ./Application/User/Core/stm32f4xx_it.o
                0x08001030                BusFault_Handler
 .text.UsageFault_Handler
                0x08001038        0x8 ./Application/User/Core/stm32f4xx_it.o
                0x08001038                UsageFault_Handler
 .text.SVC_Handler
                0x08001040        0xe ./Application/User/Core/stm32f4xx_it.o
                0x08001040                SVC_Handler
 .text.DebugMon_Handler
                0x0800104e        0xe ./Application/User/Core/stm32f4xx_it.o
                0x0800104e                DebugMon_Handler
 .text.PendSV_Handler
                0x0800105c        0xe ./Application/User/Core/stm32f4xx_it.o
                0x0800105c                PendSV_Handler
 .text.SysTick_Handler
                0x0800106a        0xc ./Application/User/Core/stm32f4xx_it.o
                0x0800106a                SysTick_Handler
 .text.PVD_IRQHandler
                0x08001076        0xc ./Application/User/Core/stm32f4xx_it.o
                0x08001076                PVD_IRQHandler
 .text.FLASH_IRQHandler
                0x08001082        0xc ./Application/User/Core/stm32f4xx_it.o
                0x08001082                FLASH_IRQHandler
 .text.RCC_IRQHandler
                0x0800108e        0xe ./Application/User/Core/stm32f4xx_it.o
                0x0800108e                RCC_IRQHandler
 .text.EXTI0_IRQHandler
                0x0800109c        0xe ./Application/User/Core/stm32f4xx_it.o
                0x0800109c                EXTI0_IRQHandler
 .text.EXTI9_5_IRQHandler
                0x080010aa        0xe ./Application/User/Core/stm32f4xx_it.o
                0x080010aa                EXTI9_5_IRQHandler
 .text.TIM2_IRQHandler
                0x080010b8       0x14 ./Application/User/Core/stm32f4xx_it.o
                0x080010b8                TIM2_IRQHandler
 .text.SPI1_IRQHandler
                0x080010cc       0x14 ./Application/User/Core/stm32f4xx_it.o
                0x080010cc                SPI1_IRQHandler
 .text.UART4_IRQHandler
                0x080010e0       0x14 ./Application/User/Core/stm32f4xx_it.o
                0x080010e0                UART4_IRQHandler
 .text.CAN2_TX_IRQHandler
                0x080010f4       0x14 ./Application/User/Core/stm32f4xx_it.o
                0x080010f4                CAN2_TX_IRQHandler
 .text.CAN2_RX0_IRQHandler
                0x08001108       0x14 ./Application/User/Core/stm32f4xx_it.o
                0x08001108                CAN2_RX0_IRQHandler
 .text.CAN2_RX1_IRQHandler
                0x0800111c       0x14 ./Application/User/Core/stm32f4xx_it.o
                0x0800111c                CAN2_RX1_IRQHandler
 .text.CAN2_SCE_IRQHandler
                0x08001130       0x14 ./Application/User/Core/stm32f4xx_it.o
                0x08001130                CAN2_SCE_IRQHandler
 .text.OTG_FS_IRQHandler
                0x08001144       0x14 ./Application/User/Core/stm32f4xx_it.o
                0x08001144                OTG_FS_IRQHandler
 .text.FPU_IRQHandler
                0x08001158        0xe ./Application/User/Core/stm32f4xx_it.o
                0x08001158                FPU_IRQHandler
 *fill*         0x08001166        0x2 
 .text._sbrk    0x08001168       0x6c ./Application/User/Core/sysmem.o
                0x08001168                _sbrk
 .text.Reset_Handler
                0x080011d4       0x50 ./Application/User/Startup/startup_stm32f405rgtx.o
                0x080011d4                Reset_Handler
 .text.Default_Handler
                0x08001224        0x2 ./Application/User/Startup/startup_stm32f405rgtx.o
                0x08001224                RTC_Alarm_IRQHandler
                0x08001224                HASH_RNG_IRQHandler
                0x08001224                EXTI2_IRQHandler
                0x08001224                TIM8_CC_IRQHandler
                0x08001224                TIM1_CC_IRQHandler
                0x08001224                DMA2_Stream5_IRQHandler
                0x08001224                DMA1_Stream5_IRQHandler
                0x08001224                SDIO_IRQHandler
                0x08001224                TAMP_STAMP_IRQHandler
                0x08001224                EXTI3_IRQHandler
                0x08001224                TIM8_TRG_COM_TIM14_IRQHandler
                0x08001224                TIM1_UP_TIM10_IRQHandler
                0x08001224                TIM8_UP_TIM13_IRQHandler
                0x08001224                I2C3_ER_IRQHandler
                0x08001224                I2C2_EV_IRQHandler
                0x08001224                DMA1_Stream2_IRQHandler
                0x08001224                CAN1_RX0_IRQHandler
                0x08001224                OTG_HS_WKUP_IRQHandler
                0x08001224                DMA2_Stream2_IRQHandler
                0x08001224                TIM6_DAC_IRQHandler
                0x08001224                TIM1_BRK_TIM9_IRQHandler
                0x08001224                DMA2_Stream3_IRQHandler
                0x08001224                USART6_IRQHandler
                0x08001224                USART3_IRQHandler
                0x08001224                CAN1_RX1_IRQHandler
                0x08001224                UART5_IRQHandler
                0x08001224                DMA2_Stream0_IRQHandler
                0x08001224                TIM4_IRQHandler
                0x08001224                I2C1_EV_IRQHandler
                0x08001224                DMA1_Stream6_IRQHandler
                0x08001224                DMA1_Stream1_IRQHandler
                0x08001224                TIM3_IRQHandler
                0x08001224                TIM8_BRK_TIM12_IRQHandler
                0x08001224                Default_Handler
                0x08001224                EXTI15_10_IRQHandler
                0x08001224                ADC_IRQHandler
                0x08001224                DMA1_Stream7_IRQHandler
                0x08001224                TIM7_IRQHandler
                0x08001224                TIM5_IRQHandler
                0x08001224                DMA2_Stream7_IRQHandler
                0x08001224                I2C3_EV_IRQHandler
                0x08001224                RTC_WKUP_IRQHandler
                0x08001224                SPI2_IRQHandler
                0x08001224                OTG_HS_EP1_IN_IRQHandler
                0x08001224                DMA1_Stream0_IRQHandler
                0x08001224                CAN1_TX_IRQHandler
                0x08001224                EXTI4_IRQHandler
                0x08001224                FSMC_IRQHandler
                0x08001224                OTG_HS_EP1_OUT_IRQHandler
                0x08001224                WWDG_IRQHandler
                0x08001224                OTG_FS_WKUP_IRQHandler
                0x08001224                TIM1_TRG_COM_TIM11_IRQHandler
                0x08001224                OTG_HS_IRQHandler
                0x08001224                EXTI1_IRQHandler
                0x08001224                USART2_IRQHandler
                0x08001224                I2C2_ER_IRQHandler
                0x08001224                DMA2_Stream1_IRQHandler
                0x08001224                CAN1_SCE_IRQHandler
                0x08001224                DMA2_Stream4_IRQHandler
                0x08001224                USART1_IRQHandler
                0x08001224                SPI3_IRQHandler
                0x08001224                DMA1_Stream4_IRQHandler
                0x08001224                I2C1_ER_IRQHandler
                0x08001224                DMA2_Stream6_IRQHandler
                0x08001224                DMA1_Stream3_IRQHandler
 *fill*         0x08001226        0x2 
 .text.MX_USB_DEVICE_Init
                0x08001228       0x60 ./Application/User/USB_DEVICE/App/usb_device.o
                0x08001228                MX_USB_DEVICE_Init
 .text.CDC_Init_FS
                0x08001288       0x28 ./Application/User/USB_DEVICE/App/usbd_cdc_if.o
 .text.CDC_DeInit_FS
                0x080012b0       0x10 ./Application/User/USB_DEVICE/App/usbd_cdc_if.o
 .text.CDC_Control_FS
                0x080012c0       0xbc ./Application/User/USB_DEVICE/App/usbd_cdc_if.o
 .text.CDC_Receive_FS
                0x0800137c       0x38 ./Application/User/USB_DEVICE/App/usbd_cdc_if.o
 .text.CDC_Transmit_FS
                0x080013b4       0x4c ./Application/User/USB_DEVICE/App/usbd_cdc_if.o
                0x080013b4                CDC_Transmit_FS
 .text.CDC_TransmitCplt_FS
                0x08001400       0x22 ./Application/User/USB_DEVICE/App/usbd_cdc_if.o
 *fill*         0x08001422        0x2 
 .text.USBD_FS_DeviceDescriptor
                0x08001424       0x24 ./Application/User/USB_DEVICE/App/usbd_desc.o
                0x08001424                USBD_FS_DeviceDescriptor
 .text.USBD_FS_LangIDStrDescriptor
                0x08001448       0x24 ./Application/User/USB_DEVICE/App/usbd_desc.o
                0x08001448                USBD_FS_LangIDStrDescriptor
 .text.USBD_FS_ProductStrDescriptor
                0x0800146c       0x3c ./Application/User/USB_DEVICE/App/usbd_desc.o
                0x0800146c                USBD_FS_ProductStrDescriptor
 .text.USBD_FS_ManufacturerStrDescriptor
                0x080014a8       0x28 ./Application/User/USB_DEVICE/App/usbd_desc.o
                0x080014a8                USBD_FS_ManufacturerStrDescriptor
 .text.USBD_FS_SerialStrDescriptor
                0x080014d0       0x24 ./Application/User/USB_DEVICE/App/usbd_desc.o
                0x080014d0                USBD_FS_SerialStrDescriptor
 .text.USBD_FS_ConfigStrDescriptor
                0x080014f4       0x3c ./Application/User/USB_DEVICE/App/usbd_desc.o
                0x080014f4                USBD_FS_ConfigStrDescriptor
 .text.USBD_FS_InterfaceStrDescriptor
                0x08001530       0x3c ./Application/User/USB_DEVICE/App/usbd_desc.o
                0x08001530                USBD_FS_InterfaceStrDescriptor
 .text.Get_SerialNum
                0x0800156c       0x58 ./Application/User/USB_DEVICE/App/usbd_desc.o
 .text.IntToUnicode
                0x080015c4       0x7e ./Application/User/USB_DEVICE/App/usbd_desc.o
 *fill*         0x08001642        0x2 
 .text.HAL_PCD_MspInit
                0x08001644       0xa8 ./Application/User/USB_DEVICE/Target/usbd_conf.o
                0x08001644                HAL_PCD_MspInit
 .text.HAL_PCD_SetupStageCallback
                0x080016ec       0x24 ./Application/User/USB_DEVICE/Target/usbd_conf.o
                0x080016ec                HAL_PCD_SetupStageCallback
 .text.HAL_PCD_DataOutStageCallback
                0x08001710       0x36 ./Application/User/USB_DEVICE/Target/usbd_conf.o
                0x08001710                HAL_PCD_DataOutStageCallback
 .text.HAL_PCD_DataInStageCallback
                0x08001746       0x34 ./Application/User/USB_DEVICE/Target/usbd_conf.o
                0x08001746                HAL_PCD_DataInStageCallback
 .text.HAL_PCD_SOFCallback
                0x0800177a       0x1c ./Application/User/USB_DEVICE/Target/usbd_conf.o
                0x0800177a                HAL_PCD_SOFCallback
 .text.HAL_PCD_ResetCallback
                0x08001796       0x50 ./Application/User/USB_DEVICE/Target/usbd_conf.o
                0x08001796                HAL_PCD_ResetCallback
 *fill*         0x080017e6        0x2 
 .text.HAL_PCD_SuspendCallback
                0x080017e8       0x4c ./Application/User/USB_DEVICE/Target/usbd_conf.o
                0x080017e8                HAL_PCD_SuspendCallback
 .text.HAL_PCD_ResumeCallback
                0x08001834       0x1c ./Application/User/USB_DEVICE/Target/usbd_conf.o
                0x08001834                HAL_PCD_ResumeCallback
 .text.HAL_PCD_ISOOUTIncompleteCallback
                0x08001850       0x24 ./Application/User/USB_DEVICE/Target/usbd_conf.o
                0x08001850                HAL_PCD_ISOOUTIncompleteCallback
 .text.HAL_PCD_ISOINIncompleteCallback
                0x08001874       0x24 ./Application/User/USB_DEVICE/Target/usbd_conf.o
                0x08001874                HAL_PCD_ISOINIncompleteCallback
 .text.HAL_PCD_ConnectCallback
                0x08001898       0x1c ./Application/User/USB_DEVICE/Target/usbd_conf.o
                0x08001898                HAL_PCD_ConnectCallback
 .text.HAL_PCD_DisconnectCallback
                0x080018b4       0x1c ./Application/User/USB_DEVICE/Target/usbd_conf.o
                0x080018b4                HAL_PCD_DisconnectCallback
 .text.USBD_LL_Init
                0x080018d0       0x98 ./Application/User/USB_DEVICE/Target/usbd_conf.o
                0x080018d0                USBD_LL_Init
 .text.USBD_LL_Start
                0x08001968       0x36 ./Application/User/USB_DEVICE/Target/usbd_conf.o
                0x08001968                USBD_LL_Start
 .text.USBD_LL_OpenEP
                0x0800199e       0x4c ./Application/User/USB_DEVICE/Target/usbd_conf.o
                0x0800199e                USBD_LL_OpenEP
 .text.USBD_LL_CloseEP
                0x080019ea       0x3e ./Application/User/USB_DEVICE/Target/usbd_conf.o
                0x080019ea                USBD_LL_CloseEP
 .text.USBD_LL_StallEP
                0x08001a28       0x3e ./Application/User/USB_DEVICE/Target/usbd_conf.o
                0x08001a28                USBD_LL_StallEP
 .text.USBD_LL_ClearStallEP
                0x08001a66       0x3e ./Application/User/USB_DEVICE/Target/usbd_conf.o
                0x08001a66                USBD_LL_ClearStallEP
 .text.USBD_LL_IsStallEP
                0x08001aa4       0x58 ./Application/User/USB_DEVICE/Target/usbd_conf.o
                0x08001aa4                USBD_LL_IsStallEP
 .text.USBD_LL_SetUSBAddress
                0x08001afc       0x3e ./Application/User/USB_DEVICE/Target/usbd_conf.o
                0x08001afc                USBD_LL_SetUSBAddress
 .text.USBD_LL_Transmit
                0x08001b3a       0x42 ./Application/User/USB_DEVICE/Target/usbd_conf.o
                0x08001b3a                USBD_LL_Transmit
 .text.USBD_LL_PrepareReceive
                0x08001b7c       0x42 ./Application/User/USB_DEVICE/Target/usbd_conf.o
                0x08001b7c                USBD_LL_PrepareReceive
 .text.USBD_LL_GetRxDataSize
                0x08001bbe       0x26 ./Application/User/USB_DEVICE/Target/usbd_conf.o
                0x08001bbe                USBD_LL_GetRxDataSize
 .text.USBD_static_malloc
                0x08001be4       0x1c ./Application/User/USB_DEVICE/Target/usbd_conf.o
                0x08001be4                USBD_static_malloc
 .text.USBD_static_free
                0x08001c00       0x14 ./Application/User/USB_DEVICE/Target/usbd_conf.o
                0x08001c00                USBD_static_free
 .text.USBD_Get_USB_Status
                0x08001c14       0x58 ./Application/User/USB_DEVICE/Target/usbd_conf.o
                0x08001c14                USBD_Get_USB_Status
 .text.SystemInit
                0x08001c6c       0x24 ./Drivers/CMSIS/system_stm32f4xx.o
                0x08001c6c                SystemInit
 .text.HAL_Init
                0x08001c90       0x44 ./Drivers/STM32F4xx_HAL_Driver/stm32f4xx_hal.o
                0x08001c90                HAL_Init
 .text.HAL_InitTick
                0x08001cd4       0x60 ./Drivers/STM32F4xx_HAL_Driver/stm32f4xx_hal.o
                0x08001cd4                HAL_InitTick
 .text.HAL_IncTick
                0x08001d34       0x28 ./Drivers/STM32F4xx_HAL_Driver/stm32f4xx_hal.o
                0x08001d34                HAL_IncTick
 .text.HAL_GetTick
                0x08001d5c       0x18 ./Drivers/STM32F4xx_HAL_Driver/stm32f4xx_hal.o
                0x08001d5c                HAL_GetTick
 .text.HAL_Delay
                0x08001d74       0x48 ./Drivers/STM32F4xx_HAL_Driver/stm32f4xx_hal.o
                0x08001d74                HAL_Delay
 .text.HAL_CAN_Init
                0x08001dbc      0x43c ./Drivers/STM32F4xx_HAL_Driver/stm32f4xx_hal_can.o
                0x08001dbc                HAL_CAN_Init
 .text.HAL_CAN_Start
                0x080021f8       0x88 ./Drivers/STM32F4xx_HAL_Driver/stm32f4xx_hal_can.o
                0x080021f8                HAL_CAN_Start
 .text.HAL_CAN_AddTxMessage
                0x08002280      0x234 ./Drivers/STM32F4xx_HAL_Driver/stm32f4xx_hal_can.o
                0x08002280                HAL_CAN_AddTxMessage
 .text.HAL_CAN_GetRxMessage
                0x080024b4      0x25c ./Drivers/STM32F4xx_HAL_Driver/stm32f4xx_hal_can.o
                0x080024b4                HAL_CAN_GetRxMessage
 .text.HAL_CAN_ActivateNotification
                0x08002710       0x64 ./Drivers/STM32F4xx_HAL_Driver/stm32f4xx_hal_can.o
                0x08002710                HAL_CAN_ActivateNotification
 .text.HAL_CAN_IRQHandler
                0x08002774      0x36e ./Drivers/STM32F4xx_HAL_Driver/stm32f4xx_hal_can.o
                0x08002774                HAL_CAN_IRQHandler
 .text.HAL_CAN_TxMailbox0CompleteCallback
                0x08002ae2       0x14 ./Drivers/STM32F4xx_HAL_Driver/stm32f4xx_hal_can.o
                0x08002ae2                HAL_CAN_TxMailbox0CompleteCallback
 .text.HAL_CAN_TxMailbox1CompleteCallback
                0x08002af6       0x14 ./Drivers/STM32F4xx_HAL_Driver/stm32f4xx_hal_can.o
                0x08002af6                HAL_CAN_TxMailbox1CompleteCallback
 .text.HAL_CAN_TxMailbox2CompleteCallback
                0x08002b0a       0x14 ./Drivers/STM32F4xx_HAL_Driver/stm32f4xx_hal_can.o
                0x08002b0a                HAL_CAN_TxMailbox2CompleteCallback
 .text.HAL_CAN_TxMailbox0AbortCallback
                0x08002b1e       0x14 ./Drivers/STM32F4xx_HAL_Driver/stm32f4xx_hal_can.o
                0x08002b1e                HAL_CAN_TxMailbox0AbortCallback
 .text.HAL_CAN_TxMailbox1AbortCallback
                0x08002b32       0x14 ./Drivers/STM32F4xx_HAL_Driver/stm32f4xx_hal_can.o
                0x08002b32                HAL_CAN_TxMailbox1AbortCallback
 .text.HAL_CAN_TxMailbox2AbortCallback
                0x08002b46       0x14 ./Drivers/STM32F4xx_HAL_Driver/stm32f4xx_hal_can.o
                0x08002b46                HAL_CAN_TxMailbox2AbortCallback
 .text.HAL_CAN_RxFifo0FullCallback
                0x08002b5a       0x14 ./Drivers/STM32F4xx_HAL_Driver/stm32f4xx_hal_can.o
                0x08002b5a                HAL_CAN_RxFifo0FullCallback
 .text.HAL_CAN_RxFifo1MsgPendingCallback
                0x08002b6e       0x14 ./Drivers/STM32F4xx_HAL_Driver/stm32f4xx_hal_can.o
                0x08002b6e                HAL_CAN_RxFifo1MsgPendingCallback
 .text.HAL_CAN_RxFifo1FullCallback
                0x08002b82       0x14 ./Drivers/STM32F4xx_HAL_Driver/stm32f4xx_hal_can.o
                0x08002b82                HAL_CAN_RxFifo1FullCallback
 .text.HAL_CAN_SleepCallback
                0x08002b96       0x14 ./Drivers/STM32F4xx_HAL_Driver/stm32f4xx_hal_can.o
                0x08002b96                HAL_CAN_SleepCallback
 .text.HAL_CAN_WakeUpFromRxMsgCallback
                0x08002baa       0x14 ./Drivers/STM32F4xx_HAL_Driver/stm32f4xx_hal_can.o
                0x08002baa                HAL_CAN_WakeUpFromRxMsgCallback
 .text.HAL_CAN_ErrorCallback
                0x08002bbe       0x14 ./Drivers/STM32F4xx_HAL_Driver/stm32f4xx_hal_can.o
                0x08002bbe                HAL_CAN_ErrorCallback
 *fill*         0x08002bd2        0x2 
 .text.__NVIC_SetPriorityGrouping
                0x08002bd4       0x48 ./Drivers/STM32F4xx_HAL_Driver/stm32f4xx_hal_cortex.o
 .text.__NVIC_GetPriorityGrouping
                0x08002c1c       0x1c ./Drivers/STM32F4xx_HAL_Driver/stm32f4xx_hal_cortex.o
 .text.__NVIC_EnableIRQ
                0x08002c38       0x3c ./Drivers/STM32F4xx_HAL_Driver/stm32f4xx_hal_cortex.o
 .text.__NVIC_SetPriority
                0x08002c74       0x54 ./Drivers/STM32F4xx_HAL_Driver/stm32f4xx_hal_cortex.o
 .text.NVIC_EncodePriority
                0x08002cc8       0x66 ./Drivers/STM32F4xx_HAL_Driver/stm32f4xx_hal_cortex.o
 *fill*         0x08002d2e        0x2 
 .text.SysTick_Config
                0x08002d30       0x44 ./Drivers/STM32F4xx_HAL_Driver/stm32f4xx_hal_cortex.o
 .text.HAL_NVIC_SetPriorityGrouping
                0x08002d74       0x40 ./Drivers/STM32F4xx_HAL_Driver/stm32f4xx_hal_cortex.o
                0x08002d74                HAL_NVIC_SetPriorityGrouping
 .text.HAL_NVIC_SetPriority
                0x08002db4       0x58 ./Drivers/STM32F4xx_HAL_Driver/stm32f4xx_hal_cortex.o
                0x08002db4                HAL_NVIC_SetPriority
 .text.HAL_NVIC_EnableIRQ
                0x08002e0c       0x30 ./Drivers/STM32F4xx_HAL_Driver/stm32f4xx_hal_cortex.o
                0x08002e0c                HAL_NVIC_EnableIRQ
 .text.HAL_SYSTICK_Config
                0x08002e3c       0x18 ./Drivers/STM32F4xx_HAL_Driver/stm32f4xx_hal_cortex.o
                0x08002e3c                HAL_SYSTICK_Config
 .text.HAL_DMA_Abort
                0x08002e54       0xe0 ./Drivers/STM32F4xx_HAL_Driver/stm32f4xx_hal_dma.o
                0x08002e54                HAL_DMA_Abort
 .text.HAL_DMA_Abort_IT
                0x08002f34       0x44 ./Drivers/STM32F4xx_HAL_Driver/stm32f4xx_hal_dma.o
                0x08002f34                HAL_DMA_Abort_IT
 .text.HAL_FLASH_IRQHandler
                0x08002f78      0x138 ./Drivers/STM32F4xx_HAL_Driver/stm32f4xx_hal_flash.o
                0x08002f78                HAL_FLASH_IRQHandler
 .text.HAL_FLASH_EndOfOperationCallback
                0x080030b0       0x14 ./Drivers/STM32F4xx_HAL_Driver/stm32f4xx_hal_flash.o
                0x080030b0                HAL_FLASH_EndOfOperationCallback
 .text.HAL_FLASH_OperationErrorCallback
                0x080030c4       0x14 ./Drivers/STM32F4xx_HAL_Driver/stm32f4xx_hal_flash.o
                0x080030c4                HAL_FLASH_OperationErrorCallback
 .text.FLASH_SetErrorCode
                0x080030d8       0xac ./Drivers/STM32F4xx_HAL_Driver/stm32f4xx_hal_flash.o
 .text.FLASH_Erase_Sector
                0x08003184      0x104 ./Drivers/STM32F4xx_HAL_Driver/stm32f4xx_hal_flash_ex.o
                0x08003184                FLASH_Erase_Sector
 .text.FLASH_FlushCaches
                0x08003288       0x8c ./Drivers/STM32F4xx_HAL_Driver/stm32f4xx_hal_flash_ex.o
                0x08003288                FLASH_FlushCaches
 .text.HAL_GPIO_Init
                0x08003314      0x5a8 ./Drivers/STM32F4xx_HAL_Driver/stm32f4xx_hal_gpio.o
                0x08003314                HAL_GPIO_Init
 .text.HAL_GPIO_WritePin
                0x080038bc       0x58 ./Drivers/STM32F4xx_HAL_Driver/stm32f4xx_hal_gpio.o
                0x080038bc                HAL_GPIO_WritePin
 .text.HAL_GPIO_TogglePin
                0x08003914       0x44 ./Drivers/STM32F4xx_HAL_Driver/stm32f4xx_hal_gpio.o
                0x08003914                HAL_GPIO_TogglePin
 .text.HAL_GPIO_EXTI_IRQHandler
                0x08003958       0x30 ./Drivers/STM32F4xx_HAL_Driver/stm32f4xx_hal_gpio.o
                0x08003958                HAL_GPIO_EXTI_IRQHandler
 .text.HAL_GPIO_EXTI_Callback
                0x08003988       0x16 ./Drivers/STM32F4xx_HAL_Driver/stm32f4xx_hal_gpio.o
                0x08003988                HAL_GPIO_EXTI_Callback
 *fill*         0x0800399e        0x2 
 .text.HAL_PCD_Init
                0x080039a0      0x244 ./Drivers/STM32F4xx_HAL_Driver/stm32f4xx_hal_pcd.o
                0x080039a0                HAL_PCD_Init
 .text.HAL_PCD_Start
                0x08003be4       0x6a ./Drivers/STM32F4xx_HAL_Driver/stm32f4xx_hal_pcd.o
                0x08003be4                HAL_PCD_Start
 .text.HAL_PCD_IRQHandler
                0x08003c4e      0x942 ./Drivers/STM32F4xx_HAL_Driver/stm32f4xx_hal_pcd.o
                0x08003c4e                HAL_PCD_IRQHandler
 .text.HAL_PCD_SetAddress
                0x08004590       0x48 ./Drivers/STM32F4xx_HAL_Driver/stm32f4xx_hal_pcd.o
                0x08004590                HAL_PCD_SetAddress
 .text.HAL_PCD_EP_Open
                0x080045d8       0xd4 ./Drivers/STM32F4xx_HAL_Driver/stm32f4xx_hal_pcd.o
                0x080045d8                HAL_PCD_EP_Open
 .text.HAL_PCD_EP_Close
                0x080046ac       0x94 ./Drivers/STM32F4xx_HAL_Driver/stm32f4xx_hal_pcd.o
                0x080046ac                HAL_PCD_EP_Close
 .text.HAL_PCD_EP_Receive
                0x08004740       0x76 ./Drivers/STM32F4xx_HAL_Driver/stm32f4xx_hal_pcd.o
                0x08004740                HAL_PCD_EP_Receive
 .text.HAL_PCD_EP_GetRxCount
                0x080047b6       0x30 ./Drivers/STM32F4xx_HAL_Driver/stm32f4xx_hal_pcd.o
                0x080047b6                HAL_PCD_EP_GetRxCount
 .text.HAL_PCD_EP_Transmit
                0x080047e6       0x74 ./Drivers/STM32F4xx_HAL_Driver/stm32f4xx_hal_pcd.o
                0x080047e6                HAL_PCD_EP_Transmit
 .text.HAL_PCD_EP_SetStall
                0x0800485a       0xc6 ./Drivers/STM32F4xx_HAL_Driver/stm32f4xx_hal_pcd.o
                0x0800485a                HAL_PCD_EP_SetStall
 .text.HAL_PCD_EP_ClrStall
                0x08004920       0xac ./Drivers/STM32F4xx_HAL_Driver/stm32f4xx_hal_pcd.o
                0x08004920                HAL_PCD_EP_ClrStall
 .text.HAL_PCD_EP_Abort
                0x080049cc       0x62 ./Drivers/STM32F4xx_HAL_Driver/stm32f4xx_hal_pcd.o
                0x080049cc                HAL_PCD_EP_Abort
 .text.PCD_WriteEmptyTxFifo
                0x08004a2e      0x118 ./Drivers/STM32F4xx_HAL_Driver/stm32f4xx_hal_pcd.o
 *fill*         0x08004b46        0x2 
 .text.PCD_EP_OutXfrComplete_int
                0x08004b48      0x1d0 ./Drivers/STM32F4xx_HAL_Driver/stm32f4xx_hal_pcd.o
 .text.PCD_EP_OutSetupPacket_int
                0x08004d18       0x8c ./Drivers/STM32F4xx_HAL_Driver/stm32f4xx_hal_pcd.o
 .text.HAL_PCDEx_SetTxFiFo
                0x08004da4       0x8e ./Drivers/STM32F4xx_HAL_Driver/stm32f4xx_hal_pcd_ex.o
                0x08004da4                HAL_PCDEx_SetTxFiFo
 .text.HAL_PCDEx_SetRxFiFo
                0x08004e32       0x22 ./Drivers/STM32F4xx_HAL_Driver/stm32f4xx_hal_pcd_ex.o
                0x08004e32                HAL_PCDEx_SetRxFiFo
 .text.HAL_PCDEx_LPM_Callback
                0x08004e54       0x18 ./Drivers/STM32F4xx_HAL_Driver/stm32f4xx_hal_pcd_ex.o
                0x08004e54                HAL_PCDEx_LPM_Callback
 .text.HAL_PWR_PVD_IRQHandler
                0x08004e6c       0x24 ./Drivers/STM32F4xx_HAL_Driver/stm32f4xx_hal_pwr.o
                0x08004e6c                HAL_PWR_PVD_IRQHandler
 .text.HAL_PWR_PVDCallback
                0x08004e90        0xe ./Drivers/STM32F4xx_HAL_Driver/stm32f4xx_hal_pwr.o
                0x08004e90                HAL_PWR_PVDCallback
 *fill*         0x08004e9e        0x2 
 .text.HAL_RCC_OscConfig
                0x08004ea0      0x658 ./Drivers/STM32F4xx_HAL_Driver/stm32f4xx_hal_rcc.o
                0x08004ea0                HAL_RCC_OscConfig
 .text.HAL_RCC_ClockConfig
                0x080054f8      0x31c ./Drivers/STM32F4xx_HAL_Driver/stm32f4xx_hal_rcc.o
                0x080054f8                HAL_RCC_ClockConfig
 .text.HAL_RCC_GetSysClockFreq
                0x08005814      0x20c ./Drivers/STM32F4xx_HAL_Driver/stm32f4xx_hal_rcc.o
                0x08005814                HAL_RCC_GetSysClockFreq
 .text.HAL_RCC_GetHCLKFreq
                0x08005a20       0x18 ./Drivers/STM32F4xx_HAL_Driver/stm32f4xx_hal_rcc.o
                0x08005a20                HAL_RCC_GetHCLKFreq
 .text.HAL_RCC_GetPCLK1Freq
                0x08005a38       0x28 ./Drivers/STM32F4xx_HAL_Driver/stm32f4xx_hal_rcc.o
                0x08005a38                HAL_RCC_GetPCLK1Freq
 .text.HAL_RCC_GetPCLK2Freq
                0x08005a60       0x28 ./Drivers/STM32F4xx_HAL_Driver/stm32f4xx_hal_rcc.o
                0x08005a60                HAL_RCC_GetPCLK2Freq
 .text.HAL_SPI_Init
                0x08005a88      0x31c ./Drivers/STM32F4xx_HAL_Driver/stm32f4xx_hal_spi.o
                0x08005a88                HAL_SPI_Init
 .text.HAL_SPI_TransmitReceive_IT
                0x08005da4      0x130 ./Drivers/STM32F4xx_HAL_Driver/stm32f4xx_hal_spi.o
                0x08005da4                HAL_SPI_TransmitReceive_IT
 .text.HAL_SPI_IRQHandler
                0x08005ed4      0x1e8 ./Drivers/STM32F4xx_HAL_Driver/stm32f4xx_hal_spi.o
                0x08005ed4                HAL_SPI_IRQHandler
 .text.HAL_SPI_RxCpltCallback
                0x080060bc       0x14 ./Drivers/STM32F4xx_HAL_Driver/stm32f4xx_hal_spi.o
                0x080060bc                HAL_SPI_RxCpltCallback
 .text.HAL_SPI_ErrorCallback
                0x080060d0       0x14 ./Drivers/STM32F4xx_HAL_Driver/stm32f4xx_hal_spi.o
                0x080060d0                HAL_SPI_ErrorCallback
 .text.SPI_DMAAbortOnError
                0x080060e4       0x28 ./Drivers/STM32F4xx_HAL_Driver/stm32f4xx_hal_spi.o
 .text.SPI_2linesRxISR_8BIT
                0x0800610c       0x64 ./Drivers/STM32F4xx_HAL_Driver/stm32f4xx_hal_spi.o
 .text.SPI_2linesTxISR_8BIT
                0x08006170       0x60 ./Drivers/STM32F4xx_HAL_Driver/stm32f4xx_hal_spi.o
 .text.SPI_2linesRxISR_16BIT
                0x080061d0       0x60 ./Drivers/STM32F4xx_HAL_Driver/stm32f4xx_hal_spi.o
 .text.SPI_2linesTxISR_16BIT
                0x08006230       0x5e ./Drivers/STM32F4xx_HAL_Driver/stm32f4xx_hal_spi.o
 *fill*         0x0800628e        0x2 
 .text.SPI_WaitFlagStateUntilTimeout
                0x08006290      0x110 ./Drivers/STM32F4xx_HAL_Driver/stm32f4xx_hal_spi.o
 .text.SPI_EndRxTxTransaction
                0x080063a0       0xa8 ./Drivers/STM32F4xx_HAL_Driver/stm32f4xx_hal_spi.o
 .text.SPI_CloseRxTx_ISR
                0x08006448       0xe8 ./Drivers/STM32F4xx_HAL_Driver/stm32f4xx_hal_spi.o
 .text.HAL_TIM_Base_Init
                0x08006530      0x230 ./Drivers/STM32F4xx_HAL_Driver/stm32f4xx_hal_tim.o
                0x08006530                HAL_TIM_Base_Init
 .text.HAL_TIM_OC_Init
                0x08006760      0x230 ./Drivers/STM32F4xx_HAL_Driver/stm32f4xx_hal_tim.o
                0x08006760                HAL_TIM_OC_Init
 .text.HAL_TIM_OC_MspInit
                0x08006990       0x14 ./Drivers/STM32F4xx_HAL_Driver/stm32f4xx_hal_tim.o
                0x08006990                HAL_TIM_OC_MspInit
 .text.HAL_TIM_OC_Start_IT
                0x080069a4      0x3ac ./Drivers/STM32F4xx_HAL_Driver/stm32f4xx_hal_tim.o
                0x080069a4                HAL_TIM_OC_Start_IT
 .text.HAL_TIM_IRQHandler
                0x08006d50      0x1e0 ./Drivers/STM32F4xx_HAL_Driver/stm32f4xx_hal_tim.o
                0x08006d50                HAL_TIM_IRQHandler
 .text.HAL_TIM_OC_ConfigChannel
                0x08006f30      0x2e4 ./Drivers/STM32F4xx_HAL_Driver/stm32f4xx_hal_tim.o
                0x08006f30                HAL_TIM_OC_ConfigChannel
 .text.HAL_TIM_ConfigClockSource
                0x08007214      0x700 ./Drivers/STM32F4xx_HAL_Driver/stm32f4xx_hal_tim.o
                0x08007214                HAL_TIM_ConfigClockSource
 .text.HAL_TIM_PeriodElapsedCallback
                0x08007914       0x14 ./Drivers/STM32F4xx_HAL_Driver/stm32f4xx_hal_tim.o
                0x08007914                HAL_TIM_PeriodElapsedCallback
 .text.HAL_TIM_IC_CaptureCallback
                0x08007928       0x14 ./Drivers/STM32F4xx_HAL_Driver/stm32f4xx_hal_tim.o
                0x08007928                HAL_TIM_IC_CaptureCallback
 .text.HAL_TIM_PWM_PulseFinishedCallback
                0x0800793c       0x14 ./Drivers/STM32F4xx_HAL_Driver/stm32f4xx_hal_tim.o
                0x0800793c                HAL_TIM_PWM_PulseFinishedCallback
 .text.HAL_TIM_TriggerCallback
                0x08007950       0x14 ./Drivers/STM32F4xx_HAL_Driver/stm32f4xx_hal_tim.o
                0x08007950                HAL_TIM_TriggerCallback
 .text.TIM_Base_SetConfig
                0x08007964      0x158 ./Drivers/STM32F4xx_HAL_Driver/stm32f4xx_hal_tim.o
                0x08007964                TIM_Base_SetConfig
 .text.TIM_OC1_SetConfig
                0x08007abc      0x134 ./Drivers/STM32F4xx_HAL_Driver/stm32f4xx_hal_tim.o
 .text.TIM_OC2_SetConfig
                0x08007bf0      0x13c ./Drivers/STM32F4xx_HAL_Driver/stm32f4xx_hal_tim.o
                0x08007bf0                TIM_OC2_SetConfig
 .text.TIM_OC3_SetConfig
                0x08007d2c      0x13c ./Drivers/STM32F4xx_HAL_Driver/stm32f4xx_hal_tim.o
 .text.TIM_OC4_SetConfig
                0x08007e68       0xc8 ./Drivers/STM32F4xx_HAL_Driver/stm32f4xx_hal_tim.o
 .text.TIM_TI1_ConfigInputStage
                0x08007f30       0x5e ./Drivers/STM32F4xx_HAL_Driver/stm32f4xx_hal_tim.o
 .text.TIM_TI2_ConfigInputStage
                0x08007f8e       0x60 ./Drivers/STM32F4xx_HAL_Driver/stm32f4xx_hal_tim.o
 .text.TIM_ITRx_SetConfig
                0x08007fee       0x36 ./Drivers/STM32F4xx_HAL_Driver/stm32f4xx_hal_tim.o
 .text.TIM_ETR_SetConfig
                0x08008024       0x40 ./Drivers/STM32F4xx_HAL_Driver/stm32f4xx_hal_tim.o
                0x08008024                TIM_ETR_SetConfig
 .text.TIM_CCxChannelCmd
                0x08008064      0x108 ./Drivers/STM32F4xx_HAL_Driver/stm32f4xx_hal_tim.o
                0x08008064                TIM_CCxChannelCmd
 .text.HAL_TIMEx_MasterConfigSynchronization
                0x0800816c      0x1bc ./Drivers/STM32F4xx_HAL_Driver/stm32f4xx_hal_tim_ex.o
                0x0800816c                HAL_TIMEx_MasterConfigSynchronization
 .text.HAL_TIMEx_CommutCallback
                0x08008328       0x14 ./Drivers/STM32F4xx_HAL_Driver/stm32f4xx_hal_tim_ex.o
                0x08008328                HAL_TIMEx_CommutCallback
 .text.HAL_TIMEx_BreakCallback
                0x0800833c       0x14 ./Drivers/STM32F4xx_HAL_Driver/stm32f4xx_hal_tim_ex.o
                0x0800833c                HAL_TIMEx_BreakCallback
 .text.HAL_UART_Init
                0x08008350      0x1a8 ./Drivers/STM32F4xx_HAL_Driver/stm32f4xx_hal_uart.o
                0x08008350                HAL_UART_Init
 .text.HAL_UART_Transmit_IT
                0x080084f8       0x6c ./Drivers/STM32F4xx_HAL_Driver/stm32f4xx_hal_uart.o
                0x080084f8                HAL_UART_Transmit_IT
 .text.HAL_UART_Receive_IT
                0x08008564       0x4a ./Drivers/STM32F4xx_HAL_Driver/stm32f4xx_hal_uart.o
                0x08008564                HAL_UART_Receive_IT
 *fill*         0x080085ae        0x2 
 .text.HAL_UART_IRQHandler
                0x080085b0      0x524 ./Drivers/STM32F4xx_HAL_Driver/stm32f4xx_hal_uart.o
                0x080085b0                HAL_UART_IRQHandler
 .text.HAL_UART_TxCpltCallback
                0x08008ad4       0x14 ./Drivers/STM32F4xx_HAL_Driver/stm32f4xx_hal_uart.o
                0x08008ad4                HAL_UART_TxCpltCallback
 .text.HAL_UART_ErrorCallback
                0x08008ae8       0x14 ./Drivers/STM32F4xx_HAL_Driver/stm32f4xx_hal_uart.o
                0x08008ae8                HAL_UART_ErrorCallback
 .text.HAL_UARTEx_RxEventCallback
                0x08008afc       0x18 ./Drivers/STM32F4xx_HAL_Driver/stm32f4xx_hal_uart.o
                0x08008afc                HAL_UARTEx_RxEventCallback
 .text.UART_Start_Receive_IT
                0x08008b14       0x74 ./Drivers/STM32F4xx_HAL_Driver/stm32f4xx_hal_uart.o
                0x08008b14                UART_Start_Receive_IT
 .text.UART_EndRxTransfer
                0x08008b88       0xc6 ./Drivers/STM32F4xx_HAL_Driver/stm32f4xx_hal_uart.o
 .text.UART_DMAAbortOnError
                0x08008c4e       0x28 ./Drivers/STM32F4xx_HAL_Driver/stm32f4xx_hal_uart.o
 .text.UART_Transmit_IT
                0x08008c76       0xa0 ./Drivers/STM32F4xx_HAL_Driver/stm32f4xx_hal_uart.o
 .text.UART_EndTransmit_IT
                0x08008d16       0x30 ./Drivers/STM32F4xx_HAL_Driver/stm32f4xx_hal_uart.o
 .text.UART_Receive_IT
                0x08008d46      0x17c ./Drivers/STM32F4xx_HAL_Driver/stm32f4xx_hal_uart.o
 *fill*         0x08008ec2        0x2 
 .text.UART_SetConfig
                0x08008ec4      0x574 ./Drivers/STM32F4xx_HAL_Driver/stm32f4xx_hal_uart.o
 .text.USB_CoreInit
                0x08009438       0xc8 ./Drivers/STM32F4xx_HAL_Driver/stm32f4xx_ll_usb.o
                0x08009438                USB_CoreInit
 .text.USB_SetTurnaroundTime
                0x08009500      0x144 ./Drivers/STM32F4xx_HAL_Driver/stm32f4xx_ll_usb.o
                0x08009500                USB_SetTurnaroundTime
 .text.USB_EnableGlobalInt
                0x08009644       0x22 ./Drivers/STM32F4xx_HAL_Driver/stm32f4xx_ll_usb.o
                0x08009644                USB_EnableGlobalInt
 .text.USB_DisableGlobalInt
                0x08009666       0x22 ./Drivers/STM32F4xx_HAL_Driver/stm32f4xx_ll_usb.o
                0x08009666                USB_DisableGlobalInt
 .text.USB_SetCurrentMode
                0x08009688       0x98 ./Drivers/STM32F4xx_HAL_Driver/stm32f4xx_ll_usb.o
                0x08009688                USB_SetCurrentMode
 .text.USB_DevInit
                0x08009720      0x2c8 ./Drivers/STM32F4xx_HAL_Driver/stm32f4xx_ll_usb.o
                0x08009720                USB_DevInit
 .text.USB_FlushTxFifo
                0x080099e8       0x64 ./Drivers/STM32F4xx_HAL_Driver/stm32f4xx_ll_usb.o
                0x080099e8                USB_FlushTxFifo
 .text.USB_FlushRxFifo
                0x08009a4c       0x5c ./Drivers/STM32F4xx_HAL_Driver/stm32f4xx_ll_usb.o
                0x08009a4c                USB_FlushRxFifo
 .text.USB_SetDevSpeed
                0x08009aa8       0x32 ./Drivers/STM32F4xx_HAL_Driver/stm32f4xx_ll_usb.o
                0x08009aa8                USB_SetDevSpeed
 .text.USB_GetDevSpeed
                0x08009ada       0x4a ./Drivers/STM32F4xx_HAL_Driver/stm32f4xx_ll_usb.o
                0x08009ada                USB_GetDevSpeed
 .text.USB_ActivateEndpoint
                0x08009b24      0x10e ./Drivers/STM32F4xx_HAL_Driver/stm32f4xx_ll_usb.o
                0x08009b24                USB_ActivateEndpoint
 *fill*         0x08009c32        0x2 
 .text.USB_DeactivateEndpoint
                0x08009c34      0x1b8 ./Drivers/STM32F4xx_HAL_Driver/stm32f4xx_ll_usb.o
                0x08009c34                USB_DeactivateEndpoint
 .text.USB_EPStartXfer
                0x08009dec      0x53c ./Drivers/STM32F4xx_HAL_Driver/stm32f4xx_ll_usb.o
                0x08009dec                USB_EPStartXfer
 .text.USB_EPStopXfer
                0x0800a328      0x154 ./Drivers/STM32F4xx_HAL_Driver/stm32f4xx_ll_usb.o
                0x0800a328                USB_EPStopXfer
 .text.USB_WritePacket
                0x0800a47c       0x7c ./Drivers/STM32F4xx_HAL_Driver/stm32f4xx_ll_usb.o
                0x0800a47c                USB_WritePacket
 .text.USB_ReadPacket
                0x0800a4f8       0xb0 ./Drivers/STM32F4xx_HAL_Driver/stm32f4xx_ll_usb.o
                0x0800a4f8                USB_ReadPacket
 .text.USB_EPSetStall
                0x0800a5a8       0xdc ./Drivers/STM32F4xx_HAL_Driver/stm32f4xx_ll_usb.o
                0x0800a5a8                USB_EPSetStall
 .text.USB_EPClearStall
                0x0800a684       0xcc ./Drivers/STM32F4xx_HAL_Driver/stm32f4xx_ll_usb.o
                0x0800a684                USB_EPClearStall
 .text.USB_SetDevAddress
                0x0800a750       0x4c ./Drivers/STM32F4xx_HAL_Driver/stm32f4xx_ll_usb.o
                0x0800a750                USB_SetDevAddress
 .text.USB_DevConnect
                0x0800a79c       0x42 ./Drivers/STM32F4xx_HAL_Driver/stm32f4xx_ll_usb.o
                0x0800a79c                USB_DevConnect
 .text.USB_DevDisconnect
                0x0800a7de       0x42 ./Drivers/STM32F4xx_HAL_Driver/stm32f4xx_ll_usb.o
                0x0800a7de                USB_DevDisconnect
 .text.USB_ReadInterrupts
                0x0800a820       0x26 ./Drivers/STM32F4xx_HAL_Driver/stm32f4xx_ll_usb.o
                0x0800a820                USB_ReadInterrupts
 .text.USB_ReadDevAllOutEpInterrupt
                0x0800a846       0x34 ./Drivers/STM32F4xx_HAL_Driver/stm32f4xx_ll_usb.o
                0x0800a846                USB_ReadDevAllOutEpInterrupt
 .text.USB_ReadDevAllInEpInterrupt
                0x0800a87a       0x34 ./Drivers/STM32F4xx_HAL_Driver/stm32f4xx_ll_usb.o
                0x0800a87a                USB_ReadDevAllInEpInterrupt
 .text.USB_ReadDevOutEPInterrupt
                0x0800a8ae       0x3c ./Drivers/STM32F4xx_HAL_Driver/stm32f4xx_ll_usb.o
                0x0800a8ae                USB_ReadDevOutEPInterrupt
 .text.USB_ReadDevInEPInterrupt
                0x0800a8ea       0x5c ./Drivers/STM32F4xx_HAL_Driver/stm32f4xx_ll_usb.o
                0x0800a8ea                USB_ReadDevInEPInterrupt
 .text.USB_GetMode
                0x0800a946       0x1c ./Drivers/STM32F4xx_HAL_Driver/stm32f4xx_ll_usb.o
                0x0800a946                USB_GetMode
 .text.USB_ActivateSetup
                0x0800a962       0x46 ./Drivers/STM32F4xx_HAL_Driver/stm32f4xx_ll_usb.o
                0x0800a962                USB_ActivateSetup
 .text.USB_EP0_OutStart
                0x0800a9a8       0xbc ./Drivers/STM32F4xx_HAL_Driver/stm32f4xx_ll_usb.o
                0x0800a9a8                USB_EP0_OutStart
 .text.USB_CoreReset
                0x0800aa64       0x62 ./Drivers/STM32F4xx_HAL_Driver/stm32f4xx_ll_usb.o
 *fill*         0x0800aac6        0x2 
 .text.USBD_CDC_Init
                0x0800aac8      0x1f0 ./Middlewares/USB_Device_Library/usbd_cdc.o
 .text.USBD_CDC_DeInit
                0x0800acb8      0x104 ./Middlewares/USB_Device_Library/usbd_cdc.o
 .text.USBD_CDC_Setup
                0x0800adbc      0x1b8 ./Middlewares/USB_Device_Library/usbd_cdc.o
 .text.USBD_CDC_DataIn
                0x0800af74       0xfe ./Middlewares/USB_Device_Library/usbd_cdc.o
 .text.USBD_CDC_DataOut
                0x0800b072       0x70 ./Middlewares/USB_Device_Library/usbd_cdc.o
 .text.USBD_CDC_EP0_RxReady
                0x0800b0e2       0x74 ./Middlewares/USB_Device_Library/usbd_cdc.o
 *fill*         0x0800b156        0x2 
 .text.USBD_CDC_GetFSCfgDesc
                0x0800b158       0x70 ./Middlewares/USB_Device_Library/usbd_cdc.o
 .text.USBD_CDC_GetHSCfgDesc
                0x0800b1c8       0x70 ./Middlewares/USB_Device_Library/usbd_cdc.o
 .text.USBD_CDC_GetOtherSpeedCfgDesc
                0x0800b238       0x70 ./Middlewares/USB_Device_Library/usbd_cdc.o
 .text.USBD_CDC_GetDeviceQualifierDescriptor
                0x0800b2a8       0x20 ./Middlewares/USB_Device_Library/usbd_cdc.o
                0x0800b2a8                USBD_CDC_GetDeviceQualifierDescriptor
 .text.USBD_CDC_RegisterInterface
                0x0800b2c8       0x34 ./Middlewares/USB_Device_Library/usbd_cdc.o
                0x0800b2c8                USBD_CDC_RegisterInterface
 .text.USBD_CDC_SetTxBuffer
                0x0800b2fc       0x44 ./Middlewares/USB_Device_Library/usbd_cdc.o
                0x0800b2fc                USBD_CDC_SetTxBuffer
 .text.USBD_CDC_SetRxBuffer
                0x0800b340       0x3a ./Middlewares/USB_Device_Library/usbd_cdc.o
                0x0800b340                USBD_CDC_SetRxBuffer
 *fill*         0x0800b37a        0x2 
 .text.USBD_CDC_TransmitPacket
                0x0800b37c       0x80 ./Middlewares/USB_Device_Library/usbd_cdc.o
                0x0800b37c                USBD_CDC_TransmitPacket
 .text.USBD_CDC_ReceivePacket
                0x0800b3fc       0x6c ./Middlewares/USB_Device_Library/usbd_cdc.o
                0x0800b3fc                USBD_CDC_ReceivePacket
 .text.USBD_Init
                0x0800b468       0x60 ./Middlewares/USB_Device_Library/usbd_core.o
                0x0800b468                USBD_Init
 .text.USBD_RegisterClass
                0x0800b4c8       0x6c ./Middlewares/USB_Device_Library/usbd_core.o
                0x0800b4c8                USBD_RegisterClass
 .text.USBD_Start
                0x0800b534       0x18 ./Middlewares/USB_Device_Library/usbd_core.o
                0x0800b534                USBD_Start
 .text.USBD_RunTestMode
                0x0800b54c       0x16 ./Middlewares/USB_Device_Library/usbd_core.o
                0x0800b54c                USBD_RunTestMode
 .text.USBD_SetClassConfig
                0x0800b562       0x38 ./Middlewares/USB_Device_Library/usbd_core.o
                0x0800b562                USBD_SetClassConfig
 .text.USBD_ClrClassConfig
                0x0800b59a       0x34 ./Middlewares/USB_Device_Library/usbd_core.o
                0x0800b59a                USBD_ClrClassConfig
 .text.USBD_LL_SetupStage
                0x0800b5ce       0xaa ./Middlewares/USB_Device_Library/usbd_core.o
                0x0800b5ce                USBD_LL_SetupStage
 .text.USBD_LL_DataOutStage
                0x0800b678      0x166 ./Middlewares/USB_Device_Library/usbd_core.o
                0x0800b678                USBD_LL_DataOutStage
 .text.USBD_LL_DataInStage
                0x0800b7de      0x164 ./Middlewares/USB_Device_Library/usbd_core.o
                0x0800b7de                USBD_LL_DataInStage
 .text.USBD_LL_Reset
                0x0800b942       0xa4 ./Middlewares/USB_Device_Library/usbd_core.o
                0x0800b942                USBD_LL_Reset
 .text.USBD_LL_SetSpeed
                0x0800b9e6       0x20 ./Middlewares/USB_Device_Library/usbd_core.o
                0x0800b9e6                USBD_LL_SetSpeed
 .text.USBD_LL_Suspend
                0x0800ba06       0x38 ./Middlewares/USB_Device_Library/usbd_core.o
                0x0800ba06                USBD_LL_Suspend
 .text.USBD_LL_Resume
                0x0800ba3e       0x30 ./Middlewares/USB_Device_Library/usbd_core.o
                0x0800ba3e                USBD_LL_Resume
 .text.USBD_LL_SOF
                0x0800ba6e       0x40 ./Middlewares/USB_Device_Library/usbd_core.o
                0x0800ba6e                USBD_LL_SOF
 .text.USBD_LL_IsoINIncomplete
                0x0800baae       0x64 ./Middlewares/USB_Device_Library/usbd_core.o
                0x0800baae                USBD_LL_IsoINIncomplete
 .text.USBD_LL_IsoOUTIncomplete
                0x0800bb12       0x64 ./Middlewares/USB_Device_Library/usbd_core.o
                0x0800bb12                USBD_LL_IsoOUTIncomplete
 .text.USBD_LL_DevConnected
                0x0800bb76       0x16 ./Middlewares/USB_Device_Library/usbd_core.o
                0x0800bb76                USBD_LL_DevConnected
 .text.USBD_LL_DevDisconnected
                0x0800bb8c       0x46 ./Middlewares/USB_Device_Library/usbd_core.o
                0x0800bb8c                USBD_LL_DevDisconnected
 .text.USBD_CoreFindIF
                0x0800bbd2       0x1a ./Middlewares/USB_Device_Library/usbd_core.o
                0x0800bbd2                USBD_CoreFindIF
 .text.USBD_CoreFindEP
                0x0800bbec       0x1a ./Middlewares/USB_Device_Library/usbd_core.o
                0x0800bbec                USBD_CoreFindEP
 .text.USBD_GetEpDesc
                0x0800bc06       0x70 ./Middlewares/USB_Device_Library/usbd_core.o
                0x0800bc06                USBD_GetEpDesc
 .text.USBD_GetNextDesc
                0x0800bc76       0x38 ./Middlewares/USB_Device_Library/usbd_core.o
                0x0800bc76                USBD_GetNextDesc
 .text.SWAPBYTE
                0x0800bcae       0x3c ./Middlewares/USB_Device_Library/usbd_ctlreq.o
 *fill*         0x0800bcea        0x2 
 .text.USBD_StdDevReq
                0x0800bcec       0xe4 ./Middlewares/USB_Device_Library/usbd_ctlreq.o
                0x0800bcec                USBD_StdDevReq
 .text.USBD_StdItfReq
                0x0800bdd0       0xd8 ./Middlewares/USB_Device_Library/usbd_ctlreq.o
                0x0800bdd0                USBD_StdItfReq
 .text.USBD_StdEPReq
                0x0800bea8      0x33a ./Middlewares/USB_Device_Library/usbd_ctlreq.o
                0x0800bea8                USBD_StdEPReq
 *fill*         0x0800c1e2        0x2 
 .text.USBD_GetDescriptor
                0x0800c1e4      0x2d4 ./Middlewares/USB_Device_Library/usbd_ctlreq.o
 .text.USBD_SetAddress
                0x0800c4b8       0x88 ./Middlewares/USB_Device_Library/usbd_ctlreq.o
 .text.USBD_SetConfig
                0x0800c540      0x154 ./Middlewares/USB_Device_Library/usbd_ctlreq.o
 .text.USBD_GetConfig
                0x0800c694       0x6c ./Middlewares/USB_Device_Library/usbd_ctlreq.o
 .text.USBD_GetStatus
                0x0800c700       0x68 ./Middlewares/USB_Device_Library/usbd_ctlreq.o
 .text.USBD_SetFeature
                0x0800c768       0x52 ./Middlewares/USB_Device_Library/usbd_ctlreq.o
 .text.USBD_ClrFeature
                0x0800c7ba       0x44 ./Middlewares/USB_Device_Library/usbd_ctlreq.o
 .text.USBD_ParseSetupRequest
                0x0800c7fe       0x74 ./Middlewares/USB_Device_Library/usbd_ctlreq.o
                0x0800c7fe                USBD_ParseSetupRequest
 .text.USBD_CtlError
                0x0800c872       0x22 ./Middlewares/USB_Device_Library/usbd_ctlreq.o
                0x0800c872                USBD_CtlError
 .text.USBD_GetString
                0x0800c894       0xa4 ./Middlewares/USB_Device_Library/usbd_ctlreq.o
                0x0800c894                USBD_GetString
 .text.USBD_GetLen
                0x0800c938       0x34 ./Middlewares/USB_Device_Library/usbd_ctlreq.o
 .text.USBD_CtlSendData
                0x0800c96c       0x36 ./Middlewares/USB_Device_Library/usbd_ioreq.o
                0x0800c96c                USBD_CtlSendData
 .text.USBD_CtlContinueSendData
                0x0800c9a2       0x22 ./Middlewares/USB_Device_Library/usbd_ioreq.o
                0x0800c9a2                USBD_CtlContinueSendData
 .text.USBD_CtlPrepareRx
                0x0800c9c4       0x3a ./Middlewares/USB_Device_Library/usbd_ioreq.o
                0x0800c9c4                USBD_CtlPrepareRx
 .text.USBD_CtlContinueRx
                0x0800c9fe       0x22 ./Middlewares/USB_Device_Library/usbd_ioreq.o
                0x0800c9fe                USBD_CtlContinueRx
 .text.USBD_CtlSendStatus
                0x0800ca20       0x26 ./Middlewares/USB_Device_Library/usbd_ioreq.o
                0x0800ca20                USBD_CtlSendStatus
 .text.USBD_CtlReceiveStatus
                0x0800ca46       0x26 ./Middlewares/USB_Device_Library/usbd_ioreq.o
                0x0800ca46                USBD_CtlReceiveStatus
 .text.sprintf  0x0800ca6c       0x40 C:/ST/STM32CubeIDE_1.16.1/STM32CubeIDE/plugins/com.st.stm32cube.ide.mcu.externaltools.gnu-tools-for-stm32.12.3.rel1.win32_1.0.200.202406191623/tools/bin/../lib/gcc/arm-none-eabi/12.3.1/../../../../arm-none-eabi/lib/thumb/v7e-m+fp/hard\libc_nano.a(libc_a-sprintf.o)
                0x0800ca6c                siprintf
                0x0800ca6c                sprintf
 .text.memset   0x0800caac       0x10 C:/ST/STM32CubeIDE_1.16.1/STM32CubeIDE/plugins/com.st.stm32cube.ide.mcu.externaltools.gnu-tools-for-stm32.12.3.rel1.win32_1.0.200.202406191623/tools/bin/../lib/gcc/arm-none-eabi/12.3.1/../../../../arm-none-eabi/lib/thumb/v7e-m+fp/hard\libc_nano.a(libc_a-memset.o)
                0x0800caac                memset
 .text.__errno  0x0800cabc        0xc C:/ST/STM32CubeIDE_1.16.1/STM32CubeIDE/plugins/com.st.stm32cube.ide.mcu.externaltools.gnu-tools-for-stm32.12.3.rel1.win32_1.0.200.202406191623/tools/bin/../lib/gcc/arm-none-eabi/12.3.1/../../../../arm-none-eabi/lib/thumb/v7e-m+fp/hard\libc_nano.a(libc_a-errno.o)
                0x0800cabc                __errno
 .text.__libc_init_array
                0x0800cac8       0x48 C:/ST/STM32CubeIDE_1.16.1/STM32CubeIDE/plugins/com.st.stm32cube.ide.mcu.externaltools.gnu-tools-for-stm32.12.3.rel1.win32_1.0.200.202406191623/tools/bin/../lib/gcc/arm-none-eabi/12.3.1/../../../../arm-none-eabi/lib/thumb/v7e-m+fp/hard\libc_nano.a(libc_a-init.o)
                0x0800cac8                __libc_init_array
 .text.__retarget_lock_acquire_recursive
                0x0800cb10        0x2 C:/ST/STM32CubeIDE_1.16.1/STM32CubeIDE/plugins/com.st.stm32cube.ide.mcu.externaltools.gnu-tools-for-stm32.12.3.rel1.win32_1.0.200.202406191623/tools/bin/../lib/gcc/arm-none-eabi/12.3.1/../../../../arm-none-eabi/lib/thumb/v7e-m+fp/hard\libc_nano.a(libc_a-lock.o)
                0x0800cb10                __retarget_lock_acquire_recursive
 .text.__retarget_lock_release_recursive
                0x0800cb12        0x2 C:/ST/STM32CubeIDE_1.16.1/STM32CubeIDE/plugins/com.st.stm32cube.ide.mcu.externaltools.gnu-tools-for-stm32.12.3.rel1.win32_1.0.200.202406191623/tools/bin/../lib/gcc/arm-none-eabi/12.3.1/../../../../arm-none-eabi/lib/thumb/v7e-m+fp/hard\libc_nano.a(libc_a-lock.o)
                0x0800cb12                __retarget_lock_release_recursive
 .text._free_r  0x0800cb14       0x94 C:/ST/STM32CubeIDE_1.16.1/STM32CubeIDE/plugins/com.st.stm32cube.ide.mcu.externaltools.gnu-tools-for-stm32.12.3.rel1.win32_1.0.200.202406191623/tools/bin/../lib/gcc/arm-none-eabi/12.3.1/../../../../arm-none-eabi/lib/thumb/v7e-m+fp/hard\libc_nano.a(libc_a-freer.o)
                0x0800cb14                _free_r
 .text.sbrk_aligned
                0x0800cba8       0x44 C:/ST/STM32CubeIDE_1.16.1/STM32CubeIDE/plugins/com.st.stm32cube.ide.mcu.externaltools.gnu-tools-for-stm32.12.3.rel1.win32_1.0.200.202406191623/tools/bin/../lib/gcc/arm-none-eabi/12.3.1/../../../../arm-none-eabi/lib/thumb/v7e-m+fp/hard\libc_nano.a(libc_a-mallocr.o)
 .text._malloc_r
                0x0800cbec      0x100 C:/ST/STM32CubeIDE_1.16.1/STM32CubeIDE/plugins/com.st.stm32cube.ide.mcu.externaltools.gnu-tools-for-stm32.12.3.rel1.win32_1.0.200.202406191623/tools/bin/../lib/gcc/arm-none-eabi/12.3.1/../../../../arm-none-eabi/lib/thumb/v7e-m+fp/hard\libc_nano.a(libc_a-mallocr.o)
                0x0800cbec                _malloc_r
 .text.__malloc_lock
                0x0800ccec        0xc C:/ST/STM32CubeIDE_1.16.1/STM32CubeIDE/plugins/com.st.stm32cube.ide.mcu.externaltools.gnu-tools-for-stm32.12.3.rel1.win32_1.0.200.202406191623/tools/bin/../lib/gcc/arm-none-eabi/12.3.1/../../../../arm-none-eabi/lib/thumb/v7e-m+fp/hard\libc_nano.a(libc_a-mlock.o)
                0x0800ccec                __malloc_lock
 .text.__malloc_unlock
                0x0800ccf8        0xc C:/ST/STM32CubeIDE_1.16.1/STM32CubeIDE/plugins/com.st.stm32cube.ide.mcu.externaltools.gnu-tools-for-stm32.12.3.rel1.win32_1.0.200.202406191623/tools/bin/../lib/gcc/arm-none-eabi/12.3.1/../../../../arm-none-eabi/lib/thumb/v7e-m+fp/hard\libc_nano.a(libc_a-mlock.o)
                0x0800ccf8                __malloc_unlock
 .text.__ssputs_r
                0x0800cd04       0xb6 C:/ST/STM32CubeIDE_1.16.1/STM32CubeIDE/plugins/com.st.stm32cube.ide.mcu.externaltools.gnu-tools-for-stm32.12.3.rel1.win32_1.0.200.202406191623/tools/bin/../lib/gcc/arm-none-eabi/12.3.1/../../../../arm-none-eabi/lib/thumb/v7e-m+fp/hard\libc_nano.a(libc_a-nano-svfprintf.o)
                0x0800cd04                __ssputs_r
 *fill*         0x0800cdba        0x2 
 .text._svfprintf_r
                0x0800cdbc      0x1f8 C:/ST/STM32CubeIDE_1.16.1/STM32CubeIDE/plugins/com.st.stm32cube.ide.mcu.externaltools.gnu-tools-for-stm32.12.3.rel1.win32_1.0.200.202406191623/tools/bin/../lib/gcc/arm-none-eabi/12.3.1/../../../../arm-none-eabi/lib/thumb/v7e-m+fp/hard\libc_nano.a(libc_a-nano-svfprintf.o)
                0x0800cdbc                _svfiprintf_r
                0x0800cdbc                _svfprintf_r
 .text._printf_common
                0x0800cfb4       0xda C:/ST/STM32CubeIDE_1.16.1/STM32CubeIDE/plugins/com.st.stm32cube.ide.mcu.externaltools.gnu-tools-for-stm32.12.3.rel1.win32_1.0.200.202406191623/tools/bin/../lib/gcc/arm-none-eabi/12.3.1/../../../../arm-none-eabi/lib/thumb/v7e-m+fp/hard\libc_nano.a(libc_a-nano-vfprintf_i.o)
                0x0800cfb4                _printf_common
 *fill*         0x0800d08e        0x2 
 .text._printf_i
                0x0800d090      0x240 C:/ST/STM32CubeIDE_1.16.1/STM32CubeIDE/plugins/com.st.stm32cube.ide.mcu.externaltools.gnu-tools-for-stm32.12.3.rel1.win32_1.0.200.202406191623/tools/bin/../lib/gcc/arm-none-eabi/12.3.1/../../../../arm-none-eabi/lib/thumb/v7e-m+fp/hard\libc_nano.a(libc_a-nano-vfprintf_i.o)
                0x0800d090                _printf_i
 .text.memmove  0x0800d2d0       0x34 C:/ST/STM32CubeIDE_1.16.1/STM32CubeIDE/plugins/com.st.stm32cube.ide.mcu.externaltools.gnu-tools-for-stm32.12.3.rel1.win32_1.0.200.202406191623/tools/bin/../lib/gcc/arm-none-eabi/12.3.1/../../../../arm-none-eabi/lib/thumb/v7e-m+fp/hard\libc_nano.a(libc_a-memmove.o)
                0x0800d2d0                memmove
 .text._sbrk_r  0x0800d304       0x20 C:/ST/STM32CubeIDE_1.16.1/STM32CubeIDE/plugins/com.st.stm32cube.ide.mcu.externaltools.gnu-tools-for-stm32.12.3.rel1.win32_1.0.200.202406191623/tools/bin/../lib/gcc/arm-none-eabi/12.3.1/../../../../arm-none-eabi/lib/thumb/v7e-m+fp/hard\libc_nano.a(libc_a-sbrkr.o)
                0x0800d304                _sbrk_r
 .text.memcpy   0x0800d324       0x1c C:/ST/STM32CubeIDE_1.16.1/STM32CubeIDE/plugins/com.st.stm32cube.ide.mcu.externaltools.gnu-tools-for-stm32.12.3.rel1.win32_1.0.200.202406191623/tools/bin/../lib/gcc/arm-none-eabi/12.3.1/../../../../arm-none-eabi/lib/thumb/v7e-m+fp/hard\libc_nano.a(libc_a-memcpy-stub.o)
                0x0800d324                memcpy
 .text._realloc_r
                0x0800d340       0x5c C:/ST/STM32CubeIDE_1.16.1/STM32CubeIDE/plugins/com.st.stm32cube.ide.mcu.externaltools.gnu-tools-for-stm32.12.3.rel1.win32_1.0.200.202406191623/tools/bin/../lib/gcc/arm-none-eabi/12.3.1/../../../../arm-none-eabi/lib/thumb/v7e-m+fp/hard\libc_nano.a(libc_a-reallocr.o)
                0x0800d340                _realloc_r
 .text._malloc_usable_size_r
                0x0800d39c       0x10 C:/ST/STM32CubeIDE_1.16.1/STM32CubeIDE/plugins/com.st.stm32cube.ide.mcu.externaltools.gnu-tools-for-stm32.12.3.rel1.win32_1.0.200.202406191623/tools/bin/../lib/gcc/arm-none-eabi/12.3.1/../../../../arm-none-eabi/lib/thumb/v7e-m+fp/hard\libc_nano.a(libc_a-msizer.o)
                0x0800d39c                _malloc_usable_size_r
 *(.glue_7)
 .glue_7        0x0800d3ac        0x0 linker stubs
 *(.glue_7t)
 .glue_7t       0x0800d3ac        0x0 linker stubs
 *(.eh_frame)
 .eh_frame      0x0800d3ac        0x0 C:/ST/STM32CubeIDE_1.16.1/STM32CubeIDE/plugins/com.st.stm32cube.ide.mcu.externaltools.gnu-tools-for-stm32.12.3.rel1.win32_1.0.200.202406191623/tools/bin/../lib/gcc/arm-none-eabi/12.3.1/thumb/v7e-m+fp/hard/crtbegin.o
 *(.init)
 .init          0x0800d3ac        0x4 C:/ST/STM32CubeIDE_1.16.1/STM32CubeIDE/plugins/com.st.stm32cube.ide.mcu.externaltools.gnu-tools-for-stm32.12.3.rel1.win32_1.0.200.202406191623/tools/bin/../lib/gcc/arm-none-eabi/12.3.1/thumb/v7e-m+fp/hard/crti.o
                0x0800d3ac                _init
 .init          0x0800d3b0        0x8 C:/ST/STM32CubeIDE_1.16.1/STM32CubeIDE/plugins/com.st.stm32cube.ide.mcu.externaltools.gnu-tools-for-stm32.12.3.rel1.win32_1.0.200.202406191623/tools/bin/../lib/gcc/arm-none-eabi/12.3.1/thumb/v7e-m+fp/hard/crtn.o
 *(.fini)
 .fini          0x0800d3b8        0x4 C:/ST/STM32CubeIDE_1.16.1/STM32CubeIDE/plugins/com.st.stm32cube.ide.mcu.externaltools.gnu-tools-for-stm32.12.3.rel1.win32_1.0.200.202406191623/tools/bin/../lib/gcc/arm-none-eabi/12.3.1/thumb/v7e-m+fp/hard/crti.o
                0x0800d3b8                _fini
 .fini          0x0800d3bc        0x8 C:/ST/STM32CubeIDE_1.16.1/STM32CubeIDE/plugins/com.st.stm32cube.ide.mcu.externaltools.gnu-tools-for-stm32.12.3.rel1.win32_1.0.200.202406191623/tools/bin/../lib/gcc/arm-none-eabi/12.3.1/thumb/v7e-m+fp/hard/crtn.o
                0x0800d3c4                        . = ALIGN (0x4)
                0x0800d3c4                        _etext = .

.vfp11_veneer   0x0800d3c4        0x0
 .vfp11_veneer  0x0800d3c4        0x0 linker stubs

.v4_bx          0x0800d3c4        0x0
 .v4_bx         0x0800d3c4        0x0 linker stubs

.iplt           0x0800d3c4        0x0
 .iplt          0x0800d3c4        0x0 C:/ST/STM32CubeIDE_1.16.1/STM32CubeIDE/plugins/com.st.stm32cube.ide.mcu.externaltools.gnu-tools-for-stm32.12.3.rel1.win32_1.0.200.202406191623/tools/bin/../lib/gcc/arm-none-eabi/12.3.1/thumb/v7e-m+fp/hard/crtbegin.o

.rodata         0x0800d3c4      0x5ac
                0x0800d3c4                        . = ALIGN (0x4)
 *(.rodata)
 .rodata        0x0800d3c4       0x5b ./Application/User/Core/main.o
 *fill*         0x0800d41f        0x1 
 .rodata        0x0800d420       0x46 ./Application/User/USB_DEVICE/App/usbd_desc.o
 *fill*         0x0800d466        0x2 
 .rodata        0x0800d468       0x76 ./Drivers/STM32F4xx_HAL_Driver/stm32f4xx_hal_can.o
 *fill*         0x0800d4de        0x2 
 .rodata        0x0800d4e0       0x79 ./Drivers/STM32F4xx_HAL_Driver/stm32f4xx_hal_cortex.o
 *fill*         0x0800d559        0x3 
 .rodata        0x0800d55c       0x7b ./Drivers/STM32F4xx_HAL_Driver/stm32f4xx_hal_flash_ex.o
 *fill*         0x0800d5d7        0x1 
 .rodata        0x0800d5d8       0x77 ./Drivers/STM32F4xx_HAL_Driver/stm32f4xx_hal_gpio.o
 *fill*         0x0800d64f        0x1 
 .rodata        0x0800d650       0x76 ./Drivers/STM32F4xx_HAL_Driver/stm32f4xx_hal_pcd.o
 *fill*         0x0800d6c6        0x2 
 .rodata        0x0800d6c8       0x76 ./Drivers/STM32F4xx_HAL_Driver/stm32f4xx_hal_rcc.o
 *fill*         0x0800d73e        0x2 
 .rodata        0x0800d740       0x76 ./Drivers/STM32F4xx_HAL_Driver/stm32f4xx_hal_spi.o
 *fill*         0x0800d7b6        0x2 
 .rodata        0x0800d7b8       0x76 ./Drivers/STM32F4xx_HAL_Driver/stm32f4xx_hal_tim.o
 *fill*         0x0800d82e        0x2 
 .rodata        0x0800d830       0x79 ./Drivers/STM32F4xx_HAL_Driver/stm32f4xx_hal_tim_ex.o
 *fill*         0x0800d8a9        0x3 
 .rodata        0x0800d8ac       0x77 ./Drivers/STM32F4xx_HAL_Driver/stm32f4xx_hal_uart.o
 *(.rodata*)
 *fill*         0x0800d923        0x1 
 .rodata.AHBPrescTable
                0x0800d924       0x10 ./Drivers/CMSIS/system_stm32f4xx.o
                0x0800d924                AHBPrescTable
 .rodata.APBPrescTable
                0x0800d934        0x8 ./Drivers/CMSIS/system_stm32f4xx.o
                0x0800d934                APBPrescTable
 .rodata._svfprintf_r.str1.1
                0x0800d93c       0x11 C:/ST/STM32CubeIDE_1.16.1/STM32CubeIDE/plugins/com.st.stm32cube.ide.mcu.externaltools.gnu-tools-for-stm32.12.3.rel1.win32_1.0.200.202406191623/tools/bin/../lib/gcc/arm-none-eabi/12.3.1/../../../../arm-none-eabi/lib/thumb/v7e-m+fp/hard\libc_nano.a(libc_a-nano-svfprintf.o)
 .rodata._printf_i.str1.1
                0x0800d94d       0x22 C:/ST/STM32CubeIDE_1.16.1/STM32CubeIDE/plugins/com.st.stm32cube.ide.mcu.externaltools.gnu-tools-for-stm32.12.3.rel1.win32_1.0.200.202406191623/tools/bin/../lib/gcc/arm-none-eabi/12.3.1/../../../../arm-none-eabi/lib/thumb/v7e-m+fp/hard\libc_nano.a(libc_a-nano-vfprintf_i.o)
                0x0800d970                        . = ALIGN (0x4)
 *fill*         0x0800d96f        0x1 

.ARM.extab      0x0800d970        0x0
                0x0800d970                        . = ALIGN (0x4)
 *(.ARM.extab* .gnu.linkonce.armextab.*)
                0x0800d970                        . = ALIGN (0x4)

.ARM            0x0800d970        0x8
                0x0800d970                        . = ALIGN (0x4)
                0x0800d970                        __exidx_start = .
 *(.ARM.exidx*)
 .ARM.exidx     0x0800d970        0x8 C:/ST/STM32CubeIDE_1.16.1/STM32CubeIDE/plugins/com.st.stm32cube.ide.mcu.externaltools.gnu-tools-for-stm32.12.3.rel1.win32_1.0.200.202406191623/tools/bin/../lib/gcc/arm-none-eabi/12.3.1/../../../../arm-none-eabi/lib/thumb/v7e-m+fp/hard\libc_nano.a(libc_a-strlen.o)
 .ARM.exidx     0x0800d978        0x0 C:/ST/STM32CubeIDE_1.16.1/STM32CubeIDE/plugins/com.st.stm32cube.ide.mcu.externaltools.gnu-tools-for-stm32.12.3.rel1.win32_1.0.200.202406191623/tools/bin/../lib/gcc/arm-none-eabi/12.3.1/../../../../arm-none-eabi/lib/thumb/v7e-m+fp/hard\libc_nano.a(libc_a-memchr.o)
                                  0x8 (size before relaxing)
 .ARM.exidx     0x0800d978        0x0 C:/ST/STM32CubeIDE_1.16.1/STM32CubeIDE/plugins/com.st.stm32cube.ide.mcu.externaltools.gnu-tools-for-stm32.12.3.rel1.win32_1.0.200.202406191623/tools/bin/../lib/gcc/arm-none-eabi/12.3.1/thumb/v7e-m+fp/hard\libgcc.a(_udivmoddi4.o)
                                  0x8 (size before relaxing)
                0x0800d978                        __exidx_end = .
                0x0800d978                        . = ALIGN (0x4)

.preinit_array  0x0800d978        0x0
                0x0800d978                        . = ALIGN (0x4)
                0x0800d978                        PROVIDE (__preinit_array_start = .)
 *(.preinit_array*)
                0x0800d978                        PROVIDE (__preinit_array_end = .)
                0x0800d978                        . = ALIGN (0x4)

.init_array     0x0800d978        0x4
                0x0800d978                        . = ALIGN (0x4)
                0x0800d978                        PROVIDE (__init_array_start = .)
 *(SORT_BY_NAME(.init_array.*))
 *(.init_array*)
 .init_array    0x0800d978        0x4 C:/ST/STM32CubeIDE_1.16.1/STM32CubeIDE/plugins/com.st.stm32cube.ide.mcu.externaltools.gnu-tools-for-stm32.12.3.rel1.win32_1.0.200.202406191623/tools/bin/../lib/gcc/arm-none-eabi/12.3.1/thumb/v7e-m+fp/hard/crtbegin.o
                0x0800d97c                        PROVIDE (__init_array_end = .)
                0x0800d97c                        . = ALIGN (0x4)

.fini_array     0x0800d97c        0x4
                0x0800d97c                        . = ALIGN (0x4)
                [!provide]                        PROVIDE (__fini_array_start = .)
 *(SORT_BY_NAME(.fini_array.*))
 *(.fini_array*)
 .fini_array    0x0800d97c        0x4 C:/ST/STM32CubeIDE_1.16.1/STM32CubeIDE/plugins/com.st.stm32cube.ide.mcu.externaltools.gnu-tools-for-stm32.12.3.rel1.win32_1.0.200.202406191623/tools/bin/../lib/gcc/arm-none-eabi/12.3.1/thumb/v7e-m+fp/hard/crtbegin.o
                [!provide]                        PROVIDE (__fini_array_end = .)
                0x0800d980                        . = ALIGN (0x4)
                0x0800d980                        _sidata = LOADADDR (.data)

.rel.dyn        0x0800d980        0x0
 .rel.iplt      0x0800d980        0x0 C:/ST/STM32CubeIDE_1.16.1/STM32CubeIDE/plugins/com.st.stm32cube.ide.mcu.externaltools.gnu-tools-for-stm32.12.3.rel1.win32_1.0.200.202406191623/tools/bin/../lib/gcc/arm-none-eabi/12.3.1/thumb/v7e-m+fp/hard/crtbegin.o

.data           0x20000000      0x1ac load address 0x0800d980
                0x20000000                        . = ALIGN (0x4)
                0x20000000                        _sdata = .
 *(.data)
 *(.data*)
 .data.firmwareMainMsg
                0x20000000       0x28 ./Application/User/Core/main.o
                0x20000000                firmwareMainMsg
 .data.tx_buff  0x20000028       0x1e ./Application/User/Core/main.o
                0x20000028                tx_buff
 *fill*         0x20000046        0x2 
 .data.SPI_TX_Buffer
                0x20000048        0x6 ./Application/User/Core/main.o
                0x20000048                SPI_TX_Buffer
 *fill*         0x2000004e        0x2 
 .data.timer1   0x20000050        0x4 ./Application/User/Core/main.o
                0x20000050                timer1
 .data.timer2   0x20000054        0x4 ./Application/User/Core/main.o
                0x20000054                timer2
 .data.timer3   0x20000058        0x4 ./Application/User/Core/main.o
                0x20000058                timer3
 .data.timer4   0x2000005c        0x4 ./Application/User/Core/main.o
                0x2000005c                timer4
 .data.USBD_Interface_fops_FS
                0x20000060       0x14 ./Application/User/USB_DEVICE/App/usbd_cdc_if.o
                0x20000060                USBD_Interface_fops_FS
 .data.FS_Desc  0x20000074       0x1c ./Application/User/USB_DEVICE/App/usbd_desc.o
                0x20000074                FS_Desc
 .data.USBD_FS_DeviceDesc
                0x20000090       0x12 ./Application/User/USB_DEVICE/App/usbd_desc.o
                0x20000090                USBD_FS_DeviceDesc
 *fill*         0x200000a2        0x2 
 .data.USBD_LangIDDesc
                0x200000a4        0x4 ./Application/User/USB_DEVICE/App/usbd_desc.o
                0x200000a4                USBD_LangIDDesc
 .data.USBD_StringSerial
                0x200000a8       0x1a ./Application/User/USB_DEVICE/App/usbd_desc.o
                0x200000a8                USBD_StringSerial
 *fill*         0x200000c2        0x2 
 .data.SystemCoreClock
                0x200000c4        0x4 ./Drivers/CMSIS/system_stm32f4xx.o
                0x200000c4                SystemCoreClock
 .data.uwTickPrio
                0x200000c8        0x4 ./Drivers/STM32F4xx_HAL_Driver/stm32f4xx_hal.o
                0x200000c8                uwTickPrio
 .data.uwTickFreq
                0x200000cc        0x1 ./Drivers/STM32F4xx_HAL_Driver/stm32f4xx_hal.o
                0x200000cc                uwTickFreq
 *fill*         0x200000cd        0x3 
 .data.USBD_CDC_DeviceQualifierDesc
                0x200000d0        0xa ./Middlewares/USB_Device_Library/usbd_cdc.o
 *fill*         0x200000da        0x2 
 .data.USBD_CDC
                0x200000dc       0x38 ./Middlewares/USB_Device_Library/usbd_cdc.o
                0x200000dc                USBD_CDC
 .data.USBD_CDC_CfgDesc
                0x20000114       0x43 ./Middlewares/USB_Device_Library/usbd_cdc.o
 .data.CDCInEpAdd
                0x20000157        0x1 ./Middlewares/USB_Device_Library/usbd_cdc.o
 .data.CDCOutEpAdd
                0x20000158        0x1 ./Middlewares/USB_Device_Library/usbd_cdc.o
 .data.CDCCmdEpAdd
                0x20000159        0x1 ./Middlewares/USB_Device_Library/usbd_cdc.o
 *fill*         0x2000015a        0x2 
 .data._impure_ptr
                0x2000015c        0x4 C:/ST/STM32CubeIDE_1.16.1/STM32CubeIDE/plugins/com.st.stm32cube.ide.mcu.externaltools.gnu-tools-for-stm32.12.3.rel1.win32_1.0.200.202406191623/tools/bin/../lib/gcc/arm-none-eabi/12.3.1/../../../../arm-none-eabi/lib/thumb/v7e-m+fp/hard\libc_nano.a(libc_a-impure.o)
                0x2000015c                _impure_ptr
 .data._impure_data
                0x20000160       0x4c C:/ST/STM32CubeIDE_1.16.1/STM32CubeIDE/plugins/com.st.stm32cube.ide.mcu.externaltools.gnu-tools-for-stm32.12.3.rel1.win32_1.0.200.202406191623/tools/bin/../lib/gcc/arm-none-eabi/12.3.1/../../../../arm-none-eabi/lib/thumb/v7e-m+fp/hard\libc_nano.a(libc_a-impure.o)
                0x20000160                _impure_data
 *(.RamFunc)
 *(.RamFunc*)
                0x200001ac                        . = ALIGN (0x4)
                0x200001ac                        _edata = .
                0x0800db2c                        _siccmram = LOADADDR (.ccmram)

.igot.plt       0x200001ac        0x0 load address 0x0800db2c
 .igot.plt      0x200001ac        0x0 C:/ST/STM32CubeIDE_1.16.1/STM32CubeIDE/plugins/com.st.stm32cube.ide.mcu.externaltools.gnu-tools-for-stm32.12.3.rel1.win32_1.0.200.202406191623/tools/bin/../lib/gcc/arm-none-eabi/12.3.1/thumb/v7e-m+fp/hard/crtbegin.o

.ccmram         0x10000000        0x0 load address 0x0800db2c
                0x10000000                        . = ALIGN (0x4)
                0x10000000                        _sccmram = .
 *(.ccmram)
 *(.ccmram*)
                0x10000000                        . = ALIGN (0x4)
                0x10000000                        _eccmram = .
                0x10000000                        . = ALIGN (0x4)

.bss            0x200001ac     0x1ef8
                0x200001ac                        _sbss = .
                0x200001ac                        __bss_start__ = _sbss
 *(.bss)
 .bss           0x200001ac       0x1c C:/ST/STM32CubeIDE_1.16.1/STM32CubeIDE/plugins/com.st.stm32cube.ide.mcu.externaltools.gnu-tools-for-stm32.12.3.rel1.win32_1.0.200.202406191623/tools/bin/../lib/gcc/arm-none-eabi/12.3.1/thumb/v7e-m+fp/hard/crtbegin.o
 *(.bss*)
 .bss.hcan2     0x200001c8       0x28 ./Application/User/Core/main.o
                0x200001c8                hcan2
 .bss.hspi1     0x200001f0       0x58 ./Application/User/Core/main.o
                0x200001f0                hspi1
 .bss.htim2     0x20000248       0x48 ./Application/User/Core/main.o
                0x20000248                htim2
 .bss.huart4    0x20000290       0x48 ./Application/User/Core/main.o
                0x20000290                huart4
 .bss.TxHeader  0x200002d8       0x18 ./Application/User/Core/main.o
                0x200002d8                TxHeader
 .bss.RxHeader  0x200002f0       0x1c ./Application/User/Core/main.o
                0x200002f0                RxHeader
 .bss.TxData    0x2000030c        0x8 ./Application/User/Core/main.o
                0x2000030c                TxData
 .bss.RxData    0x20000314        0x8 ./Application/User/Core/main.o
                0x20000314                RxData
 .bss.TxMailbox
                0x2000031c        0x4 ./Application/User/Core/main.o
                0x2000031c                TxMailbox
 .bss.rx_buff   0x20000320       0x1e ./Application/User/Core/main.o
                0x20000320                rx_buff
 *fill*         0x2000033e        0x2 
 .bss.SPI_RX_Buffer
                0x20000340        0x8 ./Application/User/Core/main.o
                0x20000340                SPI_RX_Buffer
 .bss.newData   0x20000348        0x4 ./Application/User/Core/main.o
                0x20000348                newData
 .bss.timer     0x2000034c        0x4 ./Application/User/Core/main.o
                0x2000034c                timer
 .bss.__sbrk_heap_end
                0x20000350        0x4 ./Application/User/Core/sysmem.o
 .bss.hUsbDeviceFS
                0x20000354      0x2dc ./Application/User/USB_DEVICE/App/usb_device.o
                0x20000354                hUsbDeviceFS
 .bss.UserRxBufferFS
                0x20000630      0x800 ./Application/User/USB_DEVICE/App/usbd_cdc_if.o
                0x20000630                UserRxBufferFS
 .bss.UserTxBufferFS
                0x20000e30      0x800 ./Application/User/USB_DEVICE/App/usbd_cdc_if.o
                0x20000e30                UserTxBufferFS
 .bss.USBD_StrDesc
                0x20001630      0x200 ./Application/User/USB_DEVICE/App/usbd_desc.o
                0x20001630                USBD_StrDesc
 .bss.hpcd_USB_OTG_FS
                0x20001830      0x4e4 ./Application/User/USB_DEVICE/Target/usbd_conf.o
                0x20001830                hpcd_USB_OTG_FS
 .bss.mem.0     0x20001d14      0x220 ./Application/User/USB_DEVICE/Target/usbd_conf.o
 .bss.uwTick    0x20001f34        0x4 ./Drivers/STM32F4xx_HAL_Driver/stm32f4xx_hal.o
                0x20001f34                uwTick
 .bss.pFlash    0x20001f38       0x20 ./Drivers/STM32F4xx_HAL_Driver/stm32f4xx_hal_flash.o
                0x20001f38                pFlash
 .bss.cfgidx.0  0x20001f58        0x1 ./Middlewares/USB_Device_Library/usbd_ctlreq.o
 *fill*         0x20001f59        0x3 
 .bss.__sf      0x20001f5c      0x138 C:/ST/STM32CubeIDE_1.16.1/STM32CubeIDE/plugins/com.st.stm32cube.ide.mcu.externaltools.gnu-tools-for-stm32.12.3.rel1.win32_1.0.200.202406191623/tools/bin/../lib/gcc/arm-none-eabi/12.3.1/../../../../arm-none-eabi/lib/thumb/v7e-m+fp/hard\libc_nano.a(libc_a-findfp.o)
                0x20001f5c                __sf
 .bss.errno     0x20002094        0x4 C:/ST/STM32CubeIDE_1.16.1/STM32CubeIDE/plugins/com.st.stm32cube.ide.mcu.externaltools.gnu-tools-for-stm32.12.3.rel1.win32_1.0.200.202406191623/tools/bin/../lib/gcc/arm-none-eabi/12.3.1/../../../../arm-none-eabi/lib/thumb/v7e-m+fp/hard\libc_nano.a(libc_a-reent.o)
                0x20002094                errno
 .bss.__lock___malloc_recursive_mutex
                0x20002098        0x1 C:/ST/STM32CubeIDE_1.16.1/STM32CubeIDE/plugins/com.st.stm32cube.ide.mcu.externaltools.gnu-tools-for-stm32.12.3.rel1.win32_1.0.200.202406191623/tools/bin/../lib/gcc/arm-none-eabi/12.3.1/../../../../arm-none-eabi/lib/thumb/v7e-m+fp/hard\libc_nano.a(libc_a-lock.o)
                0x20002098                __lock___malloc_recursive_mutex
 *fill*         0x20002099        0x3 
 .bss.__malloc_sbrk_start
                0x2000209c        0x4 C:/ST/STM32CubeIDE_1.16.1/STM32CubeIDE/plugins/com.st.stm32cube.ide.mcu.externaltools.gnu-tools-for-stm32.12.3.rel1.win32_1.0.200.202406191623/tools/bin/../lib/gcc/arm-none-eabi/12.3.1/../../../../arm-none-eabi/lib/thumb/v7e-m+fp/hard\libc_nano.a(libc_a-mallocr.o)
                0x2000209c                __malloc_sbrk_start
 .bss.__malloc_free_list
                0x200020a0        0x4 C:/ST/STM32CubeIDE_1.16.1/STM32CubeIDE/plugins/com.st.stm32cube.ide.mcu.externaltools.gnu-tools-for-stm32.12.3.rel1.win32_1.0.200.202406191623/tools/bin/../lib/gcc/arm-none-eabi/12.3.1/../../../../arm-none-eabi/lib/thumb/v7e-m+fp/hard\libc_nano.a(libc_a-mallocr.o)
                0x200020a0                __malloc_free_list
 *(COMMON)
                0x200020a4                        . = ALIGN (0x4)
                0x200020a4                        _ebss = .
                0x200020a4                        __bss_end__ = _ebss

._user_heap_stack
                0x200020a4      0x604
                0x200020a8                        . = ALIGN (0x8)
 *fill*         0x200020a4        0x4 
                [!provide]                        PROVIDE (end = .)
                0x200020a8                        PROVIDE (_end = .)
                0x200022a8                        . = (. + _Min_Heap_Size)
 *fill*         0x200020a8      0x200 
                0x200026a8                        . = (. + _Min_Stack_Size)
 *fill*         0x200022a8      0x400 
                0x200026a8                        . = ALIGN (0x8)

/DISCARD/
 libc.a(*)
 libm.a(*)
 libgcc.a(*)

.ARM.attributes
                0x00000000       0x30
 *(.ARM.attributes)
 .ARM.attributes
                0x00000000       0x22 C:/ST/STM32CubeIDE_1.16.1/STM32CubeIDE/plugins/com.st.stm32cube.ide.mcu.externaltools.gnu-tools-for-stm32.12.3.rel1.win32_1.0.200.202406191623/tools/bin/../lib/gcc/arm-none-eabi/12.3.1/thumb/v7e-m+fp/hard/crti.o
 .ARM.attributes
                0x00000022       0x34 C:/ST/STM32CubeIDE_1.16.1/STM32CubeIDE/plugins/com.st.stm32cube.ide.mcu.externaltools.gnu-tools-for-stm32.12.3.rel1.win32_1.0.200.202406191623/tools/bin/../lib/gcc/arm-none-eabi/12.3.1/thumb/v7e-m+fp/hard/crtbegin.o
 .ARM.attributes
                0x00000056       0x34 ./Application/User/Core/main.o
 .ARM.attributes
                0x0000008a       0x34 ./Application/User/Core/stm32f4xx_hal_msp.o
 .ARM.attributes
                0x000000be       0x34 ./Application/User/Core/stm32f4xx_it.o
 .ARM.attributes
                0x000000f2       0x34 ./Application/User/Core/sysmem.o
 .ARM.attributes
                0x00000126       0x21 ./Application/User/Startup/startup_stm32f405rgtx.o
 .ARM.attributes
                0x00000147       0x34 ./Application/User/USB_DEVICE/App/usb_device.o
 .ARM.attributes
                0x0000017b       0x34 ./Application/User/USB_DEVICE/App/usbd_cdc_if.o
 .ARM.attributes
                0x000001af       0x34 ./Application/User/USB_DEVICE/App/usbd_desc.o
 .ARM.attributes
                0x000001e3       0x34 ./Application/User/USB_DEVICE/Target/usbd_conf.o
 .ARM.attributes
                0x00000217       0x34 ./Drivers/CMSIS/system_stm32f4xx.o
 .ARM.attributes
                0x0000024b       0x34 ./Drivers/STM32F4xx_HAL_Driver/stm32f4xx_hal.o
 .ARM.attributes
                0x0000027f       0x34 ./Drivers/STM32F4xx_HAL_Driver/stm32f4xx_hal_can.o
 .ARM.attributes
                0x000002b3       0x34 ./Drivers/STM32F4xx_HAL_Driver/stm32f4xx_hal_cortex.o
 .ARM.attributes
                0x000002e7       0x34 ./Drivers/STM32F4xx_HAL_Driver/stm32f4xx_hal_dma.o
 .ARM.attributes
                0x0000031b       0x34 ./Drivers/STM32F4xx_HAL_Driver/stm32f4xx_hal_flash.o
 .ARM.attributes
                0x0000034f       0x34 ./Drivers/STM32F4xx_HAL_Driver/stm32f4xx_hal_flash_ex.o
 .ARM.attributes
                0x00000383       0x34 ./Drivers/STM32F4xx_HAL_Driver/stm32f4xx_hal_gpio.o
 .ARM.attributes
                0x000003b7       0x34 ./Drivers/STM32F4xx_HAL_Driver/stm32f4xx_hal_pcd.o
 .ARM.attributes
                0x000003eb       0x34 ./Drivers/STM32F4xx_HAL_Driver/stm32f4xx_hal_pcd_ex.o
 .ARM.attributes
                0x0000041f       0x34 ./Drivers/STM32F4xx_HAL_Driver/stm32f4xx_hal_pwr.o
 .ARM.attributes
                0x00000453       0x34 ./Drivers/STM32F4xx_HAL_Driver/stm32f4xx_hal_rcc.o
 .ARM.attributes
                0x00000487       0x34 ./Drivers/STM32F4xx_HAL_Driver/stm32f4xx_hal_spi.o
 .ARM.attributes
                0x000004bb       0x34 ./Drivers/STM32F4xx_HAL_Driver/stm32f4xx_hal_tim.o
 .ARM.attributes
                0x000004ef       0x34 ./Drivers/STM32F4xx_HAL_Driver/stm32f4xx_hal_tim_ex.o
 .ARM.attributes
                0x00000523       0x34 ./Drivers/STM32F4xx_HAL_Driver/stm32f4xx_hal_uart.o
 .ARM.attributes
                0x00000557       0x34 ./Drivers/STM32F4xx_HAL_Driver/stm32f4xx_ll_usb.o
 .ARM.attributes
                0x0000058b       0x34 ./Middlewares/USB_Device_Library/usbd_cdc.o
 .ARM.attributes
                0x000005bf       0x34 ./Middlewares/USB_Device_Library/usbd_core.o
 .ARM.attributes
                0x000005f3       0x34 ./Middlewares/USB_Device_Library/usbd_ctlreq.o
 .ARM.attributes
                0x00000627       0x34 ./Middlewares/USB_Device_Library/usbd_ioreq.o
 .ARM.attributes
                0x0000065b       0x34 C:/ST/STM32CubeIDE_1.16.1/STM32CubeIDE/plugins/com.st.stm32cube.ide.mcu.externaltools.gnu-tools-for-stm32.12.3.rel1.win32_1.0.200.202406191623/tools/bin/../lib/gcc/arm-none-eabi/12.3.1/../../../../arm-none-eabi/lib/thumb/v7e-m+fp/hard\libc_nano.a(libc_a-findfp.o)
 .ARM.attributes
                0x0000068f       0x34 C:/ST/STM32CubeIDE_1.16.1/STM32CubeIDE/plugins/com.st.stm32cube.ide.mcu.externaltools.gnu-tools-for-stm32.12.3.rel1.win32_1.0.200.202406191623/tools/bin/../lib/gcc/arm-none-eabi/12.3.1/../../../../arm-none-eabi/lib/thumb/v7e-m+fp/hard\libc_nano.a(libc_a-sprintf.o)
 .ARM.attributes
                0x000006c3       0x34 C:/ST/STM32CubeIDE_1.16.1/STM32CubeIDE/plugins/com.st.stm32cube.ide.mcu.externaltools.gnu-tools-for-stm32.12.3.rel1.win32_1.0.200.202406191623/tools/bin/../lib/gcc/arm-none-eabi/12.3.1/../../../../arm-none-eabi/lib/thumb/v7e-m+fp/hard\libc_nano.a(libc_a-memset.o)
 .ARM.attributes
                0x000006f7       0x34 C:/ST/STM32CubeIDE_1.16.1/STM32CubeIDE/plugins/com.st.stm32cube.ide.mcu.externaltools.gnu-tools-for-stm32.12.3.rel1.win32_1.0.200.202406191623/tools/bin/../lib/gcc/arm-none-eabi/12.3.1/../../../../arm-none-eabi/lib/thumb/v7e-m+fp/hard\libc_nano.a(libc_a-reent.o)
 .ARM.attributes
                0x0000072b       0x34 C:/ST/STM32CubeIDE_1.16.1/STM32CubeIDE/plugins/com.st.stm32cube.ide.mcu.externaltools.gnu-tools-for-stm32.12.3.rel1.win32_1.0.200.202406191623/tools/bin/../lib/gcc/arm-none-eabi/12.3.1/../../../../arm-none-eabi/lib/thumb/v7e-m+fp/hard\libc_nano.a(libc_a-impure.o)
 .ARM.attributes
                0x0000075f       0x34 C:/ST/STM32CubeIDE_1.16.1/STM32CubeIDE/plugins/com.st.stm32cube.ide.mcu.externaltools.gnu-tools-for-stm32.12.3.rel1.win32_1.0.200.202406191623/tools/bin/../lib/gcc/arm-none-eabi/12.3.1/../../../../arm-none-eabi/lib/thumb/v7e-m+fp/hard\libc_nano.a(libc_a-errno.o)
 .ARM.attributes
                0x00000793       0x34 C:/ST/STM32CubeIDE_1.16.1/STM32CubeIDE/plugins/com.st.stm32cube.ide.mcu.externaltools.gnu-tools-for-stm32.12.3.rel1.win32_1.0.200.202406191623/tools/bin/../lib/gcc/arm-none-eabi/12.3.1/../../../../arm-none-eabi/lib/thumb/v7e-m+fp/hard\libc_nano.a(libc_a-init.o)
 .ARM.attributes