Archive member included to satisfy reference by file (symbol)

C:/ST/STM32CubeIDE_1.16.1/STM32CubeIDE/plugins/com.st.stm32cube.ide.mcu.externaltools.gnu-tools-for-stm32.12.3.rel1.win32_1.0.200.202406191623/tools/bin/../lib/gcc/arm-none-eabi/12.3.1/../../../../arm-none-eabi/lib/thumb/v7e-m+fp/hard\libc_nano.a(libc_a-exit.o)
                              C:/ST/STM32CubeIDE_1.16.1/STM32CubeIDE/plugins/com.st.stm32cube.ide.mcu.externaltools.gnu-tools-for-stm32.12.3.rel1.win32_1.0.200.202406191623/tools/bin/../lib/gcc/arm-none-eabi/12.3.1/../../../../arm-none-eabi/lib/thumb/v7e-m+fp/hard/crt0.o (exit)
C:/ST/STM32CubeIDE_1.16.1/STM32CubeIDE/plugins/com.st.stm32cube.ide.mcu.externaltools.gnu-tools-for-stm32.12.3.rel1.win32_1.0.200.202406191623/tools/bin/../lib/gcc/arm-none-eabi/12.3.1/../../../../arm-none-eabi/lib/thumb/v7e-m+fp/hard\libc_nano.a(libc_a-findfp.o)
                              C:/ST/STM32CubeIDE_1.16.1/STM32CubeIDE/plugins/com.st.stm32cube.ide.mcu.externaltools.gnu-tools-for-stm32.12.3.rel1.win32_1.0.200.202406191623/tools/bin/../lib/gcc/arm-none-eabi/12.3.1/../../../../arm-none-eabi/lib/thumb/v7e-m+fp/hard\libc_nano.a(libc_a-exit.o) (__stdio_exit_handler)
C:/ST/STM32CubeIDE_1.16.1/STM32CubeIDE/plugins/com.st.stm32cube.ide.mcu.externaltools.gnu-tools-for-stm32.12.3.rel1.win32_1.0.200.202406191623/tools/bin/../lib/gcc/arm-none-eabi/12.3.1/../../../../arm-none-eabi/lib/thumb/v7e-m+fp/hard\libc_nano.a(libc_a-fwalk.o)
                              C:/ST/STM32CubeIDE_1.16.1/STM32CubeIDE/plugins/com.st.stm32cube.ide.mcu.externaltools.gnu-tools-for-stm32.12.3.rel1.win32_1.0.200.202406191623/tools/bin/../lib/gcc/arm-none-eabi/12.3.1/../../../../arm-none-eabi/lib/thumb/v7e-m+fp/hard\libc_nano.a(libc_a-findfp.o) (_fwalk_sglue)
C:/ST/STM32CubeIDE_1.16.1/STM32CubeIDE/plugins/com.st.stm32cube.ide.mcu.externaltools.gnu-tools-for-stm32.12.3.rel1.win32_1.0.200.202406191623/tools/bin/../lib/gcc/arm-none-eabi/12.3.1/../../../../arm-none-eabi/lib/thumb/v7e-m+fp/hard\libc_nano.a(libc_a-stdio.o)
                              C:/ST/STM32CubeIDE_1.16.1/STM32CubeIDE/plugins/com.st.stm32cube.ide.mcu.externaltools.gnu-tools-for-stm32.12.3.rel1.win32_1.0.200.202406191623/tools/bin/../lib/gcc/arm-none-eabi/12.3.1/../../../../arm-none-eabi/lib/thumb/v7e-m+fp/hard\libc_nano.a(libc_a-findfp.o) (__sread)
C:/ST/STM32CubeIDE_1.16.1/STM32CubeIDE/plugins/com.st.stm32cube.ide.mcu.externaltools.gnu-tools-for-stm32.12.3.rel1.win32_1.0.200.202406191623/tools/bin/../lib/gcc/arm-none-eabi/12.3.1/../../../../arm-none-eabi/lib/thumb/v7e-m+fp/hard\libc_nano.a(libc_a-memset.o)
                              C:/ST/STM32CubeIDE_1.16.1/STM32CubeIDE/plugins/com.st.stm32cube.ide.mcu.externaltools.gnu-tools-for-stm32.12.3.rel1.win32_1.0.200.202406191623/tools/bin/../lib/gcc/arm-none-eabi/12.3.1/../../../../arm-none-eabi/lib/thumb/v7e-m+fp/hard/crt0.o (memset)
C:/ST/STM32CubeIDE_1.16.1/STM32CubeIDE/plugins/com.st.stm32cube.ide.mcu.externaltools.gnu-tools-for-stm32.12.3.rel1.win32_1.0.200.202406191623/tools/bin/../lib/gcc/arm-none-eabi/12.3.1/../../../../arm-none-eabi/lib/thumb/v7e-m+fp/hard\libc_nano.a(libc_a-closer.o)
                              C:/ST/STM32CubeIDE_1.16.1/STM32CubeIDE/plugins/com.st.stm32cube.ide.mcu.externaltools.gnu-tools-for-stm32.12.3.rel1.win32_1.0.200.202406191623/tools/bin/../lib/gcc/arm-none-eabi/12.3.1/../../../../arm-none-eabi/lib/thumb/v7e-m+fp/hard\libc_nano.a(libc_a-stdio.o) (_close_r)
C:/ST/STM32CubeIDE_1.16.1/STM32CubeIDE/plugins/com.st.stm32cube.ide.mcu.externaltools.gnu-tools-for-stm32.12.3.rel1.win32_1.0.200.202406191623/tools/bin/../lib/gcc/arm-none-eabi/12.3.1/../../../../arm-none-eabi/lib/thumb/v7e-m+fp/hard\libc_nano.a(libc_a-reent.o)
                              C:/ST/STM32CubeIDE_1.16.1/STM32CubeIDE/plugins/com.st.stm32cube.ide.mcu.externaltools.gnu-tools-for-stm32.12.3.rel1.win32_1.0.200.202406191623/tools/bin/../lib/gcc/arm-none-eabi/12.3.1/../../../../arm-none-eabi/lib/thumb/v7e-m+fp/hard\libc_nano.a(libc_a-closer.o) (errno)
C:/ST/STM32CubeIDE_1.16.1/STM32CubeIDE/plugins/com.st.stm32cube.ide.mcu.externaltools.gnu-tools-for-stm32.12.3.rel1.win32_1.0.200.202406191623/tools/bin/../lib/gcc/arm-none-eabi/12.3.1/../../../../arm-none-eabi/lib/thumb/v7e-m+fp/hard\libc_nano.a(libc_a-impure.o)
                              C:/ST/STM32CubeIDE_1.16.1/STM32CubeIDE/plugins/com.st.stm32cube.ide.mcu.externaltools.gnu-tools-for-stm32.12.3.rel1.win32_1.0.200.202406191623/tools/bin/../lib/gcc/arm-none-eabi/12.3.1/../../../../arm-none-eabi/lib/thumb/v7e-m+fp/hard\libc_nano.a(libc_a-reent.o) (_impure_ptr)
C:/ST/STM32CubeIDE_1.16.1/STM32CubeIDE/plugins/com.st.stm32cube.ide.mcu.externaltools.gnu-tools-for-stm32.12.3.rel1.win32_1.0.200.202406191623/tools/bin/../lib/gcc/arm-none-eabi/12.3.1/../../../../arm-none-eabi/lib/thumb/v7e-m+fp/hard\libc_nano.a(libc_a-lseekr.o)
[...]
Memory Configuration

Name             Origin             Length             Attributes
CCMRAM           0x10000000         0x00010000         xrw
RAM              0x20000000         0x00020000         xrw
FLASH            0x08000000         0x00100000         xr
*default*        0x00000000         0xffffffff

Linker script and memory map

LOAD C:/ST/STM32CubeIDE_1.16.1/STM32CubeIDE/plugins/com.st.stm32cube.ide.mcu.externaltools.gnu-tools-for-stm32.12.3.rel1.win32_1.0.200.202406191623/tools/bin/../lib/gcc/arm-none-eabi/12.3.1/thumb/v7e-m+fp/hard/crti.o
LOAD C:/ST/STM32CubeIDE_1.16.1/STM32CubeIDE/plugins/com.st.stm32cube.ide.mcu.externaltools.gnu-tools-for-stm32.12.3.rel1.win32_1.0.200.202406191623/tools/bin/../lib/gcc/arm-none-eabi/12.3.1/thumb/v7e-m+fp/hard/crtbegin.o
LOAD C:/ST/STM32CubeIDE_1.16.1/STM32CubeIDE/plugins/com.st.stm32cube.ide.mcu.externaltools.gnu-tools-for-stm32.12.3.rel1.win32_1.0.200.202406191623/tools/bin/../lib/gcc/arm-none-eabi/12.3.1/../../../../arm-none-eabi/lib/thumb/v7e-m+fp/hard/crt0.o
LOAD ./Application/User/Core/main.o
LOAD ./Application/User/Core/stm32f4xx_hal_msp.o
LOAD ./Application/User/Core/stm32f4xx_it.o
LOAD ./Application/User/Core/syscalls.o
LOAD ./Application/User/Core/sysmem.o
LOAD ./Application/User/Startup/startup_stm32f405rgtx.o
LOAD ./Application/User/USB_DEVICE/App/usb_device.o
LOAD ./Application/User/USB_DEVICE/App/usbd_cdc_if.o
LOAD ./Application/User/USB_DEVICE/App/usbd_desc.o
LOAD ./Application/User/USB_DEVICE/Target/usbd_conf.o
LOAD ./Drivers/CMSIS/system_stm32f4xx.o
LOAD ./Drivers/STM32F4xx_HAL_Driver/stm32f4xx_hal.o
LOAD ./Drivers/STM32F4xx_HAL_Driver/stm32f4xx_hal_cortex.o
LOAD ./Drivers/STM32F4xx_HAL_Driver/stm32f4xx_hal_dma.o
LOAD ./Drivers/STM32F4xx_HAL_Driver/stm32f4xx_hal_dma_ex.o
LOAD ./Drivers/STM32F4xx_HAL_Driver/stm32f4xx_hal_exti.o
LOAD ./Drivers/STM32F4xx_HAL_Driver/stm32f4xx_hal_flash.o
LOAD ./Drivers/STM32F4xx_HAL_Driver/stm32f4xx_hal_flash_ex.o
LOAD ./Drivers/STM32F4xx_HAL_Driver/stm32f4xx_hal_flash_ramfunc.o
LOAD ./Drivers/STM32F4xx_HAL_Driver/stm32f4xx_hal_gpio.o
LOAD ./Drivers/STM32F4xx_HAL_Driver/stm32f4xx_hal_pcd.o
LOAD ./Drivers/STM32F4xx_HAL_Driver/stm32f4xx_hal_pcd_ex.o
LOAD ./Drivers/STM32F4xx_HAL_Driver/stm32f4xx_hal_pwr.o
LOAD ./Drivers/STM32F4xx_HAL_Driver/stm32f4xx_hal_pwr_ex.o
LOAD ./Drivers/STM32F4xx_HAL_Driver/stm32f4xx_hal_rcc.o
LOAD ./Drivers/STM32F4xx_HAL_Driver/stm32f4xx_hal_rcc_ex.o
LOAD ./Drivers/STM32F4xx_HAL_Driver/stm32f4xx_hal_spi.o
LOAD ./Drivers/STM32F4xx_HAL_Driver/stm32f4xx_hal_tim.o
LOAD ./Drivers/STM32F4xx_HAL_Driver/stm32f4xx_hal_tim_ex.o
LOAD ./Drivers/STM32F4xx_HAL_Driver/stm32f4xx_hal_uart.o
LOAD ./Drivers/STM32F4xx_HAL_Driver/stm32f4xx_ll_usb.o
LOAD ./Middlewares/USB_Device_Library/usbd_cdc.o
LOAD ./Middlewares/USB_Device_Library/usbd_core.o
LOAD ./Middlewares/USB_Device_Library/usbd_ctlreq.o
LOAD ./Middlewares/USB_Device_Library/usbd_ioreq.o
START GROUP
LOAD C:/ST/STM32CubeIDE_1.16.1/STM32CubeIDE/plugins/com.st.stm32cube.ide.mcu.externaltools.gnu-tools-for-stm32.12.3.rel1.win32_1.0.200.202406191623/tools/bin/../lib/gcc/arm-none-eabi/12.3.1/../../../../arm-none-eabi/lib/thumb/v7e-m+fp/hard\libc_nano.a
LOAD C:/ST/STM32CubeIDE_1.16.1/STM32CubeIDE/plugins/com.st.stm32cube.ide.mcu.externaltools.gnu-tools-for-stm32.12.3.rel1.win32_1.0.200.202406191623/tools/bin/../lib/gcc/arm-none-eabi/12.3.1/../../../../arm-none-eabi/lib/thumb/v7e-m+fp/hard\libm.a
END GROUP
START GROUP
LOAD C:/ST/STM32CubeIDE_1.16.1/STM32CubeIDE/plugins/com.st.stm32cube.ide.mcu.externaltools.gnu-tools-for-stm32.12.3.rel1.win32_1.0.200.202406191623/tools/bin/../lib/gcc/arm-none-eabi/12.3.1/thumb/v7e-m+fp/hard\libgcc.a
LOAD C:/ST/STM32CubeIDE_1.16.1/STM32CubeIDE/plugins/com.st.stm32cube.ide.mcu.externaltools.gnu-tools-for-stm32.12.3.rel1.win32_1.0.200.202406191623/tools/bin/../lib/gcc/arm-none-eabi/12.3.1/../../../../arm-none-eabi/lib/thumb/v7e-m+fp/hard\libc_nano.a
END GROUP
START GROUP
LOAD C:/ST/STM32CubeIDE_1.16.1/STM32CubeIDE/plugins/com.st.stm32cube.ide.mcu.externaltools.gnu-tools-for-stm32.12.3.rel1.win32_1.0.200.202406191623/tools/bin/../lib/gcc/arm-none-eabi/12.3.1/thumb/v7e-m+fp/hard\libgcc.a
LOAD C:/ST/STM32CubeIDE_1.16.1/STM32CubeIDE/plugins/com.st.stm32cube.ide.mcu.externaltools.gnu-tools-for-stm32.12.3.rel1.win32_1.0.200.202406191623/tools/bin/../lib/gcc/arm-none-eabi/12.3.1/../../../../arm-none-eabi/lib/thumb/v7e-m+fp/hard\libc_nano.a
LOAD C:/ST/STM32CubeIDE_1.16.1/STM32CubeIDE/plugins/com.st.stm32cube.ide.mcu.externaltools.gnu-tools-for-stm32.12.3.rel1.win32_1.0.200.202406191623/tools/bin/../lib/gcc/arm-none-eabi/12.3.1/../../../../arm-none-eabi/lib/thumb/v7e-m+fp/hard\libnosys.a
END GROUP
START GROUP
LOAD C:/ST/STM32CubeIDE_1.16.1/STM32CubeIDE/plugins/com.st.stm32cube.ide.mcu.externaltools.gnu-tools-for-stm32.12.3.rel1.win32_1.0.200.202406191623/tools/bin/../lib/gcc/arm-none-eabi/12.3.1/thumb/v7e-m+fp/hard\libgcc.a
LOAD C:/ST/STM32CubeIDE_1.16.1/STM32CubeIDE/plugins/com.st.stm32cube.ide.mcu.externaltools.gnu-tools-for-stm32.12.3.rel1.win32_1.0.200.202406191623/tools/bin/../lib/gcc/arm-none-eabi/12.3.1/../../../../arm-none-eabi/lib/thumb/v7e-m+fp/hard\libc_nano.a
LOAD C:/ST/STM32CubeIDE_1.16.1/STM32CubeIDE/plugins/com.st.stm32cube.ide.mcu.externaltools.gnu-tools-for-stm32.12.3.rel1.win32_1.0.200.202406191623/tools/bin/../lib/gcc/arm-none-eabi/12.3.1/../../../../arm-none-eabi/lib/thumb/v7e-m+fp/hard\libnosys.a
END GROUP
LOAD C:/ST/STM32CubeIDE_1.16.1/STM32CubeIDE/plugins/com.st.stm32cube.ide.mcu.externaltools.gnu-tools-for-stm32.12.3.rel1.win32_1.0.200.202406191623/tools/bin/../lib/gcc/arm-none-eabi/12.3.1/thumb/v7e-m+fp/hard/crtend.o
LOAD C:/ST/STM32CubeIDE_1.16.1/STM32CubeIDE/plugins/com.st.stm32cube.ide.mcu.externaltools.gnu-tools-for-stm32.12.3.rel1.win32_1.0.200.202406191623/tools/bin/../lib/gcc/arm-none-eabi/12.3.1/thumb/v7e-m+fp/hard/crtn.o
                0x20020000                        _estack = (ORIGIN (RAM) + LENGTH (RAM))
                0x00000200                        _Min_Heap_Size = 0x200
                0x00000400                        _Min_Stack_Size = 0x400

.isr_vector     0x08000000      0x188
                0x08000000                        . = ALIGN (0x4)
 *(.isr_vector)
 .isr_vector    0x08000000      0x188 ./Application/User/Startup/startup_stm32f405rgtx.o
                0x08000000                g_pfnVectors
                0x08000188                        . = ALIGN (0x4)

.text           0x08000188     0x9760
                0x08000188                        . = ALIGN (0x4)
 *(.text)
 .text          0x08000188       0x40 C:/ST/STM32CubeIDE_1.16.1/STM32CubeIDE/plugins/com.st.stm32cube.ide.mcu.externaltools.gnu-tools-for-stm32.12.3.rel1.win32_1.0.200.202406191623/tools/bin/../lib/gcc/arm-none-eabi/12.3.1/thumb/v7e-m+fp/hard/crtbegin.o
 .text          0x080001c8       0x30 C:/ST/STM32CubeIDE_1.16.1/STM32CubeIDE/plugins/com.st.stm32cube.ide.mcu.externaltools.gnu-tools-for-stm32.12.3.rel1.win32_1.0.200.202406191623/tools/bin/../lib/gcc/arm-none-eabi/12.3.1/thumb/v7e-m+fp/hard\libgcc.a(_aeabi_uldivmod.o)
                0x080001c8                __aeabi_uldivmod
 .text          0x080001f8      0x2bc C:/ST/STM32CubeIDE_1.16.1/STM32CubeIDE/plugins/com.st.stm32cube.ide.mcu.externaltools.gnu-tools-for-stm32.12.3.rel1.win32_1.0.200.202406191623/tools/bin/../lib/gcc/arm-none-eabi/12.3.1/thumb/v7e-m+fp/hard\libgcc.a(_udivmoddi4.o)
                0x080001f8                __udivmoddi4
 .text          0x080004b4        0x4 C:/ST/STM32CubeIDE_1.16.1/STM32CubeIDE/plugins/com.st.stm32cube.ide.mcu.externaltools.gnu-tools-for-stm32.12.3.rel1.win32_1.0.200.202406191623/tools/bin/../lib/gcc/arm-none-eabi/12.3.1/thumb/v7e-m+fp/hard\libgcc.a(_dvmd_tls.o)
                0x080004b4                __aeabi_idiv0
                0x080004b4                __aeabi_ldiv0
 *(.text*)
 .text.main     0x080004b8       0xc4 ./Application/User/Core/main.o
                0x080004b8                main
 .text.SystemClock_Config
                0x0800057c       0xd4 ./Application/User/Core/main.o
                0x0800057c                SystemClock_Config
 .text.MX_SPI1_Init
                0x08000650       0x70 ./Application/User/Core/main.o
 .text.MX_UART4_Init
                0x080006c0       0x58 ./Application/User/Core/main.o
 .text.MX_GPIO_Init
                0x08000718      0x1a4 ./Application/User/Core/main.o
 .text.USB_CDC_RxHandler
                0x080008bc       0x1a ./Application/User/Core/main.o
                0x080008bc                USB_CDC_RxHandler
 *fill*         0x080008d6        0x2 
 .text.HAL_SPI_TxRxCpltCallback
                0x080008d8       0x20 ./Application/User/Core/main.o
                0x080008d8                HAL_SPI_TxRxCpltCallback
 .text.Error_Handler
                0x080008f8        0xc ./Application/User/Core/main.o
                0x080008f8                Error_Handler
 .text.assert_failed
                0x08000904       0x16 ./Application/User/Core/main.o
                0x08000904                assert_failed
 *fill*         0x0800091a        0x2 
 .text.HAL_MspInit
                0x0800091c       0x8c ./Application/User/Core/stm32f4xx_hal_msp.o
                0x0800091c                HAL_MspInit
 .text.HAL_SPI_MspInit
                0x080009a8       0xa0 ./Application/User/Core/stm32f4xx_hal_msp.o
                0x080009a8                HAL_SPI_MspInit
 .text.HAL_UART_MspInit
                0x08000a48       0xc4 ./Application/User/Core/stm32f4xx_hal_msp.o
                0x08000a48                HAL_UART_MspInit
 .text.NMI_Handler
                0x08000b0c        0x8 ./Application/User/Core/stm32f4xx_it.o
                0x08000b0c                NMI_Handler
 .text.HardFault_Handler
                0x08000b14        0x8 ./Application/User/Core/stm32f4xx_it.o
                0x08000b14                HardFault_Handler
 .text.MemManage_Handler
                0x08000b1c        0x8 ./Application/User/Core/stm32f4xx_it.o
                0x08000b1c                MemManage_Handler
 .text.BusFault_Handler
                0x08000b24        0x8 ./Application/User/Core/stm32f4xx_it.o
                0x08000b24                BusFault_Handler
 .text.UsageFault_Handler
                0x08000b2c        0x8 ./Application/User/Core/stm32f4xx_it.o
                0x08000b2c                UsageFault_Handler
 .text.SVC_Handler
                0x08000b34        0xe ./Application/User/Core/stm32f4xx_it.o
                0x08000b34                SVC_Handler
 .text.DebugMon_Handler
                0x08000b42        0xe ./Application/User/Core/stm32f4xx_it.o
                0x08000b42                DebugMon_Handler
 .text.PendSV_Handler
                0x08000b50        0xe ./Application/User/Core/stm32f4xx_it.o
                0x08000b50                PendSV_Handler
 .text.SysTick_Handler
                0x08000b5e        0xc ./Application/User/Core/stm32f4xx_it.o
                0x08000b5e                SysTick_Handler
 .text.PVD_IRQHandler
                0x08000b6a        0xc ./Application/User/Core/stm32f4xx_it.o
                0x08000b6a                PVD_IRQHandler
 .text.FLASH_IRQHandler
                0x08000b76        0xc ./Application/User/Core/stm32f4xx_it.o
                0x08000b76                FLASH_IRQHandler
 .text.RCC_IRQHandler
                0x08000b82        0xe ./Application/User/Core/stm32f4xx_it.o
                0x08000b82                RCC_IRQHandler
 .text.EXTI0_IRQHandler
                0x08000b90        0xe ./Application/User/Core/stm32f4xx_it.o
                0x08000b90                EXTI0_IRQHandler
 .text.EXTI9_5_IRQHandler
                0x08000b9e        0xe ./Application/User/Core/stm32f4xx_it.o
                0x08000b9e                EXTI9_5_IRQHandler
 .text.SPI1_IRQHandler
                0x08000bac       0x14 ./Application/User/Core/stm32f4xx_it.o
                0x08000bac                SPI1_IRQHandler
 .text.UART4_IRQHandler
                0x08000bc0       0x14 ./Application/User/Core/stm32f4xx_it.o
                0x08000bc0                UART4_IRQHandler
 .text.OTG_FS_IRQHandler
                0x08000bd4       0x14 ./Application/User/Core/stm32f4xx_it.o
                0x08000bd4                OTG_FS_IRQHandler
 .text.FPU_IRQHandler
                0x08000be8        0xe ./Application/User/Core/stm32f4xx_it.o
                0x08000be8                FPU_IRQHandler
 *fill*         0x08000bf6        0x2 
 .text.Reset_Handler
                0x08000bf8       0x50 ./Application/User/Startup/startup_stm32f405rgtx.o
                0x08000bf8                Reset_Handler
 .text.Default_Handler
                0x08000c48        0x2 ./Application/User/Startup/startup_stm32f405rgtx.o
                0x08000c48                RTC_Alarm_IRQHandler
                0x08000c48                HASH_RNG_IRQHandler
                0x08000c48                EXTI2_IRQHandler
                0x08000c48                TIM8_CC_IRQHandler
                0x08000c48                TIM1_CC_IRQHandler
                0x08000c48                DMA2_Stream5_IRQHandler
                0x08000c48                DMA1_Stream5_IRQHandler
                0x08000c48                SDIO_IRQHandler
                0x08000c48                TAMP_STAMP_IRQHandler
                0x08000c48                CAN2_RX1_IRQHandler
                0x08000c48                EXTI3_IRQHandler
                0x08000c48                TIM8_TRG_COM_TIM14_IRQHandler
                0x08000c48                TIM1_UP_TIM10_IRQHandler
                0x08000c48                TIM8_UP_TIM13_IRQHandler
                0x08000c48                I2C3_ER_IRQHandler
                0x08000c48                I2C2_EV_IRQHandler
                0x08000c48                DMA1_Stream2_IRQHandler
                0x08000c48                CAN1_RX0_IRQHandler
                0x08000c48                OTG_HS_WKUP_IRQHandler
                0x08000c48                CAN2_SCE_IRQHandler
                0x08000c48                DMA2_Stream2_IRQHandler
                0x08000c48                TIM6_DAC_IRQHandler
                0x08000c48                TIM1_BRK_TIM9_IRQHandler
                0x08000c48                CAN2_RX0_IRQHandler
                0x08000c48                DMA2_Stream3_IRQHandler
                0x08000c48                USART6_IRQHandler
                0x08000c48                USART3_IRQHandler
                0x08000c48                CAN1_RX1_IRQHandler
                0x08000c48                UART5_IRQHandler
                0x08000c48                DMA2_Stream0_IRQHandler
                0x08000c48                TIM4_IRQHandler
                0x08000c48                I2C1_EV_IRQHandler
                0x08000c48                DMA1_Stream6_IRQHandler
                0x08000c48                DMA1_Stream1_IRQHandler
                0x08000c48                TIM3_IRQHandler
                0x08000c48                TIM8_BRK_TIM12_IRQHandler
                0x08000c48                Default_Handler
                0x08000c48                EXTI15_10_IRQHandler
                0x08000c48                ADC_IRQHandler
                0x08000c48                DMA1_Stream7_IRQHandler
                0x08000c48                TIM7_IRQHandler
                0x08000c48                CAN2_TX_IRQHandler
                0x08000c48                TIM5_IRQHandler
                0x08000c48                DMA2_Stream7_IRQHandler
                0x08000c48                I2C3_EV_IRQHandler
                0x08000c48                RTC_WKUP_IRQHandler
                0x08000c48                SPI2_IRQHandler
                0x08000c48                OTG_HS_EP1_IN_IRQHandler
                0x08000c48                DMA1_Stream0_IRQHandler
                0x08000c48                CAN1_TX_IRQHandler
                0x08000c48                EXTI4_IRQHandler
                0x08000c48                FSMC_IRQHandler
                0x08000c48                OTG_HS_EP1_OUT_IRQHandler
                0x08000c48                WWDG_IRQHandler
                0x08000c48                TIM2_IRQHandler
                0x08000c48                OTG_FS_WKUP_IRQHandler
                0x08000c48                TIM1_TRG_COM_TIM11_IRQHandler
                0x08000c48                OTG_HS_IRQHandler
                0x08000c48                EXTI1_IRQHandler
                0x08000c48                USART2_IRQHandler
                0x08000c48                I2C2_ER_IRQHandler
                0x08000c48                DMA2_Stream1_IRQHandler
                0x08000c48                CAN1_SCE_IRQHandler
                0x08000c48                DMA2_Stream4_IRQHandler
                0x08000c48                USART1_IRQHandler
                0x08000c48                SPI3_IRQHandler
                0x08000c48                DMA1_Stream4_IRQHandler
                0x08000c48                I2C1_ER_IRQHandler
                0x08000c48                DMA2_Stream6_IRQHandler
                0x08000c48                DMA1_Stream3_IRQHandler
 *fill*         0x08000c4a        0x2 
 .text.MX_USB_DEVICE_Init
                0x08000c4c       0x60 ./Application/User/USB_DEVICE/App/usb_device.o
                0x08000c4c                MX_USB_DEVICE_Init
 .text.CDC_Init_FS
                0x08000cac       0x28 ./Application/User/USB_DEVICE/App/usbd_cdc_if.o
 .text.CDC_DeInit_FS
                0x08000cd4       0x10 ./Application/User/USB_DEVICE/App/usbd_cdc_if.o
 .text.CDC_Control_FS
                0x08000ce4       0xbc ./Application/User/USB_DEVICE/App/usbd_cdc_if.o
 .text.CDC_Receive_FS
                0x08000da0       0x44 ./Application/User/USB_DEVICE/App/usbd_cdc_if.o
 .text.CDC_Transmit_FS
                0x08000de4       0x4c ./Application/User/USB_DEVICE/App/usbd_cdc_if.o
                0x08000de4                CDC_Transmit_FS
 .text.CDC_TransmitCplt_FS
                0x08000e30       0x22 ./Application/User/USB_DEVICE/App/usbd_cdc_if.o
 *fill*         0x08000e52        0x2 
 .text.USBD_FS_DeviceDescriptor
                0x08000e54       0x24 ./Application/User/USB_DEVICE/App/usbd_desc.o
                0x08000e54                USBD_FS_DeviceDescriptor
 .text.USBD_FS_LangIDStrDescriptor
                0x08000e78       0x24 ./Application/User/USB_DEVICE/App/usbd_desc.o
                0x08000e78                USBD_FS_LangIDStrDescriptor
 .text.USBD_FS_ProductStrDescriptor
                0x08000e9c       0x3c ./Application/User/USB_DEVICE/App/usbd_desc.o
                0x08000e9c                USBD_FS_ProductStrDescriptor
 .text.USBD_FS_ManufacturerStrDescriptor
                0x08000ed8       0x28 ./Application/User/USB_DEVICE/App/usbd_desc.o
                0x08000ed8                USBD_FS_ManufacturerStrDescriptor
 .text.USBD_FS_SerialStrDescriptor
                0x08000f00       0x24 ./Application/User/USB_DEVICE/App/usbd_desc.o
                0x08000f00                USBD_FS_SerialStrDescriptor
 .text.USBD_FS_ConfigStrDescriptor
                0x08000f24       0x3c ./Application/User/USB_DEVICE/App/usbd_desc.o
                0x08000f24                USBD_FS_ConfigStrDescriptor
 .text.USBD_FS_InterfaceStrDescriptor
                0x08000f60       0x3c ./Application/User/USB_DEVICE/App/usbd_desc.o
                0x08000f60                USBD_FS_InterfaceStrDescriptor
 .text.Get_SerialNum
                0x08000f9c       0x58 ./Application/User/USB_DEVICE/App/usbd_desc.o
 .text.IntToUnicode
                0x08000ff4       0x7e ./Application/User/USB_DEVICE/App/usbd_desc.o
 *fill*         0x08001072        0x2 
 .text.HAL_PCD_MspInit
                0x08001074       0xa8 ./Application/User/USB_DEVICE/Target/usbd_conf.o
                0x08001074                HAL_PCD_MspInit
 .text.HAL_PCD_SetupStageCallback
                0x0800111c       0x24 ./Application/User/USB_DEVICE/Target/usbd_conf.o
                0x0800111c                HAL_PCD_SetupStageCallback
 .text.HAL_PCD_DataOutStageCallback
                0x08001140       0x36 ./Application/User/USB_DEVICE/Target/usbd_conf.o
                0x08001140                HAL_PCD_DataOutStageCallback
 .text.HAL_PCD_DataInStageCallback
                0x08001176       0x34 ./Application/User/USB_DEVICE/Target/usbd_conf.o
                0x08001176                HAL_PCD_DataInStageCallback
 .text.HAL_PCD_SOFCallback
                0x080011aa       0x1c ./Application/User/USB_DEVICE/Target/usbd_conf.o
                0x080011aa                HAL_PCD_SOFCallback
 .text.HAL_PCD_ResetCallback
                0x080011c6       0x50 ./Application/User/USB_DEVICE/Target/usbd_conf.o
                0x080011c6                HAL_PCD_ResetCallback
 *fill*         0x08001216        0x2 
 .text.HAL_PCD_SuspendCallback
                0x08001218       0x4c ./Application/User/USB_DEVICE/Target/usbd_conf.o
                0x08001218                HAL_PCD_SuspendCallback
 .text.HAL_PCD_ResumeCallback
                0x08001264       0x1c ./Application/User/USB_DEVICE/Target/usbd_conf.o
                0x08001264                HAL_PCD_ResumeCallback
 .text.HAL_PCD_ISOOUTIncompleteCallback
                0x08001280       0x24 ./Application/User/USB_DEVICE/Target/usbd_conf.o
                0x08001280                HAL_PCD_ISOOUTIncompleteCallback
 .text.HAL_PCD_ISOINIncompleteCallback
                0x080012a4       0x24 ./Application/User/USB_DEVICE/Target/usbd_conf.o
                0x080012a4                HAL_PCD_ISOINIncompleteCallback
 .text.HAL_PCD_ConnectCallback
                0x080012c8       0x1c ./Application/User/USB_DEVICE/Target/usbd_conf.o
                0x080012c8                HAL_PCD_ConnectCallback
 .text.HAL_PCD_DisconnectCallback
                0x080012e4       0x1c ./Application/User/USB_DEVICE/Target/usbd_conf.o
                0x080012e4                HAL_PCD_DisconnectCallback
 .text.USBD_LL_Init
                0x08001300       0x98 ./Application/User/USB_DEVICE/Target/usbd_conf.o
                0x08001300                USBD_LL_Init
 .text.USBD_LL_Start
                0x08001398       0x36 ./Application/User/USB_DEVICE/Target/usbd_conf.o
                0x08001398                USBD_LL_Start
 .text.USBD_LL_OpenEP
                0x080013ce       0x4c ./Application/User/USB_DEVICE/Target/usbd_conf.o
                0x080013ce                USBD_LL_OpenEP
 .text.USBD_LL_CloseEP
                0x0800141a       0x3e ./Application/User/USB_DEVICE/Target/usbd_conf.o
                0x0800141a                USBD_LL_CloseEP
 .text.USBD_LL_StallEP
                0x08001458       0x3e ./Application/User/USB_DEVICE/Target/usbd_conf.o
                0x08001458                USBD_LL_StallEP
 .text.USBD_LL_ClearStallEP
                0x08001496       0x3e ./Application/User/USB_DEVICE/Target/usbd_conf.o
                0x08001496                USBD_LL_ClearStallEP
 .text.USBD_LL_IsStallEP
                0x080014d4       0x58 ./Application/User/USB_DEVICE/Target/usbd_conf.o
                0x080014d4                USBD_LL_IsStallEP
 .text.USBD_LL_SetUSBAddress
                0x0800152c       0x3e ./Application/User/USB_DEVICE/Target/usbd_conf.o
                0x0800152c                USBD_LL_SetUSBAddress
 .text.USBD_LL_Transmit
                0x0800156a       0x42 ./Application/User/USB_DEVICE/Target/usbd_conf.o
                0x0800156a                USBD_LL_Transmit
 .text.USBD_LL_PrepareReceive
                0x080015ac       0x42 ./Application/User/USB_DEVICE/Target/usbd_conf.o
                0x080015ac                USBD_LL_PrepareReceive
 .text.USBD_LL_GetRxDataSize
                0x080015ee       0x26 ./Application/User/USB_DEVICE/Target/usbd_conf.o
                0x080015ee                USBD_LL_GetRxDataSize
 .text.USBD_static_malloc
                0x08001614       0x1c ./Application/User/USB_DEVICE/Target/usbd_conf.o
                0x08001614                USBD_static_malloc
 .text.USBD_static_free
                0x08001630       0x14 ./Application/User/USB_DEVICE/Target/usbd_conf.o
                0x08001630                USBD_static_free
 .text.USBD_Get_USB_Status
                0x08001644       0x58 ./Application/User/USB_DEVICE/Target/usbd_conf.o
                0x08001644                USBD_Get_USB_Status
 .text.SystemInit
                0x0800169c       0x24 ./Drivers/CMSIS/system_stm32f4xx.o
                0x0800169c                SystemInit
 .text.HAL_Init
                0x080016c0       0x44 ./Drivers/STM32F4xx_HAL_Driver/stm32f4xx_hal.o
                0x080016c0                HAL_Init
 .text.HAL_InitTick
                0x08001704       0x60 ./Drivers/STM32F4xx_HAL_Driver/stm32f4xx_hal.o
                0x08001704                HAL_InitTick
 .text.HAL_IncTick
                0x08001764       0x28 ./Drivers/STM32F4xx_HAL_Driver/stm32f4xx_hal.o
                0x08001764                HAL_IncTick
 .text.HAL_GetTick
                0x0800178c       0x18 ./Drivers/STM32F4xx_HAL_Driver/stm32f4xx_hal.o
                0x0800178c                HAL_GetTick
 .text.HAL_Delay
                0x080017a4       0x48 ./Drivers/STM32F4xx_HAL_Driver/stm32f4xx_hal.o
                0x080017a4                HAL_Delay
 .text.__NVIC_SetPriorityGrouping
                0x080017ec       0x48 ./Drivers/STM32F4xx_HAL_Driver/stm32f4xx_hal_cortex.o
 .text.__NVIC_GetPriorityGrouping
                0x08001834       0x1c ./Drivers/STM32F4xx_HAL_Driver/stm32f4xx_hal_cortex.o
 .text.__NVIC_EnableIRQ
                0x08001850       0x3c ./Drivers/STM32F4xx_HAL_Driver/stm32f4xx_hal_cortex.o
 .text.__NVIC_SetPriority
                0x0800188c       0x54 ./Drivers/STM32F4xx_HAL_Driver/stm32f4xx_hal_cortex.o
 .text.NVIC_EncodePriority
                0x080018e0       0x66 ./Drivers/STM32F4xx_HAL_Driver/stm32f4xx_hal_cortex.o
 *fill*         0x08001946        0x2 
 .text.SysTick_Config
                0x08001948       0x44 ./Drivers/STM32F4xx_HAL_Driver/stm32f4xx_hal_cortex.o
 .text.HAL_NVIC_SetPriorityGrouping
                0x0800198c       0x40 ./Drivers/STM32F4xx_HAL_Driver/stm32f4xx_hal_cortex.o
                0x0800198c                HAL_NVIC_SetPriorityGrouping
 .text.HAL_NVIC_SetPriority
                0x080019cc       0x58 ./Drivers/STM32F4xx_HAL_Driver/stm32f4xx_hal_cortex.o
                0x080019cc                HAL_NVIC_SetPriority
 .text.HAL_NVIC_EnableIRQ
                0x08001a24       0x30 ./Drivers/STM32F4xx_HAL_Driver/stm32f4xx_hal_cortex.o
                0x08001a24                HAL_NVIC_EnableIRQ
 .text.HAL_SYSTICK_Config
                0x08001a54       0x18 ./Drivers/STM32F4xx_HAL_Driver/stm32f4xx_hal_cortex.o
                0x08001a54                HAL_SYSTICK_Config
 .text.HAL_DMA_Abort
                0x08001a6c       0xe0 ./Drivers/STM32F4xx_HAL_Driver/stm32f4xx_hal_dma.o
                0x08001a6c                HAL_DMA_Abort
 .text.HAL_DMA_Abort_IT
                0x08001b4c       0x44 ./Drivers/STM32F4xx_HAL_Driver/stm32f4xx_hal_dma.o
                0x08001b4c                HAL_DMA_Abort_IT
 .text.HAL_FLASH_IRQHandler
                0x08001b90      0x138 ./Drivers/STM32F4xx_HAL_Driver/stm32f4xx_hal_flash.o
                0x08001b90                HAL_FLASH_IRQHandler
 .text.HAL_FLASH_EndOfOperationCallback
                0x08001cc8       0x14 ./Drivers/STM32F4xx_HAL_Driver/stm32f4xx_hal_flash.o
                0x08001cc8                HAL_FLASH_EndOfOperationCallback
 .text.HAL_FLASH_OperationErrorCallback
                0x08001cdc       0x14 ./Drivers/STM32F4xx_HAL_Driver/stm32f4xx_hal_flash.o
                0x08001cdc                HAL_FLASH_OperationErrorCallback
 .text.FLASH_SetErrorCode
                0x08001cf0       0xac ./Drivers/STM32F4xx_HAL_Driver/stm32f4xx_hal_flash.o
 .text.FLASH_Erase_Sector
                0x08001d9c      0x104 ./Drivers/STM32F4xx_HAL_Driver/stm32f4xx_hal_flash_ex.o
                0x08001d9c                FLASH_Erase_Sector
 .text.FLASH_FlushCaches
                0x08001ea0       0x8c ./Drivers/STM32F4xx_HAL_Driver/stm32f4xx_hal_flash_ex.o
                0x08001ea0                FLASH_FlushCaches
 .text.HAL_GPIO_Init
                0x08001f2c      0x5a8 ./Drivers/STM32F4xx_HAL_Driver/stm32f4xx_hal_gpio.o
                0x08001f2c                HAL_GPIO_Init
 .text.HAL_GPIO_WritePin
                0x080024d4       0x58 ./Drivers/STM32F4xx_HAL_Driver/stm32f4xx_hal_gpio.o
                0x080024d4                HAL_GPIO_WritePin
 .text.HAL_GPIO_TogglePin
                0x0800252c       0x44 ./Drivers/STM32F4xx_HAL_Driver/stm32f4xx_hal_gpio.o
                0x0800252c                HAL_GPIO_TogglePin
 .text.HAL_GPIO_EXTI_IRQHandler
                0x08002570       0x30 ./Drivers/STM32F4xx_HAL_Driver/stm32f4xx_hal_gpio.o
                0x08002570                HAL_GPIO_EXTI_IRQHandler
 .text.HAL_GPIO_EXTI_Callback
                0x080025a0       0x16 ./Drivers/STM32F4xx_HAL_Driver/stm32f4xx_hal_gpio.o
                0x080025a0                HAL_GPIO_EXTI_Callback
 *fill*         0x080025b6        0x2 
 .text.HAL_PCD_Init
                0x080025b8      0x244 ./Drivers/STM32F4xx_HAL_Driver/stm32f4xx_hal_pcd.o
                0x080025b8                HAL_PCD_Init
 .text.HAL_PCD_Start
                0x080027fc       0x6a ./Drivers/STM32F4xx_HAL_Driver/stm32f4xx_hal_pcd.o
                0x080027fc                HAL_PCD_Start
 .text.HAL_PCD_IRQHandler
                0x08002866      0x942 ./Drivers/STM32F4xx_HAL_Driver/stm32f4xx_hal_pcd.o
                0x08002866                HAL_PCD_IRQHandler
 .text.HAL_PCD_SetAddress
                0x080031a8       0x48 ./Drivers/STM32F4xx_HAL_Driver/stm32f4xx_hal_pcd.o
                0x080031a8                HAL_PCD_SetAddress
 .text.HAL_PCD_EP_Open
                0x080031f0       0xd4 ./Drivers/STM32F4xx_HAL_Driver/stm32f4xx_hal_pcd.o
                0x080031f0                HAL_PCD_EP_Open
 .text.HAL_PCD_EP_Close
                0x080032c4       0x94 ./Drivers/STM32F4xx_HAL_Driver/stm32f4xx_hal_pcd.o
                0x080032c4                HAL_PCD_EP_Close
 .text.HAL_PCD_EP_Receive
                0x08003358       0x76 ./Drivers/STM32F4xx_HAL_Driver/stm32f4xx_hal_pcd.o
                0x08003358                HAL_PCD_EP_Receive
 .text.HAL_PCD_EP_GetRxCount
                0x080033ce       0x30 ./Drivers/STM32F4xx_HAL_Driver/stm32f4xx_hal_pcd.o
                0x080033ce                HAL_PCD_EP_GetRxCount
 .text.HAL_PCD_EP_Transmit
                0x080033fe       0x74 ./Drivers/STM32F4xx_HAL_Driver/stm32f4xx_hal_pcd.o
                0x080033fe                HAL_PCD_EP_Transmit
 .text.HAL_PCD_EP_SetStall
                0x08003472       0xc6 ./Drivers/STM32F4xx_HAL_Driver/stm32f4xx_hal_pcd.o
                0x08003472                HAL_PCD_EP_SetStall
 .text.HAL_PCD_EP_ClrStall
                0x08003538       0xac ./Drivers/STM32F4xx_HAL_Driver/stm32f4xx_hal_pcd.o
                0x08003538                HAL_PCD_EP_ClrStall
 .text.HAL_PCD_EP_Abort
                0x080035e4       0x62 ./Drivers/STM32F4xx_HAL_Driver/stm32f4xx_hal_pcd.o
                0x080035e4                HAL_PCD_EP_Abort
 .text.PCD_WriteEmptyTxFifo
                0x08003646      0x118 ./Drivers/STM32F4xx_HAL_Driver/stm32f4xx_hal_pcd.o
 *fill*         0x0800375e        0x2 
 .text.PCD_EP_OutXfrComplete_int
                0x08003760      0x1d0 ./Drivers/STM32F4xx_HAL_Driver/stm32f4xx_hal_pcd.o
 .text.PCD_EP_OutSetupPacket_int
                0x08003930       0x8c ./Drivers/STM32F4xx_HAL_Driver/stm32f4xx_hal_pcd.o
 .text.HAL_PCDEx_SetTxFiFo
                0x080039bc       0x8e ./Drivers/STM32F4xx_HAL_Driver/stm32f4xx_hal_pcd_ex.o
                0x080039bc                HAL_PCDEx_SetTxFiFo
 .text.HAL_PCDEx_SetRxFiFo
                0x08003a4a       0x22 ./Drivers/STM32F4xx_HAL_Driver/stm32f4xx_hal_pcd_ex.o
                0x08003a4a                HAL_PCDEx_SetRxFiFo
 .text.HAL_PCDEx_LPM_Callback
                0x08003a6c       0x18 ./Drivers/STM32F4xx_HAL_Driver/stm32f4xx_hal_pcd_ex.o
                0x08003a6c                HAL_PCDEx_LPM_Callback
 .text.HAL_PWR_PVD_IRQHandler
                0x08003a84       0x24 ./Drivers/STM32F4xx_HAL_Driver/stm32f4xx_hal_pwr.o
                0x08003a84                HAL_PWR_PVD_IRQHandler
 .text.HAL_PWR_PVDCallback
                0x08003aa8        0xe ./Drivers/STM32F4xx_HAL_Driver/stm32f4xx_hal_pwr.o
                0x08003aa8                HAL_PWR_PVDCallback
 *fill*         0x08003ab6        0x2 
 .text.HAL_RCC_OscConfig
                0x08003ab8      0x658 ./Drivers/STM32F4xx_HAL_Driver/stm32f4xx_hal_rcc.o
                0x08003ab8                HAL_RCC_OscConfig
 .text.HAL_RCC_ClockConfig
                0x08004110      0x31c ./Drivers/STM32F4xx_HAL_Driver/stm32f4xx_hal_rcc.o
                0x08004110                HAL_RCC_ClockConfig
 .text.HAL_RCC_GetSysClockFreq
                0x0800442c      0x20c ./Drivers/STM32F4xx_HAL_Driver/stm32f4xx_hal_rcc.o
                0x0800442c                HAL_RCC_GetSysClockFreq
 .text.HAL_RCC_GetHCLKFreq
                0x08004638       0x18 ./Drivers/STM32F4xx_HAL_Driver/stm32f4xx_hal_rcc.o
                0x08004638                HAL_RCC_GetHCLKFreq
 .text.HAL_RCC_GetPCLK1Freq
                0x08004650       0x28 ./Drivers/STM32F4xx_HAL_Driver/stm32f4xx_hal_rcc.o
                0x08004650                HAL_RCC_GetPCLK1Freq
 .text.HAL_RCC_GetPCLK2Freq
                0x08004678       0x28 ./Drivers/STM32F4xx_HAL_Driver/stm32f4xx_hal_rcc.o
                0x08004678                HAL_RCC_GetPCLK2Freq
 .text.HAL_SPI_Init
                0x080046a0      0x31c ./Drivers/STM32F4xx_HAL_Driver/stm32f4xx_hal_spi.o
                0x080046a0                HAL_SPI_Init
 .text.HAL_SPI_TransmitReceive_IT
                0x080049bc      0x130 ./Drivers/STM32F4xx_HAL_Driver/stm32f4xx_hal_spi.o
                0x080049bc                HAL_SPI_TransmitReceive_IT
 .text.HAL_SPI_IRQHandler
                0x08004aec      0x1e8 ./Drivers/STM32F4xx_HAL_Driver/stm32f4xx_hal_spi.o
                0x08004aec                HAL_SPI_IRQHandler
 .text.HAL_SPI_RxCpltCallback
                0x08004cd4       0x14 ./Drivers/STM32F4xx_HAL_Driver/stm32f4xx_hal_spi.o
                0x08004cd4                HAL_SPI_RxCpltCallback
 .text.HAL_SPI_ErrorCallback
                0x08004ce8       0x14 ./Drivers/STM32F4xx_HAL_Driver/stm32f4xx_hal_spi.o
                0x08004ce8                HAL_SPI_ErrorCallback
 .text.SPI_DMAAbortOnError
                0x08004cfc       0x28 ./Drivers/STM32F4xx_HAL_Driver/stm32f4xx_hal_spi.o
 .text.SPI_2linesRxISR_8BIT
                0x08004d24       0x64 ./Drivers/STM32F4xx_HAL_Driver/stm32f4xx_hal_spi.o
 .text.SPI_2linesTxISR_8BIT
                0x08004d88       0x60 ./Drivers/STM32F4xx_HAL_Driver/stm32f4xx_hal_spi.o
 .text.SPI_2linesRxISR_16BIT
                0x08004de8       0x60 ./Drivers/STM32F4xx_HAL_Driver/stm32f4xx_hal_spi.o
 .text.SPI_2linesTxISR_16BIT
                0x08004e48       0x5e ./Drivers/STM32F4xx_HAL_Driver/stm32f4xx_hal_spi.o
 *fill*         0x08004ea6        0x2 
 .text.SPI_WaitFlagStateUntilTimeout
                0x08004ea8      0x110 ./Drivers/STM32F4xx_HAL_Driver/stm32f4xx_hal_spi.o
 .text.SPI_EndRxTxTransaction
                0x08004fb8       0xa8 ./Drivers/STM32F4xx_HAL_Driver/stm32f4xx_hal_spi.o
 .text.SPI_CloseRxTx_ISR
                0x08005060       0xe8 ./Drivers/STM32F4xx_HAL_Driver/stm32f4xx_hal_spi.o
 .text.HAL_UART_Init
                0x08005148      0x1a8 ./Drivers/STM32F4xx_HAL_Driver/stm32f4xx_hal_uart.o
                0x08005148                HAL_UART_Init
 .text.HAL_UART_Transmit_IT
                0x080052f0       0x6c ./Drivers/STM32F4xx_HAL_Driver/stm32f4xx_hal_uart.o
                0x080052f0                HAL_UART_Transmit_IT
 .text.HAL_UART_Receive_IT
                0x0800535c       0x4a ./Drivers/STM32F4xx_HAL_Driver/stm32f4xx_hal_uart.o
                0x0800535c                HAL_UART_Receive_IT
 *fill*         0x080053a6        0x2 
 .text.HAL_UART_IRQHandler
                0x080053a8      0x524 ./Drivers/STM32F4xx_HAL_Driver/stm32f4xx_hal_uart.o
                0x080053a8                HAL_UART_IRQHandler
 .text.HAL_UART_TxCpltCallback
                0x080058cc       0x14 ./Drivers/STM32F4xx_HAL_Driver/stm32f4xx_hal_uart.o
                0x080058cc                HAL_UART_TxCpltCallback
 .text.HAL_UART_RxCpltCallback
                0x080058e0       0x14 ./Drivers/STM32F4xx_HAL_Driver/stm32f4xx_hal_uart.o
                0x080058e0                HAL_UART_RxCpltCallback
 .text.HAL_UART_ErrorCallback
                0x080058f4       0x14 ./Drivers/STM32F4xx_HAL_Driver/stm32f4xx_hal_uart.o
                0x080058f4                HAL_UART_ErrorCallback
 .text.HAL_UARTEx_RxEventCallback
                0x08005908       0x18 ./Drivers/STM32F4xx_HAL_Driver/stm32f4xx_hal_uart.o
                0x08005908                HAL_UARTEx_RxEventCallback
 .text.UART_Start_Receive_IT
                0x08005920       0x74 ./Drivers/STM32F4xx_HAL_Driver/stm32f4xx_hal_uart.o
                0x08005920                UART_Start_Receive_IT
 .text.UART_EndRxTransfer
                0x08005994       0xc6 ./Drivers/STM32F4xx_HAL_Driver/stm32f4xx_hal_uart.o
 .text.UART_DMAAbortOnError
                0x08005a5a       0x28 ./Drivers/STM32F4xx_HAL_Driver/stm32f4xx_hal_uart.o
 .text.UART_Transmit_IT
                0x08005a82       0xa0 ./Drivers/STM32F4xx_HAL_Driver/stm32f4xx_hal_uart.o
 .text.UART_EndTransmit_IT
                0x08005b22       0x30 ./Drivers/STM32F4xx_HAL_Driver/stm32f4xx_hal_uart.o
 .text.UART_Receive_IT
                0x08005b52      0x17c ./Drivers/STM32F4xx_HAL_Driver/stm32f4xx_hal_uart.o
 *fill*         0x08005cce        0x2 
 .text.UART_SetConfig
                0x08005cd0      0x574 ./Drivers/STM32F4xx_HAL_Driver/stm32f4xx_hal_uart.o
 .text.USB_CoreInit
                0x08006244       0xc8 ./Drivers/STM32F4xx_HAL_Driver/stm32f4xx_ll_usb.o
                0x08006244                USB_CoreInit
 .text.USB_SetTurnaroundTime
                0x0800630c      0x144 ./Drivers/STM32F4xx_HAL_Driver/stm32f4xx_ll_usb.o
                0x0800630c                USB_SetTurnaroundTime
 .text.USB_EnableGlobalInt
                0x08006450       0x22 ./Drivers/STM32F4xx_HAL_Driver/stm32f4xx_ll_usb.o
                0x08006450                USB_EnableGlobalInt
 .text.USB_DisableGlobalInt
                0x08006472       0x22 ./Drivers/STM32F4xx_HAL_Driver/stm32f4xx_ll_usb.o
                0x08006472                USB_DisableGlobalInt
 .text.USB_SetCurrentMode
                0x08006494       0x98 ./Drivers/STM32F4xx_HAL_Driver/stm32f4xx_ll_usb.o
                0x08006494                USB_SetCurrentMode
 .text.USB_DevInit
                0x0800652c      0x2c8 ./Drivers/STM32F4xx_HAL_Driver/stm32f4xx_ll_usb.o
                0x0800652c                USB_DevInit
 .text.USB_FlushTxFifo
                0x080067f4       0x64 ./Drivers/STM32F4xx_HAL_Driver/stm32f4xx_ll_usb.o
                0x080067f4                USB_FlushTxFifo
 .text.USB_FlushRxFifo
                0x08006858       0x5c ./Drivers/STM32F4xx_HAL_Driver/stm32f4xx_ll_usb.o
                0x08006858                USB_FlushRxFifo
 .text.USB_SetDevSpeed
                0x080068b4       0x32 ./Drivers/STM32F4xx_HAL_Driver/stm32f4xx_ll_usb.o
                0x080068b4                USB_SetDevSpeed
 .text.USB_GetDevSpeed
                0x080068e6       0x4a ./Drivers/STM32F4xx_HAL_Driver/stm32f4xx_ll_usb.o
                0x080068e6                USB_GetDevSpeed
 .text.USB_ActivateEndpoint
                0x08006930      0x10e ./Drivers/STM32F4xx_HAL_Driver/stm32f4xx_ll_usb.o
                0x08006930                USB_ActivateEndpoint
 *fill*         0x08006a3e        0x2 
 .text.USB_DeactivateEndpoint
                0x08006a40      0x1b8 ./Drivers/STM32F4xx_HAL_Driver/stm32f4xx_ll_usb.o
                0x08006a40                USB_DeactivateEndpoint
 .text.USB_EPStartXfer
                0x08006bf8      0x53c ./Drivers/STM32F4xx_HAL_Driver/stm32f4xx_ll_usb.o
                0x08006bf8                USB_EPStartXfer
 .text.USB_EPStopXfer
                0x08007134      0x154 ./Drivers/STM32F4xx_HAL_Driver/stm32f4xx_ll_usb.o
                0x08007134                USB_EPStopXfer
 .text.USB_WritePacket
                0x08007288       0x7c ./Drivers/STM32F4xx_HAL_Driver/stm32f4xx_ll_usb.o
                0x08007288                USB_WritePacket
 .text.USB_ReadPacket
                0x08007304       0xb0 ./Drivers/STM32F4xx_HAL_Driver/stm32f4xx_ll_usb.o
                0x08007304                USB_ReadPacket
 .text.USB_EPSetStall
                0x080073b4       0xdc ./Drivers/STM32F4xx_HAL_Driver/stm32f4xx_ll_usb.o
                0x080073b4                USB_EPSetStall
 .text.USB_EPClearStall
                0x08007490       0xcc ./Drivers/STM32F4xx_HAL_Driver/stm32f4xx_ll_usb.o
                0x08007490                USB_EPClearStall
 .text.USB_SetDevAddress
                0x0800755c       0x4c ./Drivers/STM32F4xx_HAL_Driver/stm32f4xx_ll_usb.o
                0x0800755c                USB_SetDevAddress
 .text.USB_DevConnect
                0x080075a8       0x42 ./Drivers/STM32F4xx_HAL_Driver/stm32f4xx_ll_usb.o
                0x080075a8                USB_DevConnect
 .text.USB_DevDisconnect
                0x080075ea       0x42 ./Drivers/STM32F4xx_HAL_Driver/stm32f4xx_ll_usb.o
                0x080075ea                USB_DevDisconnect
 .text.USB_ReadInterrupts
                0x0800762c       0x26 ./Drivers/STM32F4xx_HAL_Driver/stm32f4xx_ll_usb.o
                0x0800762c                USB_ReadInterrupts
 .text.USB_ReadDevAllOutEpInterrupt
                0x08007652       0x34 ./Drivers/STM32F4xx_HAL_Driver/stm32f4xx_ll_usb.o
                0x08007652                USB_ReadDevAllOutEpInterrupt
 .text.USB_ReadDevAllInEpInterrupt
                0x08007686       0x34 ./Drivers/STM32F4xx_HAL_Driver/stm32f4xx_ll_usb.o
                0x08007686                USB_ReadDevAllInEpInterrupt
 .text.USB_ReadDevOutEPInterrupt
                0x080076ba       0x3c ./Drivers/STM32F4xx_HAL_Driver/stm32f4xx_ll_usb.o
                0x080076ba                USB_ReadDevOutEPInterrupt
 .text.USB_ReadDevInEPInterrupt
                0x080076f6       0x5c ./Drivers/STM32F4xx_HAL_Driver/stm32f4xx_ll_usb.o
                0x080076f6                USB_ReadDevInEPInterrupt
 .text.USB_GetMode
                0x08007752       0x1c ./Drivers/STM32F4xx_HAL_Driver/stm32f4xx_ll_usb.o
                0x08007752                USB_GetMode
 .text.USB_ActivateSetup
                0x0800776e       0x46 ./Drivers/STM32F4xx_HAL_Driver/stm32f4xx_ll_usb.o
                0x0800776e                USB_ActivateSetup
 .text.USB_EP0_OutStart
                0x080077b4       0xbc ./Drivers/STM32F4xx_HAL_Driver/stm32f4xx_ll_usb.o
                0x080077b4                USB_EP0_OutStart
 .text.USB_CoreReset
                0x08007870       0x62 ./Drivers/STM32F4xx_HAL_Driver/stm32f4xx_ll_usb.o
 *fill*         0x080078d2        0x2 
 .text.USBD_CDC_Init
                0x080078d4      0x1f0 ./Middlewares/USB_Device_Library/usbd_cdc.o
 .text.USBD_CDC_DeInit
                0x08007ac4      0x104 ./Middlewares/USB_Device_Library/usbd_cdc.o
 .text.USBD_CDC_Setup
                0x08007bc8      0x1b8 ./Middlewares/USB_Device_Library/usbd_cdc.o
 .text.USBD_CDC_DataIn
                0x08007d80       0xfe ./Middlewares/USB_Device_Library/usbd_cdc.o
 .text.USBD_CDC_DataOut
                0x08007e7e       0x70 ./Middlewares/USB_Device_Library/usbd_cdc.o
 .text.USBD_CDC_EP0_RxReady
                0x08007eee       0x74 ./Middlewares/USB_Device_Library/usbd_cdc.o
 *fill*         0x08007f62        0x2 
 .text.USBD_CDC_GetFSCfgDesc
                0x08007f64       0x70 ./Middlewares/USB_Device_Library/usbd_cdc.o
 .text.USBD_CDC_GetHSCfgDesc
                0x08007fd4       0x70 ./Middlewares/USB_Device_Library/usbd_cdc.o
 .text.USBD_CDC_GetOtherSpeedCfgDesc
                0x08008044       0x70 ./Middlewares/USB_Device_Library/usbd_cdc.o
 .text.USBD_CDC_GetDeviceQualifierDescriptor
                0x080080b4       0x20 ./Middlewares/USB_Device_Library/usbd_cdc.o
                0x080080b4                USBD_CDC_GetDeviceQualifierDescriptor
 .text.USBD_CDC_RegisterInterface
                0x080080d4       0x34 ./Middlewares/USB_Device_Library/usbd_cdc.o
                0x080080d4                USBD_CDC_RegisterInterface
 .text.USBD_CDC_SetTxBuffer
                0x08008108       0x44 ./Middlewares/USB_Device_Library/usbd_cdc.o
                0x08008108                USBD_CDC_SetTxBuffer
 .text.USBD_CDC_SetRxBuffer
                0x0800814c       0x3a ./Middlewares/USB_Device_Library/usbd_cdc.o
                0x0800814c                USBD_CDC_SetRxBuffer
 *fill*         0x08008186        0x2 
 .text.USBD_CDC_TransmitPacket
                0x08008188       0x80 ./Middlewares/USB_Device_Library/usbd_cdc.o
                0x08008188                USBD_CDC_TransmitPacket
 .text.USBD_CDC_ReceivePacket
                0x08008208       0x6c ./Middlewares/USB_Device_Library/usbd_cdc.o
                0x08008208                USBD_CDC_ReceivePacket
 .text.USBD_Init
                0x08008274       0x60 ./Middlewares/USB_Device_Library/usbd_core.o
                0x08008274                USBD_Init
 .text.USBD_RegisterClass
                0x080082d4       0x6c ./Middlewares/USB_Device_Library/usbd_core.o
                0x080082d4                USBD_RegisterClass
 .text.USBD_Start
                0x08008340       0x18 ./Middlewares/USB_Device_Library/usbd_core.o
                0x08008340                USBD_Start
 .text.USBD_RunTestMode
                0x08008358       0x16 ./Middlewares/USB_Device_Library/usbd_core.o
                0x08008358                USBD_RunTestMode
 .text.USBD_SetClassConfig
                0x0800836e       0x38 ./Middlewares/USB_Device_Library/usbd_core.o
                0x0800836e                USBD_SetClassConfig
 .text.USBD_ClrClassConfig
                0x080083a6       0x34 ./Middlewares/USB_Device_Library/usbd_core.o
                0x080083a6                USBD_ClrClassConfig
 .text.USBD_LL_SetupStage
                0x080083da       0xaa ./Middlewares/USB_Device_Library/usbd_core.o
                0x080083da                USBD_LL_SetupStage
 .text.USBD_LL_DataOutStage
                0x08008484      0x166 ./Middlewares/USB_Device_Library/usbd_core.o
                0x08008484                USBD_LL_DataOutStage
 .text.USBD_LL_DataInStage
                0x080085ea      0x164 ./Middlewares/USB_Device_Library/usbd_core.o
                0x080085ea                USBD_LL_DataInStage
 .text.USBD_LL_Reset
                0x0800874e       0xa4 ./Middlewares/USB_Device_Library/usbd_core.o
                0x0800874e                USBD_LL_Reset
 .text.USBD_LL_SetSpeed
                0x080087f2       0x20 ./Middlewares/USB_Device_Library/usbd_core.o
                0x080087f2                USBD_LL_SetSpeed
 .text.USBD_LL_Suspend
                0x08008812       0x38 ./Middlewares/USB_Device_Library/usbd_core.o
                0x08008812                USBD_LL_Suspend
 .text.USBD_LL_Resume
                0x0800884a       0x30 ./Middlewares/USB_Device_Library/usbd_core.o
                0x0800884a                USBD_LL_Resume
 .text.USBD_LL_SOF
                0x0800887a       0x40 ./Middlewares/USB_Device_Library/usbd_core.o
                0x0800887a                USBD_LL_SOF
 .text.USBD_LL_IsoINIncomplete
                0x080088ba       0x64 ./Middlewares/USB_Device_Library/usbd_core.o
                0x080088ba                USBD_LL_IsoINIncomplete
 .text.USBD_LL_IsoOUTIncomplete
                0x0800891e       0x64 ./Middlewares/USB_Device_Library/usbd_core.o
                0x0800891e                USBD_LL_IsoOUTIncomplete
 .text.USBD_LL_DevConnected
                0x08008982       0x16 ./Middlewares/USB_Device_Library/usbd_core.o
                0x08008982                USBD_LL_DevConnected
 .text.USBD_LL_DevDisconnected
                0x08008998       0x46 ./Middlewares/USB_Device_Library/usbd_core.o
                0x08008998                USBD_LL_DevDisconnected
 .text.USBD_CoreFindIF
                0x080089de       0x1a ./Middlewares/USB_Device_Library/usbd_core.o
                0x080089de                USBD_CoreFindIF
 .text.USBD_CoreFindEP
                0x080089f8       0x1a ./Middlewares/USB_Device_Library/usbd_core.o
                0x080089f8                USBD_CoreFindEP
 .text.USBD_GetEpDesc
                0x08008a12       0x70 ./Middlewares/USB_Device_Library/usbd_core.o
                0x08008a12                USBD_GetEpDesc
 .text.USBD_GetNextDesc
                0x08008a82       0x38 ./Middlewares/USB_Device_Library/usbd_core.o
                0x08008a82                USBD_GetNextDesc
 .text.SWAPBYTE
                0x08008aba       0x3c ./Middlewares/USB_Device_Library/usbd_ctlreq.o
 *fill*         0x08008af6        0x2 
 .text.USBD_StdDevReq
                0x08008af8       0xe4 ./Middlewares/USB_Device_Library/usbd_ctlreq.o
                0x08008af8                USBD_StdDevReq
 .text.USBD_StdItfReq
                0x08008bdc       0xd8 ./Middlewares/USB_Device_Library/usbd_ctlreq.o
                0x08008bdc                USBD_StdItfReq
 .text.USBD_StdEPReq
                0x08008cb4      0x33a ./Middlewares/USB_Device_Library/usbd_ctlreq.o
                0x08008cb4                USBD_StdEPReq
 *fill*         0x08008fee        0x2 
 .text.USBD_GetDescriptor
                0x08008ff0      0x2d4 ./Middlewares/USB_Device_Library/usbd_ctlreq.o
 .text.USBD_SetAddress
                0x080092c4       0x88 ./Middlewares/USB_Device_Library/usbd_ctlreq.o
 .text.USBD_SetConfig
                0x0800934c      0x154 ./Middlewares/USB_Device_Library/usbd_ctlreq.o
 .text.USBD_GetConfig
                0x080094a0       0x6c ./Middlewares/USB_Device_Library/usbd_ctlreq.o
 .text.USBD_GetStatus
                0x0800950c       0x68 ./Middlewares/USB_Device_Library/usbd_ctlreq.o
 .text.USBD_SetFeature
                0x08009574       0x52 ./Middlewares/USB_Device_Library/usbd_ctlreq.o
 .text.USBD_ClrFeature
                0x080095c6       0x44 ./Middlewares/USB_Device_Library/usbd_ctlreq.o
 .text.USBD_ParseSetupRequest
                0x0800960a       0x74 ./Middlewares/USB_Device_Library/usbd_ctlreq.o
                0x0800960a                USBD_ParseSetupRequest
 .text.USBD_CtlError
                0x0800967e       0x22 ./Middlewares/USB_Device_Library/usbd_ctlreq.o
                0x0800967e                USBD_CtlError
 .text.USBD_GetString
                0x080096a0       0xa4 ./Middlewares/USB_Device_Library/usbd_ctlreq.o
                0x080096a0                USBD_GetString
 .text.USBD_GetLen
                0x08009744       0x34 ./Middlewares/USB_Device_Library/usbd_ctlreq.o
 .text.USBD_CtlSendData
                0x08009778       0x36 ./Middlewares/USB_Device_Library/usbd_ioreq.o
                0x08009778                USBD_CtlSendData
 .text.USBD_CtlContinueSendData
                0x080097ae       0x22 ./Middlewares/USB_Device_Library/usbd_ioreq.o
                0x080097ae                USBD_CtlContinueSendData
 .text.USBD_CtlPrepareRx
                0x080097d0       0x3a ./Middlewares/USB_Device_Library/usbd_ioreq.o
                0x080097d0                USBD_CtlPrepareRx
 .text.USBD_CtlContinueRx
                0x0800980a       0x22 ./Middlewares/USB_Device_Library/usbd_ioreq.o
                0x0800980a                USBD_CtlContinueRx
 .text.USBD_CtlSendStatus
                0x0800982c       0x26 ./Middlewares/USB_Device_Library/usbd_ioreq.o
                0x0800982c                USBD_CtlSendStatus
 .text.USBD_CtlReceiveStatus
                0x08009852       0x26 ./Middlewares/USB_Device_Library/usbd_ioreq.o
                0x08009852                USBD_CtlReceiveStatus
 .text.memset   0x08009878       0x10 C:/ST/STM32CubeIDE_1.16.1/STM32CubeIDE/plugins/com.st.stm32cube.ide.mcu.externaltools.gnu-tools-for-stm32.12.3.rel1.win32_1.0.200.202406191623/tools/bin/../lib/gcc/arm-none-eabi/12.3.1/../../../../arm-none-eabi/lib/thumb/v7e-m+fp/hard\libc_nano.a(libc_a-memset.o)
                0x08009878                memset
 .text.__libc_init_array
                0x08009888       0x48 C:/ST/STM32CubeIDE_1.16.1/STM32CubeIDE/plugins/com.st.stm32cube.ide.mcu.externaltools.gnu-tools-for-stm32.12.3.rel1.win32_1.0.200.202406191623/tools/bin/../lib/gcc/arm-none-eabi/12.3.1/../../../../arm-none-eabi/lib/thumb/v7e-m+fp/hard\libc_nano.a(libc_a-init.o)
                0x08009888                __libc_init_array
 *(.glue_7)
 .glue_7        0x080098d0        0x0 linker stubs
 *(.glue_7t)
 .glue_7t       0x080098d0        0x0 linker stubs
 *(.eh_frame)
 .eh_frame      0x080098d0        0x0 C:/ST/STM32CubeIDE_1.16.1/STM32CubeIDE/plugins/com.st.stm32cube.ide.mcu.externaltools.gnu-tools-for-stm32.12.3.rel1.win32_1.0.200.202406191623/tools/bin/../lib/gcc/arm-none-eabi/12.3.1/thumb/v7e-m+fp/hard/crtbegin.o
 *(.init)
 .init          0x080098d0        0x4 C:/ST/STM32CubeIDE_1.16.1/STM32CubeIDE/plugins/com.st.stm32cube.ide.mcu.externaltools.gnu-tools-for-stm32.12.3.rel1.win32_1.0.200.202406191623/tools/bin/../lib/gcc/arm-none-eabi/12.3.1/thumb/v7e-m+fp/hard/crti.o
                0x080098d0                _init
 .init          0x080098d4        0x8 C:/ST/STM32CubeIDE_1.16.1/STM32CubeIDE/plugins/com.st.stm32cube.ide.mcu.externaltools.gnu-tools-for-stm32.12.3.rel1.win32_1.0.200.202406191623/tools/bin/../lib/gcc/arm-none-eabi/12.3.1/thumb/v7e-m+fp/hard/crtn.o
 *(.fini)
 .fini          0x080098dc        0x4 C:/ST/STM32CubeIDE_1.16.1/STM32CubeIDE/plugins/com.st.stm32cube.ide.mcu.externaltools.gnu-tools-for-stm32.12.3.rel1.win32_1.0.200.202406191623/tools/bin/../lib/gcc/arm-none-eabi/12.3.1/thumb/v7e-m+fp/hard/crti.o
                0x080098dc                _fini
 .fini          0x080098e0        0x8 C:/ST/STM32CubeIDE_1.16.1/STM32CubeIDE/plugins/com.st.stm32cube.ide.mcu.externaltools.gnu-tools-for-stm32.12.3.rel1.win32_1.0.200.202406191623/tools/bin/../lib/gcc/arm-none-eabi/12.3.1/thumb/v7e-m+fp/hard/crtn.o
                0x080098e8                        . = ALIGN (0x4)
                0x080098e8                        _etext = .

.vfp11_veneer   0x080098e8        0x0
 .vfp11_veneer  0x080098e8        0x0 linker stubs

.v4_bx          0x080098e8        0x0
 .v4_bx         0x080098e8        0x0 linker stubs

.iplt           0x080098e8        0x0
 .iplt          0x080098e8        0x0 C:/ST/STM32CubeIDE_1.16.1/STM32CubeIDE/plugins/com.st.stm32cube.ide.mcu.externaltools.gnu-tools-for-stm32.12.3.rel1.win32_1.0.200.202406191623/tools/bin/../lib/gcc/arm-none-eabi/12.3.1/thumb/v7e-m+fp/hard/crtbegin.o

.rodata         0x080098e8      0x324
                0x080098e8                        . = ALIGN (0x4)
 *(.rodata)
 .rodata        0x080098e8       0x20 ./Application/User/Core/main.o
 .rodata        0x08009908       0x46 ./Application/User/USB_DEVICE/App/usbd_desc.o
 *fill*         0x0800994e        0x2 
 .rodata        0x08009950       0x60 ./Drivers/STM32F4xx_HAL_Driver/stm32f4xx_hal_cortex.o
 .rodata        0x080099b0       0x62 ./Drivers/STM32F4xx_HAL_Driver/stm32f4xx_hal_flash_ex.o
 *fill*         0x08009a12        0x2 
 .rodata        0x08009a14       0x5e ./Drivers/STM32F4xx_HAL_Driver/stm32f4xx_hal_gpio.o
 *fill*         0x08009a72        0x2 
 .rodata        0x08009a74       0x5d ./Drivers/STM32F4xx_HAL_Driver/stm32f4xx_hal_pcd.o
 *fill*         0x08009ad1        0x3 
 .rodata        0x08009ad4       0x5d ./Drivers/STM32F4xx_HAL_Driver/stm32f4xx_hal_rcc.o
 *fill*         0x08009b31        0x3 
 .rodata        0x08009b34       0x5d ./Drivers/STM32F4xx_HAL_Driver/stm32f4xx_hal_spi.o
 *fill*         0x08009b91        0x3 
 .rodata        0x08009b94       0x5e ./Drivers/STM32F4xx_HAL_Driver/stm32f4xx_hal_uart.o
 *(.rodata*)
 *fill*         0x08009bf2        0x2 
 .rodata.AHBPrescTable
                0x08009bf4       0x10 ./Drivers/CMSIS/system_stm32f4xx.o
                0x08009bf4                AHBPrescTable
 .rodata.APBPrescTable
                0x08009c04        0x8 ./Drivers/CMSIS/system_stm32f4xx.o
                0x08009c04                APBPrescTable
                0x08009c0c                        . = ALIGN (0x4)

.ARM.extab      0x08009c0c        0x0
                0x08009c0c                        . = ALIGN (0x4)
 *(.ARM.extab* .gnu.linkonce.armextab.*)
                0x08009c0c                        . = ALIGN (0x4)

.ARM            0x08009c0c        0x8
                0x08009c0c                        . = ALIGN (0x4)
                0x08009c0c                        __exidx_start = .
 *(.ARM.exidx*)
 .ARM.exidx     0x08009c0c        0x8 C:/ST/STM32CubeIDE_1.16.1/STM32CubeIDE/plugins/com.st.stm32cube.ide.mcu.externaltools.gnu-tools-for-stm32.12.3.rel1.win32_1.0.200.202406191623/tools/bin/../lib/gcc/arm-none-eabi/12.3.1/thumb/v7e-m+fp/hard\libgcc.a(_udivmoddi4.o)
                0x08009c14                        __exidx_end = .
                0x08009c14                        . = ALIGN (0x4)

.preinit_array  0x08009c14        0x0
                0x08009c14                        . = ALIGN (0x4)
                0x08009c14                        PROVIDE (__preinit_array_start = .)
 *(.preinit_array*)
                0x08009c14                        PROVIDE (__preinit_array_end = .)
                0x08009c14                        . = ALIGN (0x4)

.init_array     0x08009c14        0x4
                0x08009c14                        . = ALIGN (0x4)
                0x08009c14                        PROVIDE (__init_array_start = .)
 *(SORT_BY_NAME(.init_array.*))
 *(.init_array*)
 .init_array    0x08009c14        0x4 C:/ST/STM32CubeIDE_1.16.1/STM32CubeIDE/plugins/com.st.stm32cube.ide.mcu.externaltools.gnu-tools-for-stm32.12.3.rel1.win32_1.0.200.202406191623/tools/bin/../lib/gcc/arm-none-eabi/12.3.1/thumb/v7e-m+fp/hard/crtbegin.o
                0x08009c18                        PROVIDE (__init_array_end = .)
                0x08009c18                        . = ALIGN (0x4)

.fini_array     0x08009c18        0x4
                0x08009c18                        . = ALIGN (0x4)
                [!provide]                        PROVIDE (__fini_array_start = .)
 *(SORT_BY_NAME(.fini_array.*))
 *(.fini_array*)
 .fini_array    0x08009c18        0x4 C:/ST/STM32CubeIDE_1.16.1/STM32CubeIDE/plugins/com.st.stm32cube.ide.mcu.externaltools.gnu-tools-for-stm32.12.3.rel1.win32_1.0.200.202406191623/tools/bin/../lib/gcc/arm-none-eabi/12.3.1/thumb/v7e-m+fp/hard/crtbegin.o
                [!provide]                        PROVIDE (__fini_array_end = .)
                0x08009c1c                        . = ALIGN (0x4)
                0x08009c1c                        _sidata = LOADADDR (.data)

.rel.dyn        0x08009c1c        0x0
 .rel.iplt      0x08009c1c        0x0 C:/ST/STM32CubeIDE_1.16.1/STM32CubeIDE/plugins/com.st.stm32cube.ide.mcu.externaltools.gnu-tools-for-stm32.12.3.rel1.win32_1.0.200.202406191623/tools/bin/../lib/gcc/arm-none-eabi/12.3.1/thumb/v7e-m+fp/hard/crtbegin.o

.data           0x20000000      0x120 load address 0x08009c1c
                0x20000000                        . = ALIGN (0x4)
                0x20000000                        _sdata = .
 *(.data)
 *(.data*)
 .data.tx_buff  0x20000000       0x1e ./Application/User/Core/main.o
                0x20000000                tx_buff
 *fill*         0x2000001e        0x2 
 .data.SPI_TX_Buffer
                0x20000020        0x3 ./Application/User/Core/main.o
                0x20000020                SPI_TX_Buffer
 *fill*         0x20000023        0x1 
 .data.USBD_Interface_fops_FS
                0x20000024       0x14 ./Application/User/USB_DEVICE/App/usbd_cdc_if.o
                0x20000024                USBD_Interface_fops_FS
 .data.FS_Desc  0x20000038       0x1c ./Application/User/USB_DEVICE/App/usbd_desc.o
                0x20000038                FS_Desc
 .data.USBD_FS_DeviceDesc
                0x20000054       0x12 ./Application/User/USB_DEVICE/App/usbd_desc.o
                0x20000054                USBD_FS_DeviceDesc
 *fill*         0x20000066        0x2 
 .data.USBD_LangIDDesc
                0x20000068        0x4 ./Application/User/USB_DEVICE/App/usbd_desc.o
                0x20000068                USBD_LangIDDesc
 .data.USBD_StringSerial
                0x2000006c       0x1a ./Application/User/USB_DEVICE/App/usbd_desc.o
                0x2000006c                USBD_StringSerial
 *fill*         0x20000086        0x2 
 .data.SystemCoreClock
                0x20000088        0x4 ./Drivers/CMSIS/system_stm32f4xx.o
                0x20000088                SystemCoreClock
 .data.uwTickPrio
                0x2000008c        0x4 ./Drivers/STM32F4xx_HAL_Driver/stm32f4xx_hal.o
                0x2000008c                uwTickPrio
 .data.uwTickFreq
                0x20000090        0x1 ./Drivers/STM32F4xx_HAL_Driver/stm32f4xx_hal.o
                0x20000090                uwTickFreq
 *fill*         0x20000091        0x3 
 .data.USBD_CDC_DeviceQualifierDesc
                0x20000094        0xa ./Middlewares/USB_Device_Library/usbd_cdc.o
 *fill*         0x2000009e        0x2 
 .data.USBD_CDC
                0x200000a0       0x38 ./Middlewares/USB_Device_Library/usbd_cdc.o
                0x200000a0                USBD_CDC
 .data.USBD_CDC_CfgDesc
                0x200000d8       0x43 ./Middlewares/USB_Device_Library/usbd_cdc.o
 .data.CDCInEpAdd
                0x2000011b        0x1 ./Middlewares/USB_Device_Library/usbd_cdc.o
 .data.CDCOutEpAdd
                0x2000011c        0x1 ./Middlewares/USB_Device_Library/usbd_cdc.o
 .data.CDCCmdEpAdd
                0x2000011d        0x1 ./Middlewares/USB_Device_Library/usbd_cdc.o
 *(.RamFunc)
 *(.RamFunc*)
                0x20000120                        . = ALIGN (0x4)
 *fill*         0x2000011e        0x2 
                0x20000120                        _edata = .
                0x08009d3c                        _siccmram = LOADADDR (.ccmram)

.igot.plt       0x20000120        0x0 load address 0x08009d3c
 .igot.plt      0x20000120        0x0 C:/ST/STM32CubeIDE_1.16.1/STM32CubeIDE/plugins/com.st.stm32cube.ide.mcu.externaltools.gnu-tools-for-stm32.12.3.rel1.win32_1.0.200.202406191623/tools/bin/../lib/gcc/arm-none-eabi/12.3.1/thumb/v7e-m+fp/hard/crtbegin.o

.ccmram         0x10000000        0x0 load address 0x08009d3c
                0x10000000                        . = ALIGN (0x4)
                0x10000000                        _sccmram = .
 *(.ccmram)
 *(.ccmram*)
                0x10000000                        . = ALIGN (0x4)
                0x10000000                        _eccmram = .
                0x10000000                        . = ALIGN (0x4)

.bss            0x20000120     0x1cf4
                0x20000120                        _sbss = .
                0x20000120                        __bss_start__ = _sbss
 *(.bss)
 .bss           0x20000120       0x1c C:/ST/STM32CubeIDE_1.16.1/STM32CubeIDE/plugins/com.st.stm32cube.ide.mcu.externaltools.gnu-tools-for-stm32.12.3.rel1.win32_1.0.200.202406191623/tools/bin/../lib/gcc/arm-none-eabi/12.3.1/thumb/v7e-m+fp/hard/crtbegin.o
 *(.bss*)
 .bss.hspi1     0x2000013c       0x58 ./Application/User/Core/main.o
                0x2000013c                hspi1
 .bss.huart4    0x20000194       0x48 ./Application/User/Core/main.o
                0x20000194                huart4
 .bss.TxData    0x200001dc        0x8 ./Application/User/Core/main.o
                0x200001dc                TxData
 .bss.rx_buff   0x200001e4       0x1e ./Application/User/Core/main.o
                0x200001e4                rx_buff
 *fill*         0x20000202        0x2 
 .bss.SPI_RX_Buffer
                0x20000204        0x4 ./Application/User/Core/main.o
                0x20000204                SPI_RX_Buffer
 .bss.newData   0x20000208        0x4 ./Application/User/Core/main.o
                0x20000208                newData
 .bss.hUsbDeviceFS
                0x2000020c      0x2dc ./Application/User/USB_DEVICE/App/usb_device.o
                0x2000020c                hUsbDeviceFS
 .bss.UserRxBufferFS
                0x200004e8      0x800 ./Application/User/USB_DEVICE/App/usbd_cdc_if.o
                0x200004e8                UserRxBufferFS
 .bss.UserTxBufferFS
                0x20000ce8      0x800 ./Application/User/USB_DEVICE/App/usbd_cdc_if.o
                0x20000ce8                UserTxBufferFS
 .bss.USBD_StrDesc
                0x200014e8      0x200 ./Application/User/USB_DEVICE/App/usbd_desc.o
                0x200014e8                USBD_StrDesc
 .bss.hpcd_USB_OTG_FS
                0x200016e8      0x4e4 ./Application/User/USB_DEVICE/Target/usbd_conf.o
                0x200016e8                hpcd_USB_OTG_FS
 .bss.mem.0     0x20001bcc      0x220 ./Application/User/USB_DEVICE/Target/usbd_conf.o
 .bss.uwTick    0x20001dec        0x4 ./Drivers/STM32F4xx_HAL_Driver/stm32f4xx_hal.o
                0x20001dec                uwTick
 .bss.pFlash    0x20001df0       0x20 ./Drivers/STM32F4xx_HAL_Driver/stm32f4xx_hal_flash.o
                0x20001df0                pFlash
 .bss.cfgidx.0  0x20001e10        0x1 ./Middlewares/USB_Device_Library/usbd_ctlreq.o
 *(COMMON)
                0x20001e14                        . = ALIGN (0x4)
 *fill*         0x20001e11        0x3 
                0x20001e14                        _ebss = .
                0x20001e14                        __bss_end__ = _ebss

._user_heap_stack
                0x20001e14      0x604
                0x20001e18                        . = ALIGN (0x8)
 *fill*         0x20001e14        0x4 
                [!provide]                        PROVIDE (end = .)
                0x20001e18                        PROVIDE (_end = .)
                0x20002018                        . = (. + _Min_Heap_Size)
 *fill*         0x20001e18      0x200 
                0x20002418                        . = (. + _Min_Stack_Size)
 *fill*         0x20002018      0x400 
                0x20002418                        . = ALIGN (0x8)

/DISCARD/
 libc.a(*)
 libm.a(*)
 libgcc.a(*)

.ARM.attributes
                0x00000000       0x30
 *(.ARM.attributes)
 .ARM.attributes
                0x00000000       0x22 C:/ST/STM32CubeIDE_1.16.1/STM32CubeIDE/plugins/com.st.stm32cube.ide.mcu.externaltools.gnu-tools-for-stm32.12.3.rel1.win32_1.0.200.202406191623/tools/bin/../lib/gcc/arm-none-eabi/12.3.1/thumb/v7e-m+fp/hard/crti.o
 .ARM.attributes
                0x00000022       0x34 C:/ST/STM32CubeIDE_1.16.1/STM32CubeIDE/plugins/com.st.stm32cube.ide.mcu.externaltools.gnu-tools-for-stm32.12.3.rel1.win32_1.0.200.202406191623/tools/bin/../lib/gcc/arm-none-eabi/12.3.1/thumb/v7e-m+fp/hard/crtbegin.o
 .ARM.attributes
                0x00000056       0x34 ./Application/User/Core/main.o
 .ARM.attributes
                0x0000008a       0x34 ./Application/User/Core/stm32f4xx_hal_msp.o
 .ARM.attributes
                0x000000be       0x34 ./Application/User/Core/stm32f4xx_it.o
 .ARM.attributes
                0x000000f2       0x21 ./Application/User/Startup/startup_stm32f405rgtx.o
 .ARM.attributes
                0x00000113       0x34 ./Application/User/USB_DEVICE/App/usb_device.o
 .ARM.attributes
                0x00000147       0x34 ./Application/User/USB_DEVICE/App/usbd_cdc_if.o
 .ARM.attributes
                0x0000017b       0x34 ./Application/User/USB_DEVICE/App/usbd_desc.o
 .ARM.attributes
                0x000001af       0x34 ./Application/User/USB_DEVICE/Target/usbd_conf.o
 .ARM.attributes
                0x000001e3       0x34 ./Drivers/CMSIS/system_stm32f4xx.o
 .ARM.attributes
                0x00000217       0x34 ./Drivers/STM32F4xx_HAL_Driver/stm32f4xx_hal.o
 .ARM.attributes
                0x0000024b       0x34 ./Drivers/STM32F4xx_HAL_Driver/stm32f4xx_hal_cortex.o
 .ARM.attributes
                0x0000027f       0x34 ./Drivers/STM32F4xx_HAL_Driver/stm32f4xx_hal_dma.o
 .ARM.attributes
                0x000002b3       0x34 ./Drivers/STM32F4xx_HAL_Driver/stm32f4xx_hal_flash.o
 .ARM.attributes
                0x000002e7       0x34 ./Drivers/STM32F4xx_HAL_Driver/stm32f4xx_hal_flash_ex.o
 .ARM.attributes
                0x0000031b       0x34 ./Drivers/STM32F4xx_HAL_Driver/stm32f4xx_hal_gpio.o
 .ARM.attributes
                0x0000034f       0x34 ./Drivers/STM32F4xx_HAL_Driver/stm32f4xx_hal_pcd.o
 .ARM.attributes
                0x00000383       0x34 ./Drivers/STM32F4xx_HAL_Driver/stm32f4xx_hal_pcd_ex.o
 .ARM.attributes
                0x000003b7       0x34 ./Drivers/STM32F4xx_HAL_Driver/stm32f4xx_hal_pwr.o
 .ARM.attributes
                0x000003eb       0x34 ./Drivers/STM32F4xx_HAL_Driver/stm32f4xx_hal_rcc.o
 .ARM.attributes
                0x0000041f       0x34 ./Drivers/STM32F4xx_HAL_Driver/stm32f4xx_hal_spi.o
 .ARM.attributes
                0x00000453       0x34 ./Drivers/STM32F4xx_HAL_Driver/stm32f4xx_hal_uart.o
 .ARM.attributes
                0x00000487       0x34 ./Drivers/STM32F4xx_HAL_Driver/stm32f4xx_ll_usb.o
 .ARM.attributes
                0x000004bb       0x34 ./Middlewares/USB_Device_Library/usbd_cdc.o
 .ARM.attributes
                0x000004ef       0x34 ./Middlewares/USB_Device_Library/usbd_core.o
 .ARM.attributes
                0x00000523       0x34 ./Middlewares/USB_Device_Library/usbd_ctlreq.o
 .ARM.attributes
                0x00000557       0x34 ./Middlewares/USB_Device_Library/usbd_ioreq.o
 .ARM.attributes
                0x0000058b       0x34 C:/ST/STM32CubeIDE_1.16.1/STM32CubeIDE/plugins/com.st.stm32cube.ide.mcu.externaltools.gnu-tools-for-stm32.12.3.rel1.win32_1.0.200.202406191623/tools/bin/../lib/gcc/arm-none-eabi/12.3.1/../../../../arm-none-eabi/lib/thumb/v7e-m+fp/hard\libc_nano.a(libc_a-memset.o)
 .ARM.attributes
                0x000005bf       0x34 C:/ST/STM32CubeIDE_1.16.1/STM32CubeIDE/plugins/com.st.stm32cube.ide.mcu.externaltools.gnu-tools-for-stm32.12.3.rel1.win32_1.0.200.202406191623/tools/bin/../lib/gcc/arm-none-eabi/12.3.1/../../../../arm-none-eabi/lib/thumb/v7e-m+fp/hard\libc_nano.a(libc_a-init.o)
 .ARM.attributes
                0x000005f3       0x22 C:/ST/STM32CubeIDE_1.16.1/STM32CubeIDE/plugins/com.st.stm32cube.ide.mcu.externaltools.gnu-tools-for-stm32.12.3.rel1.win32_1.0.200.202406191623/tools/bin/../lib/gcc/arm-none-eabi/12.3.1/thumb/v7e-m+fp/hard\libgcc.a(_aeabi_uldivmod.o)
 .ARM.attributes
                0x00000615       0x34 C:/ST/STM32CubeIDE_1.16.1/STM32CubeIDE/plugins/com.st.stm32cube.ide.mcu.externaltools.gnu-tools-for-stm32.12.3.rel1.win32_1.0.200.202406191623/tools/bin/../lib/gcc/arm-none-eabi/12.3.1/thumb/v7e-m+fp/hard\libgcc.a(_udivmoddi4.o)
 .ARM.attributes
                0x00000649       0x22 C:/ST/STM32CubeIDE_1.16.1/STM32CubeIDE/plugins/com.st.stm32cube.ide.mcu.externaltools.gnu-tools-for-stm32.12.3.rel1.win32_1.0.200.202406191623/tools/bin/../lib/gcc/arm-none-eabi/12.3.1/thumb/v7e-m+fp/hard\libgcc.a(_dvmd_tls.o)
 .ARM.attributes
                0x0000066b       0x22 C:/ST/STM32CubeIDE_1.16.1/STM32CubeIDE/plugins/com.st.stm32cube.ide.mcu.externaltools.gnu-tools-for-stm32.12.3.rel1.win32_1.0.200.202406191623/tools/bin/../lib/gcc/arm-none-eabi/12.3.1/thumb/v7e-m+fp/hard/crtn.o
OUTPUT(Dual_EveCore_Motherboard.elf elf32-littlearm)
LOAD linker stubs
LOAD C:/ST/STM32CubeIDE_1.16.1/STM32CubeIDE/plugins/com.st.stm32cube.ide.mcu.externaltools.gnu-tools-for-stm32.12.3.rel1.win32_1.0.200.202406191623/tools/bin/../lib/gcc/arm-none-eabi/12.3.1/../../../../arm-none-eabi/lib/thumb/v7e-m+fp/hard\libc.a
LOAD C:/ST/STM32CubeIDE_1.16.1/STM32CubeIDE/plugins/com.st.stm32cube.ide.mcu.externaltools.gnu-tools-for-stm32.12.3.rel1.win32_1.0.200.202406191623/tools/bin/../lib/gcc/arm-none-eabi/12.3.1/../../../../arm-none-eabi/lib/thumb/v7e-m+fp/hard\libm.a
LOAD C:/ST/STM32CubeIDE_1.16.1/STM32CubeIDE/plugins/com.st.stm32cube.ide.mcu.externaltools.gnu-tools-for-stm32.12.3.rel1.win32_1.0.200.202406191623/tools/bin/../lib/gcc/arm-none-eabi/12.3.1/thumb/v7e-m+fp/hard\libgcc.a

.debug_info     0x00000000    0x155d6
 .debug_info    0x00000000     0x12da ./Application/User/Core/main.o
 .debug_info    0x000012da      0xe37 ./Application/User/Core/stm32f4xx_hal_msp.o
 .debug_info    0x00002111      0xdfb ./Application/User/Core/stm32f4xx_it.o
 .debug_info    0x00002f0c       0x30 ./Application/User/Startup/startup_stm32f405rgtx.o
 .debug_info    0x00002f3c      0x701 ./Application/User/USB_DEVICE/App/usb_device.o
 .debug_info    0x0000363d      0x94b ./Application/User/USB_DEVICE/App/usbd_cdc_if.o
 .debug_info    0x00003f88      0x458 ./Application/User/USB_DEVICE/App/usbd_desc.o
 .debug_info    0x000043e0     0x1c57 ./Application/User/USB_DEVICE/Target/usbd_conf.o
 .debug_info    0x00006037      0x512 ./Drivers/CMSIS/system_stm32f4xx.o
 .debug_info    0x00006549      0x96c ./Drivers/STM32F4xx_HAL_Driver/stm32f4xx_hal.o
 .debug_info    0x00006eb5      0xdaf ./Drivers/STM32F4xx_HAL_Driver/stm32f4xx_hal_cortex.o
 .debug_info    0x00007c64      0x904 ./Drivers/STM32F4xx_HAL_Driver/stm32f4xx_hal_dma.o
 .debug_info    0x00008568      0x59b ./Drivers/STM32F4xx_HAL_Driver/stm32f4xx_hal_flash.o
 .debug_info    0x00008b03      0x698 ./Drivers/STM32F4xx_HAL_Driver/stm32f4xx_hal_flash_ex.o
 .debug_info    0x0000919b      0x6dc ./Drivers/STM32F4xx_HAL_Driver/stm32f4xx_hal_gpio.o
 .debug_info    0x00009877     0x1587 ./Drivers/STM32F4xx_HAL_Driver/stm32f4xx_hal_pcd.o
 .debug_info    0x0000adfe      0x6ea ./Drivers/STM32F4xx_HAL_Driver/stm32f4xx_hal_pcd_ex.o
 .debug_info    0x0000b4e8      0x715 ./Drivers/STM32F4xx_HAL_Driver/stm32f4xx_hal_pwr.o
 .debug_info    0x0000bbfd      0x8cc ./Drivers/STM32F4xx_HAL_Driver/stm32f4xx_hal_rcc.o
 .debug_info    0x0000c4c9     0x153b ./Drivers/STM32F4xx_HAL_Driver/stm32f4xx_hal_spi.o
 .debug_info    0x0000da04     0x2f64 ./Drivers/STM32F4xx_HAL_Driver/stm32f4xx_hal_uart.o
 .debug_info    0x00010968     0x1993 ./Drivers/STM32F4xx_HAL_Driver/stm32f4xx_ll_usb.o
 .debug_info    0x000122fb     0x12a3 ./Middlewares/USB_Device_Library/usbd_cdc.o
 .debug_info    0x0001359e      0xe05 ./Middlewares/USB_Device_Library/usbd_core.o
 .debug_info    0x000143a3      0xade ./Middlewares/USB_Device_Library/usbd_ctlreq.o
 .debug_info    0x00014e81      0x755 ./Middlewares/USB_Device_Library/usbd_ioreq.o

.debug_abbrev   0x00000000     0x3b53
 .debug_abbrev  0x00000000      0x311 ./Application/User/Core/main.o
 .debug_abbrev  0x00000311      0x1cd ./Application/User/Core/stm32f4xx_hal_msp.o
 .debug_abbrev  0x000004de      0x239 ./Application/User/Core/stm32f4xx_it.o
 .debug_abbrev  0x00000717       0x24 ./Application/User/Startup/startup_stm32f405rgtx.o
 .debug_abbrev  0x0000073b      0x195 ./Application/User/USB_DEVICE/App/usb_device.o
 .debug_abbrev  0x000008d0      0x2c9 ./Application/User/USB_DEVICE/App/usbd_cdc_if.o
 .debug_abbrev  0x00000b99      0x1e1 ./Application/User/USB_DEVICE/App/usbd_desc.o
 .debug_abbrev  0x00000d7a      0x33f ./Application/User/USB_DEVICE/Target/usbd_conf.o
 .debug_abbrev  0x000010b9      0x11a ./Drivers/CMSIS/system_stm32f4xx.o
 .debug_abbrev  0x000011d3      0x21b ./Drivers/STM32F4xx_HAL_Driver/stm32f4xx_hal.o
 .debug_abbrev  0x000013ee      0x339 ./Drivers/STM32F4xx_HAL_Driver/stm32f4xx_hal_cortex.o
 .debug_abbrev  0x00001727      0x279 ./Drivers/STM32F4xx_HAL_Driver/stm32f4xx_hal_dma.o
 .debug_abbrev  0x000019a0      0x295 ./Drivers/STM32F4xx_HAL_Driver/stm32f4xx_hal_flash.o
 .debug_abbrev  0x00001c35      0x244 ./Drivers/STM32F4xx_HAL_Driver/stm32f4xx_hal_flash_ex.o
 .debug_abbrev  0x00001e79      0x1f1 ./Drivers/STM32F4xx_HAL_Driver/stm32f4xx_hal_gpio.o
 .debug_abbrev  0x0000206a      0x2ce ./Drivers/STM32F4xx_HAL_Driver/stm32f4xx_hal_pcd.o
 .debug_abbrev  0x00002338      0x1da ./Drivers/STM32F4xx_HAL_Driver/stm32f4xx_hal_pcd_ex.o
 .debug_abbrev  0x00002512      0x1b9 ./Drivers/STM32F4xx_HAL_Driver/stm32f4xx_hal_pwr.o
 .debug_abbrev  0x000026cb      0x2cc ./Drivers/STM32F4xx_HAL_Driver/stm32f4xx_hal_rcc.o
 .debug_abbrev  0x00002997      0x28f ./Drivers/STM32F4xx_HAL_Driver/stm32f4xx_hal_spi.o
 .debug_abbrev  0x00002c26      0x323 ./Drivers/STM32F4xx_HAL_Driver/stm32f4xx_hal_uart.o
 .debug_abbrev  0x00002f49      0x2b3 ./Drivers/STM32F4xx_HAL_Driver/stm32f4xx_ll_usb.o
 .debug_abbrev  0x000031fc      0x2d2 ./Middlewares/USB_Device_Library/usbd_cdc.o
 .debug_abbrev  0x000034ce      0x27c ./Middlewares/USB_Device_Library/usbd_core.o
 .debug_abbrev  0x0000374a      0x26f ./Middlewares/USB_Device_Library/usbd_ctlreq.o
 .debug_abbrev  0x000039b9      0x19a ./Middlewares/USB_Device_Library/usbd_ioreq.o

.debug_aranges  0x00000000     0x1218
 .debug_aranges
                0x00000000       0x60 ./Application/User/Core/main.o
 .debug_aranges
                0x00000060       0x40 ./Application/User/Core/stm32f4xx_hal_msp.o
 .debug_aranges
                0x000000a0       0xa8 ./Application/User/Core/stm32f4xx_it.o
 .debug_aranges
                0x00000148       0x28 ./Application/User/Startup/startup_stm32f405rgtx.o
 .debug_aranges
                0x00000170       0x20 ./Application/User/USB_DEVICE/App/usb_device.o
 .debug_aranges
                0x00000190       0x48 ./Application/User/USB_DEVICE/App/usbd_cdc_if.o
 .debug_aranges
                0x000001d8       0x60 ./Application/User/USB_DEVICE/App/usbd_desc.o
 .debug_aranges
                0x00000238      0x110 ./Application/User/USB_DEVICE/Target/usbd_conf.o
 .debug_aranges
                0x00000348       0x28 ./Drivers/CMSIS/system_stm32f4xx.o
 .debug_aranges
                0x00000370       0xf0 ./Drivers/STM32F4xx_HAL_Driver/stm32f4xx_hal.o
 .debug_aranges
                0x00000460      0x130 ./Drivers/STM32F4xx_HAL_Driver/stm32f4xx_hal_cortex.o
 .debug_aranges
                0x00000590       0x90 ./Drivers/STM32F4xx_HAL_Driver/stm32f4xx_hal_dma.o
 .debug_aranges
                0x00000620       0xa0 ./Drivers/STM32F4xx_HAL_Driver/stm32f4xx_hal_flash.o
 .debug_aranges
                0x000006c0       0x98 ./Drivers/STM32F4xx_HAL_Driver/stm32f4xx_hal_flash_ex.o
 .debug_aranges
                0x00000758       0x58 ./Drivers/STM32F4xx_HAL_Driver/stm32f4xx_hal_gpio.o
 .debug_aranges
                0x000007b0      0x148 ./Drivers/STM32F4xx_HAL_Driver/stm32f4xx_hal_pcd.o
 .debug_aranges
                0x000008f8       0x38 ./Drivers/STM32F4xx_HAL_Driver/stm32f4xx_hal_pcd_ex.o
 .debug_aranges
                0x00000930       0xa0 ./Drivers/STM32F4xx_HAL_Driver/stm32f4xx_hal_pwr.o
 .debug_aranges
                0x000009d0       0x88 ./Drivers/STM32F4xx_HAL_Driver/stm32f4xx_hal_rcc.o
 .debug_aranges
                0x00000a58      0x1d0 ./Drivers/STM32F4xx_HAL_Driver/stm32f4xx_hal_spi.o
 .debug_aranges
                0x00000c28      0x208 ./Drivers/STM32F4xx_HAL_Driver/stm32f4xx_hal_uart.o
 .debug_aranges
                0x00000e30      0x1a0 ./Drivers/STM32F4xx_HAL_Driver/stm32f4xx_ll_usb.o
 .debug_aranges
                0x00000fd0       0x90 ./Middlewares/USB_Device_Library/usbd_cdc.o
 .debug_aranges
                0x00001060       0xd8 ./Middlewares/USB_Device_Library/usbd_core.o
 .debug_aranges
                0x00001138       0x90 ./Middlewares/USB_Device_Library/usbd_ctlreq.o
 .debug_aranges
                0x000011c8       0x50 ./Middlewares/USB_Device_Library/usbd_ioreq.o

.debug_rnglists
                0x00000000      0xdc0
 .debug_rnglists
                0x00000000       0x46 ./Application/User/Core/main.o
 .debug_rnglists
                0x00000046       0x2e ./Application/User/Core/stm32f4xx_hal_msp.o
 .debug_rnglists
                0x00000074       0x79 ./Application/User/Core/stm32f4xx_it.o
 .debug_rnglists
                0x000000ed       0x19 ./Application/User/Startup/startup_stm32f405rgtx.o
 .debug_rnglists
                0x00000106       0x13 ./Application/User/USB_DEVICE/App/usb_device.o
 .debug_rnglists
                0x00000119       0x32 ./Application/User/USB_DEVICE/App/usbd_cdc_if.o
 .debug_rnglists
                0x0000014b       0x43 ./Application/User/USB_DEVICE/App/usbd_desc.o
 .debug_rnglists
                0x0000018e       0xc9 ./Application/User/USB_DEVICE/Target/usbd_conf.o
 .debug_rnglists
                0x00000257       0x1a ./Drivers/CMSIS/system_stm32f4xx.o
 .debug_rnglists
                0x00000271       0xaf ./Drivers/STM32F4xx_HAL_Driver/stm32f4xx_hal.o
 .debug_rnglists
                0x00000320       0xe0 ./Drivers/STM32F4xx_HAL_Driver/stm32f4xx_hal_cortex.o
 .debug_rnglists
                0x00000400       0x71 ./Drivers/STM32F4xx_HAL_Driver/stm32f4xx_hal_dma.o
 .debug_rnglists
                0x00000471       0x79 ./Drivers/STM32F4xx_HAL_Driver/stm32f4xx_hal_flash.o
 .debug_rnglists
                0x000004ea       0x73 ./Drivers/STM32F4xx_HAL_Driver/stm32f4xx_hal_flash_ex.o
 .debug_rnglists
                0x0000055d       0x3f ./Drivers/STM32F4xx_HAL_Driver/stm32f4xx_hal_gpio.o
 .debug_rnglists
                0x0000059c       0xfa ./Drivers/STM32F4xx_HAL_Driver/stm32f4xx_hal_pcd.o
 .debug_rnglists
                0x00000696       0x26 ./Drivers/STM32F4xx_HAL_Driver/stm32f4xx_hal_pcd_ex.o
 .debug_rnglists
                0x000006bc       0x75 ./Drivers/STM32F4xx_HAL_Driver/stm32f4xx_hal_pwr.o
 .debug_rnglists
                0x00000731       0x66 ./Drivers/STM32F4xx_HAL_Driver/stm32f4xx_hal_rcc.o
 .debug_rnglists
                0x00000797      0x170 ./Drivers/STM32F4xx_HAL_Driver/stm32f4xx_hal_spi.o
 .debug_rnglists
                0x00000907      0x1c0 ./Drivers/STM32F4xx_HAL_Driver/stm32f4xx_hal_uart.o
 .debug_rnglists
                0x00000ac7      0x147 ./Drivers/STM32F4xx_HAL_Driver/stm32f4xx_ll_usb.o
 .debug_rnglists
                0x00000c0e       0x6c ./Middlewares/USB_Device_Library/usbd_cdc.o
 .debug_rnglists
                0x00000c7a       0xa1 ./Middlewares/USB_Device_Library/usbd_core.o
 .debug_rnglists
                0x00000d1b       0x6e ./Middlewares/USB_Device_Library/usbd_ctlreq.o
 .debug_rnglists
                0x00000d89       0x37 ./Middlewares/USB_Device_Library/usbd_ioreq.o

.debug_macro    0x00000000    0x21cdf
 .debug_macro   0x00000000      0x35b ./Application/User/Core/main.o
 .debug_macro   0x0000035b      0xab4 ./Application/User/Core/main.o
 .debug_macro   0x00000e0f      0x2a8 ./Application/User/Core/main.o
 .debug_macro   0x000010b7       0x2e ./Application/User/Core/main.o
 .debug_macro   0x000010e5       0x2f ./Application/User/Core/main.o
 .debug_macro   0x00001114       0x22 ./Application/User/Core/main.o
 .debug_macro   0x00001136       0x8e ./Application/User/Core/main.o
 .debug_macro   0x000011c4       0x51 ./Application/User/Core/main.o
 .debug_macro   0x00001215      0x103 ./Application/User/Core/main.o
 .debug_macro   0x00001318       0x6a ./Application/User/Core/main.o
 .debug_macro   0x00001382      0x1df ./Application/User/Core/main.o
 .debug_macro   0x00001561       0x1c ./Application/User/Core/main.o
 .debug_macro   0x0000157d       0x22 ./Application/User/Core/main.o
 .debug_macro   0x0000159f       0xfb ./Application/User/Core/main.o
 .debug_macro   0x0000169a     0x1011 ./Application/User/Core/main.o
 .debug_macro   0x000026ab      0x11f ./Application/User/Core/main.o
 .debug_macro   0x000027ca    0x1426d ./Application/User/Core/main.o
 .debug_macro   0x00016a37       0x6d ./Application/User/Core/main.o
 .debug_macro   0x00016aa4     0x369a ./Application/User/Core/main.o
 .debug_macro   0x0001a13e      0x189 ./Application/User/Core/main.o
 .debug_macro   0x0001a2c7       0x5c ./Application/User/Core/main.o
 .debug_macro   0x0001a323      0x8bc ./Application/User/Core/main.o
 .debug_macro   0x0001abdf      0x9e9 ./Application/User/Core/main.o
 .debug_macro   0x0001b5c8      0x115 ./Application/User/Core/main.o
 .debug_macro   0x0001b6dd      0x130 ./Application/User/Core/main.o
 .debug_macro   0x0001b80d       0xa5 ./Application/User/Core/main.o
 .debug_macro   0x0001b8b2      0x174 ./Application/User/Core/main.o
 .debug_macro   0x0001ba26      0x287 ./Application/User/Core/main.o
 .debug_macro   0x0001bcad       0x5f ./Application/User/Core/main.o
 .debug_macro   0x0001bd0c      0x236 ./Application/User/Core/main.o
 .debug_macro   0x0001bf42      0x12c ./Application/User/Core/main.o
 .debug_macro   0x0001c06e      0x21e ./Application/User/Core/main.o
 .debug_macro   0x0001c28c       0x2e ./Application/User/Core/main.o
 .debug_macro   0x0001c2ba      0x127 ./Application/User/Core/main.o
 .debug_macro   0x0001c3e1       0x7e ./Application/User/Core/main.o
 .debug_macro   0x0001c45f       0x89 ./Application/User/Core/main.o
 .debug_macro   0x0001c4e8      0x225 ./Application/User/Core/main.o
 .debug_macro   0x0001c70d      0x2aa ./Application/User/Core/main.o
 .debug_macro   0x0001c9b7      0x293 ./Application/User/Core/main.o
 .debug_macro   0x0001cc4a       0xba ./Application/User/Core/main.o
 .debug_macro   0x0001cd04      0x12d ./Application/User/Core/main.o
 .debug_macro   0x0001ce31       0xc4 ./Application/User/Core/main.o
 .debug_macro   0x0001cef5       0x61 ./Application/User/Core/main.o
 .debug_macro   0x0001cf56       0x2a ./Application/User/Core/main.o
 .debug_macro   0x0001cf80       0x43 ./Application/User/Core/main.o
 .debug_macro   0x0001cfc3       0x34 ./Application/User/Core/main.o
 .debug_macro   0x0001cff7       0x16 ./Application/User/Core/main.o
 .debug_macro   0x0001d00d       0x35 ./Application/User/Core/main.o
 .debug_macro   0x0001d042      0x369 ./Application/User/Core/main.o
 .debug_macro   0x0001d3ab       0x10 ./Application/User/Core/main.o
 .debug_macro   0x0001d3bb       0x16 ./Application/User/Core/main.o
 .debug_macro   0x0001d3d1       0x43 ./Application/User/Core/main.o
 .debug_macro   0x0001d414       0x34 ./Application/User/Core/main.o
 .debug_macro   0x0001d448       0x10 ./Application/User/Core/main.o
 .debug_macro   0x0001d458       0x58 ./Application/User/Core/main.o
 .debug_macro   0x0001d4b0       0x8e ./Application/User/Core/main.o
 .debug_macro   0x0001d53e       0x1c ./Application/User/Core/main.o
 .debug_macro   0x0001d55a      0x177 ./Application/User/Core/main.o
 .debug_macro   0x0001d6d1       0x16 ./Application/User/Core/main.o
 .debug_macro   0x0001d6e7       0x16 ./Application/User/Core/main.o
 .debug_macro   0x0001d6fd      0x146 ./Application/User/Core/main.o
 .debug_macro   0x0001d843       0x16 ./Application/User/Core/main.o
 .debug_macro   0x0001d859       0x16 ./Application/User/Core/main.o
 .debug_macro   0x0001d86f       0x29 ./Application/User/Core/main.o
 .debug_macro   0x0001d898       0x16 ./Application/User/Core/main.o
 .debug_macro   0x0001d8ae       0x20 ./Application/User/Core/main.o
 .debug_macro   0x0001d8ce       0x65 ./Application/User/Core/main.o
 .debug_macro   0x0001d933      0x20f ./Application/User/Core/main.o
 .debug_macro   0x0001db42      0x1f7 ./Application/User/Core/stm32f4xx_hal_msp.o
 .debug_macro   0x0001dd39      0x201 ./Application/User/Core/stm32f4xx_it.o
 .debug_macro   0x0001df3a      0x3a6 ./Application/User/USB_DEVICE/App/usb_device.o
 .debug_macro   0x0001e2e0       0xca ./Application/User/USB_DEVICE/App/usb_device.o
 .debug_macro   0x0001e3aa       0x22 ./Application/User/USB_DEVICE/App/usb_device.o
 .debug_macro   0x0001e3cc       0x95 ./Application/User/USB_DEVICE/App/usb_device.o
 .debug_macro   0x0001e461       0x16 ./Application/User/USB_DEVICE/App/usb_device.o
 .debug_macro   0x0001e477      0x391 ./Application/User/USB_DEVICE/App/usbd_cdc_if.o
 .debug_macro   0x0001e808       0x9e ./Application/User/USB_DEVICE/App/usbd_cdc_if.o
 .debug_macro   0x0001e8a6      0x10b ./Application/User/USB_DEVICE/App/usbd_cdc_if.o
 .debug_macro   0x0001e9b1       0x56 ./Application/User/USB_DEVICE/App/usbd_cdc_if.o
 .debug_macro   0x0001ea07       0x10 ./Application/User/USB_DEVICE/App/usbd_cdc_if.o
 .debug_macro   0x0001ea17      0x3b0 ./Application/User/USB_DEVICE/App/usbd_desc.o
 .debug_macro   0x0001edc7      0x215 ./Application/User/USB_DEVICE/App/usbd_desc.o
 .debug_macro   0x0001efdc       0x1c ./Application/User/USB_DEVICE/App/usbd_desc.o
 .debug_macro   0x0001eff8      0x38a ./Application/User/USB_DEVICE/Target/usbd_conf.o
 .debug_macro   0x0001f382      0x1e8 ./Drivers/CMSIS/system_stm32f4xx.o
 .debug_macro   0x0001f56a      0x248 ./Drivers/STM32F4xx_HAL_Driver/stm32f4xx_hal.o
 .debug_macro   0x0001f7b2      0x1e8 ./Drivers/STM32F4xx_HAL_Driver/stm32f4xx_hal_cortex.o
 .debug_macro   0x0001f99a      0x1ee ./Drivers/STM32F4xx_HAL_Driver/stm32f4xx_hal_dma.o
 .debug_macro   0x0001fb88      0x1ee ./Drivers/STM32F4xx_HAL_Driver/stm32f4xx_hal_flash.o
 .debug_macro   0x0001fd76      0x1ee ./Drivers/STM32F4xx_HAL_Driver/stm32f4xx_hal_flash_ex.o
 .debug_macro   0x0001ff64      0x1ee ./Drivers/STM32F4xx_HAL_Driver/stm32f4xx_hal_gpio.o
 .debug_macro   0x00020152      0x1f4 ./Drivers/STM32F4xx_HAL_Driver/stm32f4xx_hal_pcd.o
 .debug_macro   0x00020346      0x1e8 ./Drivers/STM32F4xx_HAL_Driver/stm32f4xx_hal_pcd_ex.o
 .debug_macro   0x0002052e      0x200 ./Drivers/STM32F4xx_HAL_Driver/stm32f4xx_hal_pwr.o
 .debug_macro   0x0002072e      0x20c ./Drivers/STM32F4xx_HAL_Driver/stm32f4xx_hal_rcc.o
 .debug_macro   0x0002093a      0x1f7 ./Drivers/STM32F4xx_HAL_Driver/stm32f4xx_hal_spi.o
 .debug_macro   0x00020b31      0x1e9 ./Drivers/STM32F4xx_HAL_Driver/stm32f4xx_hal_uart.o
 .debug_macro   0x00020d1a      0x1e8 ./Drivers/STM32F4xx_HAL_Driver/stm32f4xx_ll_usb.o
 .debug_macro   0x00020f02      0x386 ./Middlewares/USB_Device_Library/usbd_cdc.o
 .debug_macro   0x00021288      0x36d ./Middlewares/USB_Device_Library/usbd_core.o
 .debug_macro   0x000215f5      0x377 ./Middlewares/USB_Device_Library/usbd_ctlreq.o
 .debug_macro   0x0002196c      0x373 ./Middlewares/USB_Device_Library/usbd_ioreq.o

.debug_line     0x00000000    0x184ea
 .debug_line    0x00000000      0xbbf ./Application/User/Core/main.o
 .debug_line    0x00000bbf      0x868 ./Application/User/Core/stm32f4xx_hal_msp.o
 .debug_line    0x00001427      0x940 ./Application/User/Core/stm32f4xx_it.o
 .debug_line    0x00001d67       0x7a ./Application/User/Startup/startup_stm32f405rgtx.o
 .debug_line    0x00001de1      0xa8e ./Application/User/USB_DEVICE/App/usb_device.o
 .debug_line    0x0000286f      0xaf3 ./Application/User/USB_DEVICE/App/usbd_cdc_if.o
 .debug_line    0x00003362      0xb54 ./Application/User/USB_DEVICE/App/usbd_desc.o
 .debug_line    0x00003eb6      0xe8c ./Application/User/USB_DEVICE/Target/usbd_conf.o
 .debug_line    0x00004d42      0x834 ./Drivers/CMSIS/system_stm32f4xx.o
 .debug_line    0x00005576      0xab1 ./Drivers/STM32F4xx_HAL_Driver/stm32f4xx_hal.o
 .debug_line    0x00006027      0xfac ./Drivers/STM32F4xx_HAL_Driver/stm32f4xx_hal_cortex.o
 .debug_line    0x00006fd3     0x11cb ./Drivers/STM32F4xx_HAL_Driver/stm32f4xx_hal_dma.o
 .debug_line    0x0000819e      0xbd7 ./Drivers/STM32F4xx_HAL_Driver/stm32f4xx_hal_flash.o
 .debug_line    0x00008d75      0xc8c ./Drivers/STM32F4xx_HAL_Driver/stm32f4xx_hal_flash_ex.o
 .debug_line    0x00009a01      0xde7 ./Drivers/STM32F4xx_HAL_Driver/stm32f4xx_hal_gpio.o
 .debug_line    0x0000a7e8     0x1595 ./Drivers/STM32F4xx_HAL_Driver/stm32f4xx_hal_pcd.o
 .debug_line    0x0000bd7d      0x87a ./Drivers/STM32F4xx_HAL_Driver/stm32f4xx_hal_pcd_ex.o
 .debug_line    0x0000c5f7      0xa4c ./Drivers/STM32F4xx_HAL_Driver/stm32f4xx_hal_pwr.o
 .debug_line    0x0000d043      0xfef ./Drivers/STM32F4xx_HAL_Driver/stm32f4xx_hal_rcc.o
 .debug_line    0x0000e032     0x1f4e ./Drivers/STM32F4xx_HAL_Driver/stm32f4xx_hal_spi.o
 .debug_line    0x0000ff80     0x2b6b ./Drivers/STM32F4xx_HAL_Driver/stm32f4xx_hal_uart.o
 .debug_line    0x00012aeb     0x1e78 ./Drivers/STM32F4xx_HAL_Driver/stm32f4xx_ll_usb.o
 .debug_line    0x00014963      0xf3e ./Middlewares/USB_Device_Library/usbd_cdc.o
 .debug_line    0x000158a1      0xfb5 ./Middlewares/USB_Device_Library/usbd_core.o
 .debug_line    0x00016856     0x11c5 ./Middlewares/USB_Device_Library/usbd_ctlreq.o
 .debug_line    0x00017a1b      0xacf ./Middlewares/USB_Device_Library/usbd_ioreq.o

.debug_str      0x00000000    0xbe773
 .debug_str     0x00000000    0xb99ed ./Application/User/Core/main.o
                              0xb9db1 (size before relaxing)
 .debug_str     0x000b99ed       0xc1 ./Application/User/Core/stm32f4xx_hal_msp.o
                              0xb5855 (size before relaxing)
 .debug_str     0x000b9aae      0x554 ./Application/User/Core/stm32f4xx_it.o
                              0xb56af (size before relaxing)
 .debug_str     0x000ba002       0x50 ./Application/User/Startup/startup_stm32f405rgtx.o
                                 0x8b (size before relaxing)
 .debug_str     0x000ba052      0x839 ./Application/User/USB_DEVICE/App/usb_device.o
                              0xb96ff (size before relaxing)
 .debug_str     0x000ba88b      0x164 ./Application/User/USB_DEVICE/App/usbd_cdc_if.o
                              0xb975f (size before relaxing)
 .debug_str     0x000ba9ef      0x2a2 ./Application/User/USB_DEVICE/App/usbd_desc.o
                              0xb924c (size before relaxing)
 .debug_str     0x000bac91      0x4f3 ./Application/User/USB_DEVICE/Target/usbd_conf.o
                              0xba520 (size before relaxing)
 .debug_str     0x000bb184       0xac ./Drivers/CMSIS/system_stm32f4xx.o
                              0xb4a2c (size before relaxing)
 .debug_str     0x000bb230      0x628 ./Drivers/STM32F4xx_HAL_Driver/stm32f4xx_hal.o
                              0xb55af (size before relaxing)
 .debug_str     0x000bb858      0x390 ./Drivers/STM32F4xx_HAL_Driver/stm32f4xx_hal_cortex.o
                              0xb532d (size before relaxing)
 .debug_str     0x000bbbe8      0x33f ./Drivers/STM32F4xx_HAL_Driver/stm32f4xx_hal_dma.o
                              0xb4e54 (size before relaxing)
 .debug_str     0x000bbf27      0x2de ./Drivers/STM32F4xx_HAL_Driver/stm32f4xx_hal_flash.o
                              0xb4c2a (size before relaxing)
 .debug_str     0x000bc205      0x258 ./Drivers/STM32F4xx_HAL_Driver/stm32f4xx_hal_flash_ex.o
                              0xb4c7a (size before relaxing)
 .debug_str     0x000bc45d      0x11a ./Drivers/STM32F4xx_HAL_Driver/stm32f4xx_hal_gpio.o
                              0xb4bb5 (size before relaxing)
 .debug_str     0x000bc577      0x610 ./Drivers/STM32F4xx_HAL_Driver/stm32f4xx_hal_pcd.o
                              0xb5518 (size before relaxing)
 .debug_str     0x000bcb87      0x13a ./Drivers/STM32F4xx_HAL_Driver/stm32f4xx_hal_pcd_ex.o
                              0xb4dfa (size before relaxing)
 .debug_str     0x000bccc1      0x276 ./Drivers/STM32F4xx_HAL_Driver/stm32f4xx_hal_pwr.o
                              0xb4c70 (size before relaxing)
 .debug_str     0x000bcf37      0x239 ./Drivers/STM32F4xx_HAL_Driver/stm32f4xx_hal_rcc.o
                              0xb4e6e (size before relaxing)
 .debug_str     0x000bd170      0x53f ./Drivers/STM32F4xx_HAL_Driver/stm32f4xx_hal_spi.o
                              0xb52f8 (size before relaxing)