C:/Users/Mamdouh/Downloads/Cub32WS/TEST/Dual-EveCore-MB-Firmware/Core/Src/main.c:95:5:main	8	static
C:/Users/Mamdouh/Downloads/Cub32WS/TEST/Dual-EveCore-MB-Firmware/Core/Src/main.c:158:6:SystemClock_Config	88	static
C:/Users/Mamdouh/Downloads/Cub32WS/TEST/Dual-EveCore-MB-Firmware/Core/Src/main.c:204:13:MX_SPI1_Init	8	static
C:/Users/Mamdouh/Downloads/Cub32WS/TEST/Dual-EveCore-MB-Firmware/Core/Src/main.c:242:13:MX_TIM2_Init	64	static
C:/Users/Mamdouh/Downloads/Cub32WS/TEST/Dual-EveCore-MB-Firmware/Core/Src/main.c:300:13:MX_UART4_Init	8	static
C:/Users/Mamdouh/Downloads/Cub32WS/TEST/Dual-EveCore-MB-Firmware/Core/Src/main.c:333:13:MX_GPIO_Init	48	static
C:/Users/Mamdouh/Downloads/Cub32WS/TEST/Dual-EveCore-MB-Firmware/Core/Src/main.c:414:6:USB_CDC_RxHandler	16	static
C:/Users/Mamdouh/Downloads/Cub32WS/TEST/Dual-EveCore-MB-Firmware/Core/Src/main.c:420:6:HAL_SPI_TxRxCpltCallback	128	static
C:/Users/Mamdouh/Downloads/Cub32WS/TEST/Dual-EveCore-MB-Firmware/Core/Src/main.c:435:6:HAL_UART_RxCpltCallback	16	static
C:/Users/Mamdouh/Downloads/Cub32WS/TEST/Dual-EveCore-MB-Firmware/Core/Src/main.c:445:6:HAL_TIM_OC_DelayElapsedCallback	16	static
C:/Users/Mamdouh/Downloads/Cub32WS/TEST/Dual-EveCore-MB-Firmware/Core/Src/main.c:474:6:Error_Handler	4	static,ignoring_inline_asm
C:/Users/Mamdouh/Downloads/Cub32WS/TEST/Dual-EveCore-MB-Firmware/Core/Src/main.c:493:6:assert_failed	16	static
