C:/Users/Mamdouh/Downloads/Cub32WS/TEST/Core/Src/main.c:89:5:main	3
C:/Users/Mamdouh/Downloads/Cub32WS/TEST/Core/Src/main.c:159:6:SystemClock_Config	3
C:/Users/Mamdouh/Downloads/Cub32WS/TEST/Core/Src/main.c:205:13:MX_SPI1_Init	2
C:/Users/Mamdouh/Downloads/Cub32WS/TEST/Core/Src/main.c:243:13:MX_UART4_Init	2
C:/Users/Mamdouh/Downloads/Cub32WS/TEST/Core/Src/main.c:276:13:MX_GPIO_Init	1
C:/Users/Mamdouh/Downloads/Cub32WS/TEST/Core/Src/main.c:357:6:USB_CDC_RxHandler	1
C:/Users/Mamdouh/Downloads/Cub32WS/TEST/Core/Src/main.c:362:6:HAL_SPI_TxRxCpltCallback	1
C:/Users/Mamdouh/Downloads/Cub32WS/TEST/Core/Src/main.c:376:6:Error_Handler	1
C:/Users/Mamdouh/Downloads/Cub32WS/TEST/Core/Src/main.c:395:6:assert_failed	1
