C:/Users/Mamdouh/Downloads/Cub32WS/TEST/Core/Src/main.c:89:5:main	112	static,ignoring_inline_asm
C:/Users/Mamdouh/Downloads/Cub32WS/TEST/Core/Src/main.c:159:6:SystemClock_Config	88	static
C:/Users/Mamdouh/Downloads/Cub32WS/TEST/Core/Src/main.c:205:13:MX_SPI1_Init	8	static
C:/Users/Mamdouh/Downloads/Cub32WS/TEST/Core/Src/main.c:243:13:MX_UART4_Init	8	static
C:/Users/Mamdouh/Downloads/Cub32WS/TEST/Core/Src/main.c:276:13:MX_GPIO_Init	48	static
C:/Users/Mamdouh/Downloads/Cub32WS/TEST/Core/Src/main.c:357:6:USB_CDC_RxHandler	16	static
C:/Users/Mamdouh/Downloads/Cub32WS/TEST/Core/Src/main.c:362:6:HAL_SPI_TxRxCpltCallback	16	static
C:/Users/Mamdouh/Downloads/Cub32WS/TEST/Core/Src/main.c:376:6:Error_Handler	4	static,ignoring_inline_asm
C:/Users/Mamdouh/Downloads/Cub32WS/TEST/Core/Src/main.c:395:6:assert_failed	16	static
