C:/Users/Mamdouh/Downloads/Cub32WS/TEST/Dual-EveCore-MB-Firmware/Core/Src/main.c:95:5:main	1
C:/Users/Mamdouh/Downloads/Cub32WS/TEST/Dual-EveCore-MB-Firmware/Core/Src/main.c:158:6:SystemClock_Config	3
C:/Users/Mamdouh/Downloads/Cub32WS/TEST/Dual-EveCore-MB-Firmware/Core/Src/main.c:204:13:MX_SPI1_Init	2
C:/Users/Mamdouh/Downloads/Cub32WS/TEST/Dual-EveCore-MB-Firmware/Core/Src/main.c:242:13:MX_TIM2_Init	6
C:/Users/Mamdouh/Downloads/Cub32WS/TEST/Dual-EveCore-MB-Firmware/Core/Src/main.c:300:13:MX_UART4_Init	2
C:/Users/Mamdouh/Downloads/Cub32WS/TEST/Dual-EveCore-MB-Firmware/Core/Src/main.c:333:13:MX_GPIO_Init	1
C:/Users/Mamdouh/Downloads/Cub32WS/TEST/Dual-EveCore-MB-Firmware/Core/Src/main.c:414:6:USB_CDC_RxHandler	1
C:/Users/Mamdouh/Downloads/Cub32WS/TEST/Dual-EveCore-MB-Firmware/Core/Src/main.c:420:6:HAL_SPI_TxRxCpltCallback	2
C:/Users/Mamdouh/Downloads/Cub32WS/TEST/Dual-EveCore-MB-Firmware/Core/Src/main.c:435:6:HAL_UART_RxCpltCallback	2
C:/Users/Mamdouh/Downloads/Cub32WS/TEST/Dual-EveCore-MB-Firmware/Core/Src/main.c:445:6:HAL_TIM_OC_DelayElapsedCallback	5
C:/Users/Mamdouh/Downloads/Cub32WS/TEST/Dual-EveCore-MB-Firmware/Core/Src/main.c:474:6:Error_Handler	1
C:/Users/Mamdouh/Downloads/Cub32WS/TEST/Dual-EveCore-MB-Firmware/Core/Src/main.c:493:6:assert_failed	1
