C:/Users/Mamdouh/Downloads/Cub32WS/TEST/Core/Src/stm32f4xx_it.c:71:6:NMI_Handler	4	static
C:/Users/Mamdouh/Downloads/Cub32WS/TEST/Core/Src/stm32f4xx_it.c:86:6:HardFault_Handler	4	static
C:/Users/Mamdouh/Downloads/Cub32WS/TEST/Core/Src/stm32f4xx_it.c:101:6:MemManage_Handler	4	static
C:/Users/Mamdouh/Downloads/Cub32WS/TEST/Core/Src/stm32f4xx_it.c:116:6:BusFault_Handler	4	static
C:/Users/Mamdouh/Downloads/Cub32WS/TEST/Core/Src/stm32f4xx_it.c:131:6:UsageFault_Handler	4	static
C:/Users/Mamdouh/Downloads/Cub32WS/TEST/Core/Src/stm32f4xx_it.c:146:6:SVC_Handler	4	static
C:/Users/Mamdouh/Downloads/Cub32WS/TEST/Core/Src/stm32f4xx_it.c:159:6:DebugMon_Handler	4	static
C:/Users/Mamdouh/Downloads/Cub32WS/TEST/Core/Src/stm32f4xx_it.c:172:6:PendSV_Handler	4	static
C:/Users/Mamdouh/Downloads/Cub32WS/TEST/Core/Src/stm32f4xx_it.c:185:6:SysTick_Handler	8	static
C:/Users/Mamdouh/Downloads/Cub32WS/TEST/Core/Src/stm32f4xx_it.c:206:6:PVD_IRQHandler	8	static
C:/Users/Mamdouh/Downloads/Cub32WS/TEST/Core/Src/stm32f4xx_it.c:220:6:FLASH_IRQHandler	8	static
C:/Users/Mamdouh/Downloads/Cub32WS/TEST/Core/Src/stm32f4xx_it.c:234:6:RCC_IRQHandler	4	static
C:/Users/Mamdouh/Downloads/Cub32WS/TEST/Core/Src/stm32f4xx_it.c:247:6:EXTI0_IRQHandler	8	static
C:/Users/Mamdouh/Downloads/Cub32WS/TEST/Core/Src/stm32f4xx_it.c:261:6:EXTI9_5_IRQHandler	8	static
C:/Users/Mamdouh/Downloads/Cub32WS/TEST/Core/Src/stm32f4xx_it.c:275:6:SPI1_IRQHandler	8	static
C:/Users/Mamdouh/Downloads/Cub32WS/TEST/Core/Src/stm32f4xx_it.c:289:6:UART4_IRQHandler	8	static
C:/Users/Mamdouh/Downloads/Cub32WS/TEST/Core/Src/stm32f4xx_it.c:303:6:OTG_FS_IRQHandler	8	static
C:/Users/Mamdouh/Downloads/Cub32WS/TEST/Core/Src/stm32f4xx_it.c:317:6:FPU_IRQHandler	4	static
